ARM Linker, 5.03 [Build 76] [MDK-ARM Lite]

==============================================================================

Section Cross References

    board.o(i.CC3100_InterruptDisable) refers to gpio.o(i.GPIOIntDisable) for GPIOIntDisable
    board.o(i.CC3100_InterruptEnable) refers to gpio.o(i.GPIOIntEnable) for GPIOIntEnable
    board.o(i.GPIOB_intHandler) refers to gpio.o(i.GPIOIntStatus) for GPIOIntStatus
    board.o(i.GPIOB_intHandler) refers to gpio.o(i.GPIOIntClear) for GPIOIntClear
    board.o(i.GPIOB_intHandler) refers to board.o(.data) for .data
    board.o(i.MaskIntHdlr) refers to board.o(.data) for .data
    board.o(i.UART1_intHandler) refers to uart.o(i.UARTIntStatus) for UARTIntStatus
    board.o(i.UART1_intHandler) refers to uart.o(i.UARTIntClear) for UARTIntClear
    board.o(i.UnMaskIntHdlr) refers to board.o(.data) for .data
    board.o(i.initClk) refers to fpu.o(i.FPUEnable) for FPUEnable
    board.o(i.initClk) refers to fpu.o(i.FPULazyStackingEnable) for FPULazyStackingEnable
    board.o(i.initClk) refers to sysctl.o(i.SysCtlClockSet) for SysCtlClockSet
    board.o(i.registerInterruptHandler) refers to board.o(.data) for .data
    cmdline.o(i.CmdLineProcess) refers to strcmp.o(.text) for strcmp
    cmdline.o(i.CmdLineProcess) refers to cmdline.o(.bss) for .bss
    cmdline.o(i.CmdLineProcess) refers to starter.o(.data) for g_psCmdTable
    device.o(i._SlDrvDeviceEventHandler) refers to device.o(i._sl_HandleAsync_InitComplete) for _sl_HandleAsync_InitComplete
    device.o(i._SlDrvDeviceEventHandler) refers to device.o(i._sl_HandleAsync_Stop) for _sl_HandleAsync_Stop
    device.o(i._sl_HandleAsync_InitComplete) refers to nonos.o(i._SlNonOsSemGet) for _SlNonOsSemGet
    device.o(i._sl_HandleAsync_InitComplete) refers to device.o(i.GetStartResponseConvert) for GetStartResponseConvert
    device.o(i._sl_HandleAsync_InitComplete) refers to nonos.o(i._SlNonOsSemSet) for _SlNonOsSemSet
    device.o(i._sl_HandleAsync_InitComplete) refers to driver.o(i._SlDrvReleasePoolObj) for _SlDrvReleasePoolObj
    device.o(i._sl_HandleAsync_InitComplete) refers to driver.o(.data) for g_pCB
    device.o(i._sl_HandleAsync_Stop) refers to nonos.o(i._SlNonOsSemGet) for _SlNonOsSemGet
    device.o(i._sl_HandleAsync_Stop) refers to nonos.o(i._SlNonOsSemSet) for _SlNonOsSemSet
    device.o(i._sl_HandleAsync_Stop) refers to driver.o(.data) for g_pCB
    device.o(i.sl_DevGet) refers to driver.o(i._SlDrvCmdOp) for _SlDrvCmdOp
    device.o(i.sl_DevGet) refers to device.o(.constdata) for .constdata
    device.o(i.sl_DevSet) refers to driver.o(i._SlDrvCmdOp) for _SlDrvCmdOp
    device.o(i.sl_DevSet) refers to device.o(.constdata) for .constdata
    device.o(i.sl_EventMaskGet) refers to driver.o(i._SlDrvCmdOp) for _SlDrvCmdOp
    device.o(i.sl_EventMaskGet) refers to device.o(.constdata) for .constdata
    device.o(i.sl_EventMaskSet) refers to driver.o(i._SlDrvCmdOp) for _SlDrvCmdOp
    device.o(i.sl_EventMaskSet) refers to device.o(.constdata) for .constdata
    device.o(i.sl_Start) refers to driver.o(i._SlDrvDriverCBInit) for _SlDrvDriverCBInit
    device.o(i.sl_Start) refers to driver.o(i._SlDrvWaitForPoolObj) for _SlDrvWaitForPoolObj
    device.o(i.sl_Start) refers to nonos.o(i._SlNonOsSemGet) for _SlNonOsSemGet
    device.o(i.sl_Start) refers to spi.o(i.spi_Open) for spi_Open
    device.o(i.sl_Start) refers to nonos.o(i._SlNonOsSemSet) for _SlNonOsSemSet
    device.o(i.sl_Start) refers to board.o(i.CC3100_disable) for CC3100_disable
    device.o(i.sl_Start) refers to board.o(i.registerInterruptHandler) for registerInterruptHandler
    device.o(i.sl_Start) refers to board.o(i.CC3100_enable) for CC3100_enable
    device.o(i.sl_Start) refers to driver.o(i._SlDrvReleasePoolObj) for _SlDrvReleasePoolObj
    device.o(i.sl_Start) refers to device.o(i.GetStartResponseConvert) for GetStartResponseConvert
    device.o(i.sl_Start) refers to driver.o(.data) for g_pCB
    device.o(i.sl_Start) refers to driver.o(i._SlDrvRxIrqHandler) for _SlDrvRxIrqHandler
    device.o(i.sl_Stop) refers to driver.o(i._SlDrvWaitForPoolObj) for _SlDrvWaitForPoolObj
    device.o(i.sl_Stop) refers to nonos.o(i._SlNonOsSemGet) for _SlNonOsSemGet
    device.o(i.sl_Stop) refers to board.o(i.registerInterruptHandler) for registerInterruptHandler
    device.o(i.sl_Stop) refers to board.o(i.CC3100_disable) for CC3100_disable
    device.o(i.sl_Stop) refers to spi.o(i.spi_Close) for spi_Close
    device.o(i.sl_Stop) refers to nonos.o(i._SlNonOsSemSet) for _SlNonOsSemSet
    device.o(i.sl_Stop) refers to driver.o(i._SlDrvCmdOp) for _SlDrvCmdOp
    device.o(i.sl_Stop) refers to driver.o(i._SlDrvReleasePoolObj) for _SlDrvReleasePoolObj
    device.o(i.sl_Stop) refers to driver.o(i._SlDrvDriverCBDeinit) for _SlDrvDriverCBDeinit
    device.o(i.sl_Stop) refers to driver.o(.data) for g_pCB
    device.o(i.sl_Stop) refers to device.o(.constdata) for .constdata
    device.o(i.sl_Task) refers to nonos.o(i._SlNonOsMainLoopTask) for _SlNonOsMainLoopTask
[...]
    Removing st7735.o(i.ST7735_SetTextColor), (12 bytes).
    Removing st7735.o(i.ST7735_SwapColor), (16 bytes).
    Removing st7735.o(i.commandList), (82 bytes).
    Removing st7735.o(i.commonInit), (312 bytes).
    Removing st7735.o(i.ferror), (6 bytes).
    Removing st7735.o(i.fgetc), (4 bytes).
    Removing st7735.o(i.fillmessage), (52 bytes).
    Removing st7735.o(.bss), (12 bytes).
    Removing fpu.o(i.FPUDisable), (16 bytes).
    Removing fpu.o(i.FPUFlushToZeroModeSet), (20 bytes).
    Removing fpu.o(i.FPUHalfPrecisionModeSet), (20 bytes).
    Removing fpu.o(i.FPUNaNModeSet), (20 bytes).
    Removing fpu.o(i.FPURoundingModeSet), (20 bytes).
    Removing fpu.o(i.FPUStackingDisable), (16 bytes).
    Removing fpu.o(i.FPUStackingEnable), (20 bytes).
    Removing gpio.o(i.GPIOADCTriggerDisable), (14 bytes).
    Removing gpio.o(i.GPIOADCTriggerEnable), (14 bytes).
    Removing gpio.o(i.GPIODMATriggerDisable), (14 bytes).
    Removing gpio.o(i.GPIODMATriggerEnable), (14 bytes).
    Removing gpio.o(i.GPIODirModeGet), (34 bytes).
    Removing gpio.o(i.GPIOIntRegister), (88 bytes).
    Removing gpio.o(i.GPIOIntTypeGet), (68 bytes).
    Removing gpio.o(i.GPIOIntUnregister), (88 bytes).
    Removing gpio.o(i.GPIOPadConfigGet), (204 bytes).
    Removing gpio.o(i.GPIOPinRead), (6 bytes).
    Removing gpio.o(i.GPIOPinTypeADC), (28 bytes).
    Removing gpio.o(i.GPIOPinTypeCAN), (28 bytes).
    Removing gpio.o(i.GPIOPinTypeCIR), (28 bytes).
    Removing gpio.o(i.GPIOPinTypeComparator), (28 bytes).
    Removing gpio.o(i.GPIOPinTypeEPI), (28 bytes).
    Removing gpio.o(i.GPIOPinTypeEthernetLED), (28 bytes).
    Removing gpio.o(i.GPIOPinTypeEthernetMII), (28 bytes).
    Removing gpio.o(i.GPIOPinTypeGPIOOutput), (28 bytes).
    Removing gpio.o(i.GPIOPinTypeGPIOOutputOD), (28 bytes).
    Removing gpio.o(i.GPIOPinTypeI2C), (28 bytes).
    Removing gpio.o(i.GPIOPinTypeI2CSCL), (28 bytes).
    Removing gpio.o(i.GPIOPinTypeKBColumn), (28 bytes).
    Removing gpio.o(i.GPIOPinTypeKBRow), (28 bytes).
    Removing gpio.o(i.GPIOPinTypeLCD), (28 bytes).
    Removing gpio.o(i.GPIOPinTypeLEDSeq), (28 bytes).
    Removing gpio.o(i.GPIOPinTypeLPC), (28 bytes).
    Removing gpio.o(i.GPIOPinTypePECIRx), (28 bytes).
    Removing gpio.o(i.GPIOPinTypePECITx), (28 bytes).
    Removing gpio.o(i.GPIOPinTypePWM), (28 bytes).
    Removing gpio.o(i.GPIOPinTypeQEI), (28 bytes).
    Removing gpio.o(i.GPIOPinTypeTimer), (28 bytes).
    Removing gpio.o(i.GPIOPinTypeUART), (28 bytes).
    Removing gpio.o(i.GPIOPinTypeUSBAnalog), (28 bytes).
    Removing gpio.o(i.GPIOPinTypeUSBDigital), (28 bytes).
    Removing gpio.o(i.GPIOPinTypeWakeHigh), (30 bytes).
    Removing gpio.o(i.GPIOPinTypeWakeLow), (30 bytes).
    Removing gpio.o(i.GPIOPinWakeStatus), (6 bytes).
    Removing interrupt.o(i.IntDisable), (100 bytes).
    Removing interrupt.o(i.IntIsEnabled), (96 bytes).
    Removing interrupt.o(i.IntMasterDisable), (14 bytes).
    Removing interrupt.o(i.IntPendClear), (68 bytes).
    Removing interrupt.o(i.IntPendSet), (84 bytes).
    Removing interrupt.o(i.IntPriorityGet), (28 bytes).
    Removing interrupt.o(i.IntPriorityGroupingGet), (36 bytes).
    Removing interrupt.o(i.IntPriorityGroupingSet), (28 bytes).
    Removing interrupt.o(i.IntPriorityMaskGet), (4 bytes).
    Removing interrupt.o(i.IntPriorityMaskSet), (4 bytes).
    Removing interrupt.o(i.IntPrioritySet), (40 bytes).
    Removing interrupt.o(i.IntRegister), (52 bytes).
    Removing interrupt.o(i.IntTrigger), (12 bytes).
    Removing interrupt.o(i.IntUnregister), (20 bytes).
    Removing interrupt.o(i._IntDefaultHandler), (2 bytes).
    Removing interrupt.o(vtable), (620 bytes).
    Removing ssi.o(i.SSIAdvDataPutFrameEnd), (20 bytes).
    Removing ssi.o(i.SSIAdvDataPutFrameEndNonBlocking), (26 bytes).
    Removing ssi.o(i.SSIAdvFrameHoldDisable), (10 bytes).
    Removing ssi.o(i.SSIAdvFrameHoldEnable), (10 bytes).
    Removing ssi.o(i.SSIAdvModeSet), (12 bytes).
    Removing ssi.o(i.SSIBusy), (8 bytes).
    Removing ssi.o(i.SSIClockSourceGet), (6 bytes).
    Removing ssi.o(i.SSIClockSourceSet), (6 bytes).
    Removing ssi.o(i.SSIDMADisable), (10 bytes).
    Removing ssi.o(i.SSIDMAEnable), (8 bytes).
    Removing ssi.o(i.SSIDataGet), (14 bytes).
    Removing ssi.o(i.SSIDataPut), (12 bytes).
    Removing ssi.o(i.SSIDisable), (10 bytes).
    Removing ssi.o(i.SSIIntClear), (4 bytes).
    Removing ssi.o(i.SSIIntDisable), (10 bytes).
    Removing ssi.o(i.SSIIntEnable), (8 bytes).
    Removing ssi.o(i.SSIIntRegister), (88 bytes).
    Removing ssi.o(i.SSIIntStatus), (10 bytes).
    Removing ssi.o(i.SSIIntUnregister), (88 bytes).
    Removing ssi.o(.constdata), (64 bytes).
    Removing sysctl.o(i.SysCtlAltClkConfig), (12 bytes).
    Removing sysctl.o(i.SysCtlClockFreqSet), (712 bytes).
    Removing sysctl.o(i.SysCtlClockOutConfig), (16 bytes).
    Removing sysctl.o(i.SysCtlDeepSleep), (32 bytes).
    Removing sysctl.o(i.SysCtlDeepSleepClockConfigSet), (112 bytes).
    Removing sysctl.o(i.SysCtlDeepSleepClockSet), (12 bytes).
    Removing sysctl.o(i.SysCtlDeepSleepPowerSet), (12 bytes).
    Removing sysctl.o(i.SysCtlFlashSectorSizeGet), (56 bytes).
    Removing sysctl.o(i.SysCtlFlashSizeGet), (56 bytes).
    Removing sysctl.o(i.SysCtlGPIOAHBDisable), (28 bytes).
    Removing sysctl.o(i.SysCtlGPIOAHBEnable), (24 bytes).
    Removing sysctl.o(i.SysCtlIntClear), (12 bytes).
    Removing sysctl.o(i.SysCtlIntDisable), (16 bytes).
    Removing sysctl.o(i.SysCtlIntEnable), (16 bytes).
    Removing sysctl.o(i.SysCtlIntRegister), (20 bytes).
    Removing sysctl.o(i.SysCtlIntStatus), (16 bytes).
    Removing sysctl.o(i.SysCtlIntUnregister), (18 bytes).
    Removing sysctl.o(i.SysCtlLDODeepSleepGet), (12 bytes).
    Removing sysctl.o(i.SysCtlLDODeepSleepSet), (12 bytes).
    Removing sysctl.o(i.SysCtlLDOSleepGet), (12 bytes).
    Removing sysctl.o(i.SysCtlLDOSleepSet), (12 bytes).
    Removing sysctl.o(i.SysCtlMOSCConfigSet), (12 bytes).
    Removing sysctl.o(i.SysCtlNMIClear), (16 bytes).
    Removing sysctl.o(i.SysCtlNMIStatus), (12 bytes).
    Removing sysctl.o(i.SysCtlPIOSCCalibrate), (76 bytes).
    Removing sysctl.o(i.SysCtlPWMClockGet), (24 bytes).
    Removing sysctl.o(i.SysCtlPWMClockSet), (20 bytes).
    Removing sysctl.o(i.SysCtlPeripheralClockGating), (68 bytes).
    Removing sysctl.o(i.SysCtlPeripheralDeepSleepDisable), (40 bytes).
    Removing sysctl.o(i.SysCtlPeripheralDeepSleepEnable), (40 bytes).
    Removing sysctl.o(i.SysCtlPeripheralDisable), (40 bytes).
    Removing sysctl.o(i.SysCtlPeripheralPowerOff), (40 bytes).
    Removing sysctl.o(i.SysCtlPeripheralPowerOn), (40 bytes).
    Removing sysctl.o(i.SysCtlPeripheralPresent), (44 bytes).
    Removing sysctl.o(i.SysCtlPeripheralReady), (44 bytes).
    Removing sysctl.o(i.SysCtlPeripheralReset), (60 bytes).
    Removing sysctl.o(i.SysCtlPeripheralSleepDisable), (40 bytes).
    Removing sysctl.o(i.SysCtlPeripheralSleepEnable), (40 bytes).
    Removing sysctl.o(i.SysCtlReset), (16 bytes).
    Removing sysctl.o(i.SysCtlResetBehaviorGet), (12 bytes).
    Removing sysctl.o(i.SysCtlResetBehaviorSet), (12 bytes).
    Removing sysctl.o(i.SysCtlResetCauseClear), (16 bytes).
    Removing sysctl.o(i.SysCtlResetCauseGet), (12 bytes).
    Removing sysctl.o(i.SysCtlSRAMSizeGet), (16 bytes).
    Removing sysctl.o(i.SysCtlSleep), (4 bytes).
    Removing sysctl.o(i.SysCtlSleepPowerSet), (12 bytes).
    Removing sysctl.o(i.SysCtlUSBPLLDisable), (16 bytes).
    Removing sysctl.o(i.SysCtlUSBPLLEnable), (16 bytes).
    Removing sysctl.o(i.SysCtlVoltageEventClear), (16 bytes).
    Removing sysctl.o(i.SysCtlVoltageEventConfig), (12 bytes).
    Removing sysctl.o(i.SysCtlVoltageEventStatus), (12 bytes).
    Removing uart.o(i.UART9BitAddrSend), (38 bytes).
    Removing uart.o(i.UART9BitAddrSet), (10 bytes).
    Removing uart.o(i.UART9BitDisable), (14 bytes).
    Removing uart.o(i.UART9BitEnable), (14 bytes).
    Removing uart.o(i.UARTBreakCtl), (18 bytes).
    Removing uart.o(i.UARTBusy), (8 bytes).
    Removing uart.o(i.UARTCharGet), (12 bytes).
    Removing uart.o(i.UARTCharGetNonBlocking), (16 bytes).
    Removing uart.o(i.UARTCharPut), (12 bytes).
    Removing uart.o(i.UARTCharPutNonBlocking), (16 bytes).
    Removing uart.o(i.UARTCharsAvail), (10 bytes).
    Removing uart.o(i.UARTClockSourceGet), (6 bytes).
    Removing uart.o(i.UARTConfigGetExpClk), (46 bytes).
    Removing uart.o(i.UARTConfigSetExpClk), (110 bytes).
    Removing uart.o(i.UARTDMADisable), (10 bytes).
    Removing uart.o(i.UARTDMAEnable), (8 bytes).
    Removing uart.o(i.UARTDisable), (30 bytes).
    Removing uart.o(i.UARTDisableSIR), (10 bytes).
    Removing uart.o(i.UARTEnable), (20 bytes).
    Removing uart.o(i.UARTEnableSIR), (18 bytes).
    Removing uart.o(i.UARTFIFODisable), (10 bytes).
    Removing uart.o(i.UARTFIFOEnable), (10 bytes).
    Removing uart.o(i.UARTFIFOLevelGet), (16 bytes).
    Removing uart.o(i.UARTFIFOLevelSet), (6 bytes).
    Removing uart.o(i.UARTFlowControlGet), (8 bytes).
    Removing uart.o(i.UARTFlowControlSet), (12 bytes).
    Removing uart.o(i.UARTIntClear), (4 bytes).
    Removing uart.o(i.UARTIntDisable), (10 bytes).
    Removing uart.o(i.UARTIntEnable), (8 bytes).
    Removing uart.o(i.UARTIntRegister), (88 bytes).
    Removing uart.o(i.UARTIntStatus), (10 bytes).
    Removing uart.o(i.UARTIntUnregister), (88 bytes).
    Removing uart.o(i.UARTModemControlClear), (14 bytes).
    Removing uart.o(i.UARTModemControlGet), (8 bytes).
    Removing uart.o(i.UARTModemControlSet), (12 bytes).
    Removing uart.o(i.UARTModemStatusGet), (10 bytes).
    Removing uart.o(i.UARTParityModeGet), (8 bytes).
    Removing uart.o(i.UARTParityModeSet), (12 bytes).
    Removing uart.o(i.UARTRxErrorClear), (6 bytes).
    Removing uart.o(i.UARTRxErrorGet), (8 bytes).
    Removing uart.o(i.UARTSmartCardDisable), (10 bytes).
    Removing uart.o(i.UARTSmartCardEnable), (22 bytes).
    Removing uart.o(i.UARTSpaceAvail), (10 bytes).
    Removing uart.o(i.UARTTxIntModeGet), (8 bytes).
    Removing uart.o(i.UARTTxIntModeSet), (12 bytes).
    Removing uart.o(.constdata), (128 bytes).
    Removing dadd.o(.text), (334 bytes).
    Removing dmul.o(.text), (228 bytes).
    Removing ddiv.o(.text), (222 bytes).
    Removing dfixul.o(.text), (48 bytes).
    Removing cdrcmple.o(.text), (40 bytes).
    Removing depilogue.o(.text), (190 bytes).

318 unused section(s) (total 18919 bytes) removed from the image.

==============================================================================

Image Symbol Table

    Local Symbols

    Symbol Name                              Value     Ov Type        Size  Object(Section)

    RESET                                    0x00000000   Section      648  startup_rvmdk.o(RESET)
    ../clib/microlib/ctype/ctype.c           0x00000000   Number         0  isprint_o.o ABSOLUTE
    ../clib/microlib/ctype/ctype.c           0x00000000   Number         0  islower_o.o ABSOLUTE
    ../clib/microlib/ctype/ctype.c           0x00000000   Number         0  isgraph_o.o ABSOLUTE
    ../clib/microlib/ctype/ctype.c           0x00000000   Number         0  isdigit_o.o ABSOLUTE
    ../clib/microlib/ctype/ctype.c           0x00000000   Number         0  iscntrl_o.o ABSOLUTE
    ../clib/microlib/ctype/ctype.c           0x00000000   Number         0  isblank_o.o ABSOLUTE
    ../clib/microlib/ctype/ctype.c           0x00000000   Number         0  isalpha_o.o ABSOLUTE
    ../clib/microlib/ctype/ctype.c           0x00000000   Number         0  isalnum_o.o ABSOLUTE
    ../clib/microlib/ctype/ctype.c           0x00000000   Number         0  ctype_o.o ABSOLUTE
    ../clib/microlib/ctype/ctype.c           0x00000000   Number         0  isxdigit_o.o ABSOLUTE
    ../clib/microlib/ctype/ctype.c           0x00000000   Number         0  isupper_o.o ABSOLUTE
    ../clib/microlib/ctype/ctype.c           0x00000000   Number         0  isspace_o.o ABSOLUTE
    ../clib/microlib/ctype/ctype.c           0x00000000   Number         0  ispunct_o.o ABSOLUTE
    ../clib/microlib/division.c              0x00000000   Number         0  uldiv.o ABSOLUTE
    ../clib/microlib/division.c              0x00000000   Number         0  uidiv.o ABSOLUTE
    ../clib/microlib/errno.c                 0x00000000   Number         0  errno.o ABSOLUTE
    ../clib/microlib/init/entry.s            0x00000000   Number         0  entry5.o ABSOLUTE
    ../clib/microlib/init/entry.s            0x00000000   Number         0  entry10a.o ABSOLUTE
    ../clib/microlib/init/entry.s            0x00000000   Number         0  entry11b.o ABSOLUTE
    ../clib/microlib/init/entry.s            0x00000000   Number         0  entry10b.o ABSOLUTE
    ../clib/microlib/init/entry.s            0x00000000   Number         0  entry11a.o ABSOLUTE
    ../clib/microlib/init/entry.s            0x00000000   Number         0  entry.o ABSOLUTE
    ../clib/microlib/init/entry.s            0x00000000   Number         0  entry2.o ABSOLUTE
    ../clib/microlib/init/entry.s            0x00000000   Number         0  entry7a.o ABSOLUTE
    ../clib/microlib/init/entry.s            0x00000000   Number         0  entry7b.o ABSOLUTE
    ../clib/microlib/init/entry.s            0x00000000   Number         0  entry8a.o ABSOLUTE
    ../clib/microlib/init/entry.s            0x00000000   Number         0  entry8b.o ABSOLUTE
    ../clib/microlib/init/entry.s            0x00000000   Number         0  entry9a.o ABSOLUTE
    ../clib/microlib/init/entry.s            0x00000000   Number         0  entry9b.o ABSOLUTE
    ../clib/microlib/longlong.c              0x00000000   Number         0  llushr.o ABSOLUTE
    ../clib/microlib/longlong.c              0x00000000   Number         0  llsshr.o ABSOLUTE
    ../clib/microlib/longlong.c              0x00000000   Number         0  llshl.o ABSOLUTE
    ../clib/microlib/printf/printf.c         0x00000000   Number         0  printf1.o ABSOLUTE
    ../clib/microlib/printf/printf.c         0x00000000   Number         0  printf2.o ABSOLUTE
    ../clib/microlib/printf/printf.c         0x00000000   Number         0  printf4.o ABSOLUTE
    ../clib/microlib/printf/printf.c         0x00000000   Number         0  printf7.o ABSOLUTE
    ../clib/microlib/printf/printf.c         0x00000000   Number         0  printf5.o ABSOLUTE
    ../clib/microlib/printf/printf.c         0x00000000   Number         0  printf3.o ABSOLUTE
    ../clib/microlib/printf/printf.c         0x00000000   Number         0  printfa.o ABSOLUTE
    ../clib/microlib/printf/printf.c         0x00000000   Number         0  printf6.o ABSOLUTE
    ../clib/microlib/printf/printf.c         0x00000000   Number         0  printf8.o ABSOLUTE
    ../clib/microlib/printf/printf.c         0x00000000   Number         0  printf0.o ABSOLUTE
    ../clib/microlib/printf/printf.c         0x00000000   Number         0  printfb.o ABSOLUTE
    ../clib/microlib/printf/stubs.s          0x00000000   Number         0  stubs.o ABSOLUTE
    ../clib/microlib/stdio/streams.c         0x00000000   Number         0  stdout.o ABSOLUTE
    ../clib/microlib/string/memcpy.c         0x00000000   Number         0  memcpyb.o ABSOLUTE
    ../clib/microlib/string/memcpy.c         0x00000000   Number         0  memcpya.o ABSOLUTE
    ../clib/microlib/string/memset.c         0x00000000   Number         0  memseta.o ABSOLUTE
    ../clib/microlib/string/strcmp.c         0x00000000   Number         0  strcmp.o ABSOLUTE
    ../clib/microlib/string/strlen.c         0x00000000   Number         0  strlen.o ABSOLUTE
    ../clib/microlib/stubs.s                 0x00000000   Number         0  iusefp.o ABSOLUTE
    ../clib/scanf.c                          0x00000000   Number         0  strtol.o ABSOLUTE
    ../clib/scanf.c                          0x00000000   Number         0  _chval.o ABSOLUTE
    ../clib/scanf.c                          0x00000000   Number         0  _strtoul.o ABSOLUTE
    ../fplib/microlib/fpadd.c                0x00000000   Number         0  dadd.o ABSOLUTE
    ../fplib/microlib/fpdiv.c                0x00000000   Number         0  ddiv.o ABSOLUTE
    ../fplib/microlib/fpepilogue.c           0x00000000   Number         0  depilogue.o ABSOLUTE
    ../fplib/microlib/fpfix.c                0x00000000   Number         0  dfixul.o ABSOLUTE
    ../fplib/microlib/fpmul.c                0x00000000   Number         0  dmul.o ABSOLUTE
    ..\..\..\..\utils\cmdline.c              0x00000000   Number         0  cmdline.o ABSOLUTE
    ..\..\..\..\utils\uartstdio.c            0x00000000   Number         0  uartstdio.o ABSOLUTE
    ..\..\..\..\utils\ustdlib.c              0x00000000   Number         0  ustdlib.o ABSOLUTE
    ..\cc3100\platform\ek-tm4c123gxl\board.c 0x00000000   Number         0  board.o ABSOLUTE
    ..\cc3100\platform\ek-tm4c123gxl\spi.c   0x00000000   Number         0  spi.o ABSOLUTE
    ..\cc3100\platform\ek-tm4c123gxl\uart.c  0x00000000   Number         0  uart.o ABSOLUTE
    ..\cc3100\simplelink\source\device.c     0x00000000   Number         0  device.o ABSOLUTE
    ..\cc3100\simplelink\source\driver.c     0x00000000   Number         0  driver.o ABSOLUTE
    ..\cc3100\simplelink\source\flowcont.c   0x00000000   Number         0  flowcont.o ABSOLUTE
    ..\cc3100\simplelink\source\fs.c         0x00000000   Number         0  fs.o ABSOLUTE
    ..\cc3100\simplelink\source\netapp.c     0x00000000   Number         0  netapp.o ABSOLUTE
    ..\cc3100\simplelink\source\netcfg.c     0x00000000   Number         0  netcfg.o ABSOLUTE
    ..\cc3100\simplelink\source\nonos.c      0x00000000   Number         0  nonos.o ABSOLUTE
    ..\cc3100\simplelink\source\socket.c     0x00000000   Number         0  socket.o ABSOLUTE
    ..\cc3100\simplelink\source\spawn.c      0x00000000   Number         0  spawn.o ABSOLUTE
    ..\cc3100\simplelink\source\wlan.c       0x00000000   Number         0  wlan.o ABSOLUTE
    ADCSWTrigger.c                           0x00000000   Number         0  adcswtrigger.o ABSOLUTE
    LaunchPadSwitches.c                      0x00000000   Number         0  launchpadswitches.o ABSOLUTE
    ST7735.c                                 0x00000000   Number         0  st7735.o ABSOLUTE
    cdrcmple.s                               0x00000000   Number         0  cdrcmple.o ABSOLUTE
    cpu.c                                    0x00000000   Number         0  cpu.o ABSOLUTE
    cpu.c                                    0x00000000   Number         0  cpu.o ABSOLUTE
    dc.s                                     0x00000000   Number         0  dc.o ABSOLUTE
    fpu.c                                    0x00000000   Number         0  fpu.o ABSOLUTE
    gpio.c                                   0x00000000   Number         0  gpio.o ABSOLUTE
    handlers.s                               0x00000000   Number         0  handlers.o ABSOLUTE
    init.s                                   0x00000000   Number         0  init.o ABSOLUTE
    interrupt.c                              0x00000000   Number         0  interrupt.o ABSOLUTE
    ssi.c                                    0x00000000   Number         0  ssi.o ABSOLUTE
    starter.c                                0x00000000   Number         0  starter.o ABSOLUTE
    startup_rvmdk.S                          0x00000000   Number         0  startup_rvmdk.o ABSOLUTE
    sysctl.c                                 0x00000000   Number         0  sysctl.o ABSOLUTE
    sysctl.c                                 0x00000000   Number         0  sysctl.o ABSOLUTE
    uart.c                                   0x00000000   Number         0  uart.o ABSOLUTE
    $v0                                      0x0000026c   Number         0  startup_rvmdk.o(RESET)
    NmiSR                                    0x00000281   Thumb Code     0  startup_rvmdk.o(RESET)
    FaultISR                                 0x00000283   Thumb Code     0  startup_rvmdk.o(RESET)
    IntDefaultHandler                        0x00000285   Thumb Code     0  startup_rvmdk.o(RESET)
    .ARM.Collect$$$$00000000                 0x00000288   Section        0  entry.o(.ARM.Collect$$$$00000000)
    .ARM.Collect$$$$00000001                 0x00000288   Section        4  entry2.o(.ARM.Collect$$$$00000001)
    .ARM.Collect$$$$00000004                 0x0000028c   Section        4  entry5.o(.ARM.Collect$$$$00000004)
    .ARM.Collect$$$$00000008                 0x00000290   Section        0  entry7b.o(.ARM.Collect$$$$00000008)
    .ARM.Collect$$$$0000000A                 0x00000290   Section        0  entry8b.o(.ARM.Collect$$$$0000000A)
    .ARM.Collect$$$$0000000B                 0x00000290   Section        8  entry9a.o(.ARM.Collect$$$$0000000B)
    .ARM.Collect$$$$0000000D                 0x00000298   Section        0  entry10a.o(.ARM.Collect$$$$0000000D)
    .ARM.Collect$$$$0000000F                 0x00000298   Section        0  entry11a.o(.ARM.Collect$$$$0000000F)
    .ARM.Collect$$$$00002712                 0x00000298   Section        4  entry2.o(.ARM.Collect$$$$00002712)
    __lit__00000000                          0x00000298   Data           4  entry2.o(.ARM.Collect$$$$00002712)
    .emb_text                                0x0000029c   Section        6  sysctl.o(.emb_text)
    $v0                                      0x0000029c   Number         0  sysctl.o(.emb_text)
    .emb_text                                0x000002a4   Section       38  cpu.o(.emb_text)
    $v0                                      0x000002a4   Number         0  cpu.o(.emb_text)
    .text                                    0x000002ca   Section        0  memcpya.o(.text)
    .text                                    0x000002ee   Section        0  memseta.o(.text)
    .text                                    0x00000312   Section        0  strlen.o(.text)
    .text                                    0x00000320   Section        0  strcmp.o(.text)
    .text                                    0x0000033c   Section        0  strtol.o(.text)
    .text                                    0x000003ac   Section        0  uldiv.o(.text)
    .text                                    0x00000410   Section        0  ctype_o.o(.text)
    .text                                    0x00000418   Section        0  _strtoul.o(.text)
    .text                                    0x000004b8   Section       36  init.o(.text)
    .text                                    0x000004dc   Section        0  llshl.o(.text)
    .text                                    0x000004fa   Section        0  llushr.o(.text)
    .text                                    0x0000051a   Section        0  _chval.o(.text)
    i.Board_Init                             0x00000538   Section        0  launchpadswitches.o(i.Board_Init)
    i.CC3100_InterruptEnable                 0x0000059c   Section        0  board.o(i.CC3100_InterruptEnable)
    i.CC3100_disable                         0x000005a8   Section        0  board.o(i.CC3100_disable)
    i.CC3100_enable                          0x000005bc   Section        0  board.o(i.CC3100_enable)
    i.CMD_ask                                0x000005d0   Section        0  starter.o(i.CMD_ask)
    i.CMD_debug                              0x0000085c   Section        0  starter.o(i.CMD_debug)
    i.CMD_help                               0x00000974   Section        0  starter.o(i.CMD_help)
    i.CMD_ping                               0x000009ec   Section        0  starter.o(i.CMD_ping)
    i.CMD_server                             0x00000abc   Section        0  starter.o(i.CMD_server)
    i.CMD_who                                0x00000c1c   Section        0  starter.o(i.CMD_who)
    i.CmdLineProcess                         0x00000cd4   Section        0  cmdline.o(i.CmdLineProcess)
    i.ConfigureUART                          0x00000d38   Section        0  starter.o(i.ConfigureUART)
    i.CopyPingResultsToReport                0x00000d94   Section        0  netapp.o(i.CopyPingResultsToReport)
    i.FPUEnable                              0x00000db0   Section        0  fpu.o(i.FPUEnable)
    i.FPULazyStackingEnable                  0x00000dc0   Section        0  fpu.o(i.FPULazyStackingEnable)
    i.GPIOB_intHandler                       0x00000dd0   Section        0  board.o(i.GPIOB_intHandler)
    i.GPIODirModeSet                         0x00000e04   Section        0  gpio.o(i.GPIODirModeSet)
    i.GPIOIntClear                           0x00000e2c   Section        0  gpio.o(i.GPIOIntClear)
    i.GPIOIntDisable                         0x00000e32   Section        0  gpio.o(i.GPIOIntDisable)
    i.GPIOIntEnable                          0x00000e40   Section        0  gpio.o(i.GPIOIntEnable)
    i.GPIOIntStatus                          0x00000e4e   Section        0  gpio.o(i.GPIOIntStatus)
    i.GPIOIntTypeSet                         0x00000e5c   Section        0  gpio.o(i.GPIOIntTypeSet)
    i.GPIOPadConfigSet                       0x00000eac   Section        0  gpio.o(i.GPIOPadConfigSet)
    i.GPIOPinConfigure                       0x00000fe8   Section        0  gpio.o(i.GPIOPinConfigure)
    i.GPIOPinTypeGPIOInput                   0x00001030   Section        0  gpio.o(i.GPIOPinTypeGPIOInput)
    i.GPIOPinTypeSSI                         0x0000104c   Section        0  gpio.o(i.GPIOPinTypeSSI)
    i.GPIOPinWrite                           0x00001068   Section        0  gpio.o(i.GPIOPinWrite)
    i.GetBufferCount                         0x0000106e   Section        0  uartstdio.o(i.GetBufferCount)
    GetBufferCount                           0x0000106f   Thumb Code    18  uartstdio.o(i.GetBufferCount)
    i.GetStartResponseConvert                0x00001080   Section        0  device.o(i.GetStartResponseConvert)
    i.Int2Str                                0x000010c4   Section        0  launchpadswitches.o(i.Int2Str)
    i.IntEnable                              0x000011c0   Section        0  interrupt.o(i.IntEnable)
    i.IntMasterEnable                        0x00001224   Section        0  interrupt.o(i.IntMasterEnable)
    i.IsBufferEmpty                          0x00001232   Section        0  uartstdio.o(i.IsBufferEmpty)
    IsBufferEmpty                            0x00001233   Thumb Code    16  uartstdio.o(i.IsBufferEmpty)
    i.IsBufferFull                           0x00001242   Section        0  uartstdio.o(i.IsBufferFull)
    IsBufferFull                             0x00001243   Thumb Code    26  uartstdio.o(i.IsBufferFull)
    i.LED_Toggle                             0x0000125c   Section        0  launchpadswitches.o(i.LED_Toggle)
    i.SSIConfigSetExpClk                     0x0000126c   Section        0  ssi.o(i.SSIConfigSetExpClk)
    i.SSIDataGetNonBlocking                  0x000012b6   Section        0  ssi.o(i.SSIDataGetNonBlocking)
    i.SSIDataPutNonBlocking                  0x000012ca   Section        0  ssi.o(i.SSIDataPutNonBlocking)
    i.SSIEnable                              0x000012da   Section        0  ssi.o(i.SSIEnable)
    i.ST7735_DrawCharS                       0x000012e4   Section        0  st7735.o(i.ST7735_DrawCharS)
    i.ST7735_DrawPixel                       0x000013a0   Section        0  st7735.o(i.ST7735_DrawPixel)
    i.ST7735_DrawString                      0x000013e0   Section        0  st7735.o(i.ST7735_DrawString)
    i.ST7735_FillRect                        0x00001434   Section        0  st7735.o(i.ST7735_FillRect)
    i.ST7735_OutChar                         0x000014ac   Section        0  st7735.o(i.ST7735_OutChar)
    i.SimpleLinkHttpServerCallback           0x00001550   Section        0  starter.o(i.SimpleLinkHttpServerCallback)
    i.SimpleLinkNetAppEventHandler           0x00001580   Section        0  starter.o(i.SimpleLinkNetAppEventHandler)
    i.SimpleLinkPingReport                   0x00001684   Section        0  starter.o(i.SimpleLinkPingReport)
    SimpleLinkPingReport                     0x00001685   Thumb Code    48  starter.o(i.SimpleLinkPingReport)
    i.SimpleLinkWlanEventHandler             0x000016d4   Section        0  starter.o(i.SimpleLinkWlanEventHandler)
    i.SysCtlClockGet                         0x000017fc   Section        0  sysctl.o(i.SysCtlClockGet)
    i.SysCtlClockSet                         0x00001960   Section        0  sysctl.o(i.SysCtlClockSet)
    i.SysCtlPeripheralEnable                 0x00001a80   Section        0  sysctl.o(i.SysCtlPeripheralEnable)
    i.UARTClockSourceSet                     0x00001aa8   Section        0  uart.o(i.UARTClockSourceSet)
    i.UARTFlushRx                            0x00001ab0   Section        0  uartstdio.o(i.UARTFlushRx)
    i.UARTFlushTx                            0x00001ad8   Section        0  uartstdio.o(i.UARTFlushTx)
    i.UARTPeek                               0x00001b10   Section        0  uartstdio.o(i.UARTPeek)
    i.UARTPrimeTransmit                      0x00001b4c   Section        0  uartstdio.o(i.UARTPrimeTransmit)
    UARTPrimeTransmit                        0x00001b4d   Thumb Code   108  uartstdio.o(i.UARTPrimeTransmit)
    i.UARTStdioConfig                        0x00001bc4   Section        0  uartstdio.o(i.UARTStdioConfig)
    i.UARTStdioIntHandler                    0x00001c5c   Section        0  uartstdio.o(i.UARTStdioIntHandler)
    i.UARTgets                               0x00001d64   Section        0  uartstdio.o(i.UARTgets)
    i.UARTprintf                             0x00001dbc   Section        0  uartstdio.o(i.UARTprintf)
    i.UARTvprintf                            0x00001dd0   Section        0  uartstdio.o(i.UARTvprintf)
    i.UARTwrite                              0x00001f84   Section        0  uartstdio.o(i.UARTwrite)
    i.WlanConnect                            0x00002014   Section        0  starter.o(i.WlanConnect)
    i._SlAsyncEventGenericHandler            0x00002058   Section        0  driver.o(i._SlAsyncEventGenericHandler)
    i._SlDrvBasicCmd                         0x00002338   Section        0  driver.o(i._SlDrvBasicCmd)
    i._SlDrvClassifyRxMsg                    0x00002360   Section        0  driver.o(i._SlDrvClassifyRxMsg)
    i._SlDrvCmdOp                            0x000023e8   Section        0  driver.o(i._SlDrvCmdOp)
    i._SlDrvCmdSend                          0x0000243c   Section        0  driver.o(i._SlDrvCmdSend)
    i._SlDrvDataReadOp                       0x00002458   Section        0  driver.o(i._SlDrvDataReadOp)
    i._SlDrvDataWriteOp                      0x000025a8   Section        0  driver.o(i._SlDrvDataWriteOp)
    i._SlDrvDeviceEventHandler               0x000026bc   Section        0  device.o(i._SlDrvDeviceEventHandler)
    i._SlDrvDriverCBInit                     0x000026d8   Section        0  driver.o(i._SlDrvDriverCBInit)
    i._SlDrvFlowContInit                     0x00002768   Section        0  flowcont.o(i._SlDrvFlowContInit)
    i._SlDrvMsgRead                          0x00002798   Section        0  driver.o(i._SlDrvMsgRead)
    i._SlDrvMsgReadCmdCtx                    0x00002ae4   Section        0  driver.o(i._SlDrvMsgReadCmdCtx)
    i._SlDrvMsgReadSpawnCtx                  0x00002b88   Section        0  driver.o(i._SlDrvMsgReadSpawnCtx)
    i._SlDrvMsgWrite                         0x00002c10   Section        0  driver.o(i._SlDrvMsgWrite)
    i._SlDrvNetAppEventHandler               0x00002d00   Section        0  netapp.o(i._SlDrvNetAppEventHandler)
    i._SlDrvObjInit                          0x00002dc8   Section        0  driver.o(i._SlDrvObjInit)
    i._SlDrvReleasePoolObj                   0x00002e04   Section        0  driver.o(i._SlDrvReleasePoolObj)
    i._SlDrvRxHdrRead                        0x00002ee8   Section        0  driver.o(i._SlDrvRxHdrRead)
    i._SlDrvRxIrqHandler                     0x00003014   Section        0  driver.o(i._SlDrvRxIrqHandler)
    i._SlDrvShiftDWord                       0x00003050   Section        0  driver.o(i._SlDrvShiftDWord)
    i._SlDrvWaitForPoolObj                   0x00003068   Section        0  driver.o(i._SlDrvWaitForPoolObj)
    i._SlFindAndSetActiveObj                 0x0000316c   Section        0  driver.o(i._SlFindAndSetActiveObj)
    i._SlNonOsMainLoopTask                   0x00003200   Section        0  nonos.o(i._SlNonOsMainLoopTask)
    i._SlNonOsSemGet                         0x00003240   Section        0  nonos.o(i._SlNonOsSemGet)
    i._SlNonOsSemSet                         0x00003272   Section        0  nonos.o(i._SlNonOsSemSet)
    i._SlNonOsSpawn                          0x00003278   Section        0  nonos.o(i._SlNonOsSpawn)
    i._SlRemoveFromList                      0x0000329c   Section        0  driver.o(i._SlRemoveFromList)
    i.__0printf$4                            0x000032f4   Section        0  printf4.o(i.__0printf$4)
    i.__0sprintf$4                           0x00003314   Section        0  printf4.o(i.__0sprintf$4)
    i.__aeabi_errno_addr                     0x0000333c   Section        0  errno.o(i.__aeabi_errno_addr)
    i.__scatterload_copy                     0x00003344   Section       14  handlers.o(i.__scatterload_copy)
    i.__scatterload_null                     0x00003352   Section        2  handlers.o(i.__scatterload_null)
    i.__scatterload_zeroinit                 0x00003354   Section       14  handlers.o(i.__scatterload_zeroinit)
    i._printf_core                           0x00003364   Section        0  printf4.o(i._printf_core)
    _printf_core                             0x00003365   Thumb Code   548  printf4.o(i._printf_core)
    i._sl_BuildAddress                       0x0000358c   Section        0  socket.o(i._sl_BuildAddress)
    i._sl_HandleAsync_Accept                 0x000035b4   Section        0  socket.o(i._sl_HandleAsync_Accept)
    i._sl_HandleAsync_Connect                0x00003628   Section        0  socket.o(i._sl_HandleAsync_Connect)
    i._sl_HandleAsync_DnsGetHostByName       0x000036a4   Section        0  netapp.o(i._sl_HandleAsync_DnsGetHostByName)
    i._sl_HandleAsync_DnsGetHostByService    0x00003718   Section        0  netapp.o(i._sl_HandleAsync_DnsGetHostByService)
    i._sl_HandleAsync_InitComplete           0x00003784   Section        0  device.o(i._sl_HandleAsync_InitComplete)
    i._sl_HandleAsync_PingResponse           0x00003808   Section        0  netapp.o(i._sl_HandleAsync_PingResponse)
    i._sl_HandleAsync_Select                 0x00003888   Section        0  socket.o(i._sl_HandleAsync_Select)
    i._sl_HandleAsync_Stop                   0x000038ec   Section        0  device.o(i._sl_HandleAsync_Stop)
    i._sl_TruncatePayloadByProtocol          0x0000394c   Section        0  socket.o(i._sl_TruncatePayloadByProtocol)
    i._sputc                                 0x000039a0   Section        0  printf4.o(i._sputc)
    _sputc                                   0x000039a1   Thumb Code    10  printf4.o(i._sputc)
    i.fputc                                  0x000039aa   Section        0  st7735.o(i.fputc)
    i.initClk                                0x000039b8   Section        0  board.o(i.initClk)
    i.main                                   0x000039d0   Section        0  starter.o(i.main)
    i.pushColor                              0x00003c00   Section        0  st7735.o(i.pushColor)
    pushColor                                0x00003c01   Thumb Code    20  st7735.o(i.pushColor)
    i.registerInterruptHandler               0x00003c14   Section        0  board.o(i.registerInterruptHandler)
    i.setAddrWindow                          0x00003c20   Section        0  st7735.o(i.setAddrWindow)
    setAddrWindow                            0x00003c21   Thumb Code   102  st7735.o(i.setAddrWindow)
    i.sl_Bind                                0x00003c8c   Section        0  socket.o(i.sl_Bind)
    i.sl_Close                               0x00003cec   Section        0  socket.o(i.sl_Close)
    i.sl_Htonl                               0x00003d0c   Section        0  socket.o(i.sl_Htonl)
    i.sl_Htons                               0x00003d34   Section        0  socket.o(i.sl_Htons)
    i.sl_NetAppPingStart                     0x00003d64   Section        0  netapp.o(i.sl_NetAppPingStart)
    i.sl_NetAppSendTokenValue                0x00003e74   Section        0  netapp.o(i.sl_NetAppSendTokenValue)
    i.sl_NetCfgGet                           0x00003ec4   Section        0  netcfg.o(i.sl_NetCfgGet)
    i.sl_RecvFrom                            0x00003f30   Section        0  socket.o(i.sl_RecvFrom)
    i.sl_SendTo                              0x00003fd4   Section        0  socket.o(i.sl_SendTo)
    i.sl_Socket                              0x00004084   Section        0  socket.o(i.sl_Socket)
    i.sl_Start                               0x000040b4   Section        0  device.o(i.sl_Start)
    i.sl_WlanConnect                         0x0000416c   Section        0  wlan.o(i.sl_WlanConnect)
    i.spi_Open                               0x00004310   Section        0  spi.o(i.spi_Open)
    i.spi_Read                               0x00004410   Section        0  spi.o(i.spi_Read)
    i.spi_Write                              0x00004468   Section        0  spi.o(i.spi_Write)
    i.stopWDT                                0x000044bc   Section        0  board.o(i.stopWDT)
    i.writecommand                           0x000044c0   Section        0  st7735.o(i.writecommand)
    writecommand                             0x000044c1   Thumb Code    28  st7735.o(i.writecommand)
    i.writedata                              0x000044e0   Section        0  st7735.o(i.writedata)
    writedata                                0x000044e1   Thumb Code    22  st7735.o(i.writedata)
    .constdata                               0x000044fc   Section       72  driver.o(.constdata)
    .constdata                               0x00004544   Section       40  netapp.o(.constdata)
    .constdata                               0x0000456c   Section        8  netcfg.o(.constdata)
    .constdata                               0x00004574   Section       48  socket.o(.constdata)
    .constdata                               0x000045a4   Section      208  starter.o(.constdata)
    .constdata                               0x00004674   Section       40  uartstdio.o(.constdata)
    g_pcHex                                  0x00004674   Data           4  uartstdio.o(.constdata)
    g_ui32UARTBase                           0x00004678   Data          12  uartstdio.o(.constdata)
    g_ui32UARTInt                            0x00004684   Data          12  uartstdio.o(.constdata)
    g_ui32UARTPeriph                         0x00004690   Data          12  uartstdio.o(.constdata)
    .constdata                               0x0000469c   Section     2018  st7735.o(.constdata)
    Font                                     0x0000469c   Data        1275  st7735.o(.constdata)
    Bcmd                                     0x00004b97   Data         103  st7735.o(.constdata)
    Rcmd1                                    0x00004bfe   Data          59  st7735.o(.constdata)
    Rcmd2green                               0x00004c39   Data          13  st7735.o(.constdata)
    Rcmd2red                                 0x00004c46   Data          13  st7735.o(.constdata)
    Rcmd3                                    0x00004c53   Data          43  st7735.o(.constdata)
    .constdata                               0x00004e80   Section      528  gpio.o(.constdata)
    g_ppui32GPIOIntMapBlizzard               0x00004e80   Data         192  gpio.o(.constdata)
    g_ppui32GPIOIntMapSnowflake              0x00004f40   Data         192  gpio.o(.constdata)
    g_pui32GPIOBaseAddrs                     0x00005000   Data         144  gpio.o(.constdata)
    .constdata                               0x00005090   Section      268  interrupt.o(.constdata)
    g_pui32Priority                          0x00005090   Data          32  interrupt.o(.constdata)
    g_pui32Regs                              0x000050b0   Data         156  interrupt.o(.constdata)
    g_pui32EnRegs                            0x0000514c   Data          20  interrupt.o(.constdata)
    g_pui32Dii16Regs                         0x00005160   Data          20  interrupt.o(.constdata)
    g_pui32PendRegs                          0x00005174   Data          20  interrupt.o(.constdata)
    g_pui32UnpendRegs                        0x00005188   Data          20  interrupt.o(.constdata)
    .constdata                               0x0000519c   Section      452  sysctl.o(.constdata)
    g_pui32VCOFrequencies                    0x0000519c   Data           8  sysctl.o(.constdata)
    g_pui32Xtals                             0x000051a4   Data         108  sysctl.o(.constdata)
    g_pppui32XTALtoVCO                       0x00005210   Data         288  sysctl.o(.constdata)
    g_sXTALtoMEMTIM                          0x00005330   Data          48  sysctl.o(.constdata)
    .constdata                               0x00005360   Section      129  ctype_o.o(.constdata)
    .constdata                               0x000053e4   Section        4  ctype_o.o(.constdata)
    table                                    0x000053e4   Data           4  ctype_o.o(.constdata)
    .conststring                             0x000053e8   Section      292  starter.o(.conststring)
    .conststring                             0x0000550c   Section       17  uartstdio.o(.conststring)
    .data                                    0x20000000   Section        8  board.o(.data)
    .data                                    0x20000008   Section        4  driver.o(.data)
    .data                                    0x2000000c   Section        4  driver.o(.data)
    .data                                    0x20000010   Section       96  starter.o(.data)
    .data                                    0x20000070   Section       28  uartstdio.o(.data)
    bLastWasCR                               0x20000070   Data           1  uartstdio.o(.data)
    g_bDisableEcho                           0x20000071   Data           1  uartstdio.o(.data)
    g_ui32UARTTxWriteIndex                   0x20000074   Data           4  uartstdio.o(.data)
    g_ui32UARTTxReadIndex                    0x20000078   Data           4  uartstdio.o(.data)
    g_ui32UARTRxWriteIndex                   0x2000007c   Data           4  uartstdio.o(.data)
    g_ui32UARTRxReadIndex                    0x20000080   Data           4  uartstdio.o(.data)
    g_ui32Base                               0x20000084   Data           4  uartstdio.o(.data)
    g_ui32PortNum                            0x20000088   Data           4  uartstdio.o(.data)
    .data                                    0x2000008c   Section       44  st7735.o(.data)
    ColStart                                 0x2000008c   Data           1  st7735.o(.data)
    RowStart                                 0x2000008d   Data           1  st7735.o(.data)
    Rotation                                 0x2000008e   Data           1  st7735.o(.data)
    TabColor                                 0x2000008f   Data           1  st7735.o(.data)
    _width                                   0x20000092   Data           2  st7735.o(.data)
    _height                                  0x20000094   Data           2  st7735.o(.data)
    .data                                    0x200000b8   Section        4  stdout.o(.data)
    .data                                    0x200000bc   Section        4  errno.o(.data)
    _errno                                   0x200000bc   Data           4  errno.o(.data)
    .bss                                     0x200000c0   Section       36  cmdline.o(.bss)
    g_ppcArgv                                0x200000c0   Data          36  cmdline.o(.bss)
    .bss                                     0x200000e4   Section      356  driver.o(.bss)
    .bss                                     0x20000248   Section       40  nonos.o(.bss)
    .bss                                     0x20000270   Section      396  starter.o(.bss)
    g_cInput                                 0x2000037c   Data         128  starter.o(.bss)
    .bss                                     0x200003fc   Section     1152  uartstdio.o(.bss)
    g_pcUARTTxBuffer                         0x200003fc   Data        1024  uartstdio.o(.bss)
    g_pcUARTRxBuffer                         0x200007fc   Data         128  uartstdio.o(.bss)
    STACK                                    0x20000880   Section    16384  startup_rvmdk.o(STACK)
    StackMem                                 0x20000880   Data           0  startup_rvmdk.o(STACK)

    Global Symbols

    Symbol Name                              Value     Ov Type        Size  Object(Section)

    BuildAttributes$$THM_ISAv4$E$P$D$K$B$S$7EM$VFPi3$EXTD16$VFPS$VFMA$PE$A:L22UL41UL21$X:L11$S22US41US21$IEEE1$IW$USESV6$~STKCKD$USESV7$~SHL$OTIME$ROPI$EBA8$MICROLIB$REQ8$PRES8$EABIv2 0x00000000   Number         0  anon$$obj.o ABSOLUTE
    __ARM_use_no_argv                        0x00000000   Number         0  starter.o ABSOLUTE
    __Vectors                                0x00000000   Data           0  startup_rvmdk.o(RESET)
    _printf_a                                0x00000000   Number         0  stubs.o ABSOLUTE
    _printf_c                                0x00000000   Number         0  stubs.o ABSOLUTE
    _printf_charcount                        0x00000000   Number         0  stubs.o ABSOLUTE
    _printf_d                                0x00000000   Number         0  stubs.o ABSOLUTE
    _printf_e                                0x00000000   Number         0  stubs.o ABSOLUTE
    _printf_f                                0x00000000   Number         0  stubs.o ABSOLUTE
    _printf_flags                            0x00000000   Number         0  stubs.o ABSOLUTE
    _printf_fp_dec                           0x00000000   Number         0  stubs.o ABSOLUTE
    _printf_fp_hex                           0x00000000   Number         0  stubs.o ABSOLUTE
    _printf_g                                0x00000000   Number         0  stubs.o ABSOLUTE
    _printf_i                                0x00000000   Number         0  stubs.o ABSOLUTE
    _printf_int_dec                          0x00000000   Number         0  stubs.o ABSOLUTE
    _printf_l                                0x00000000   Number         0  stubs.o ABSOLUTE
    _printf_lc                               0x00000000   Number         0  stubs.o ABSOLUTE
    _printf_ll                               0x00000000   Number         0  stubs.o ABSOLUTE
    _printf_lld                              0x00000000   Number         0  stubs.o ABSOLUTE
    _printf_lli                              0x00000000   Number         0  stubs.o ABSOLUTE
    _printf_llo                              0x00000000   Number         0  stubs.o ABSOLUTE
    _printf_llu                              0x00000000   Number         0  stubs.o ABSOLUTE
    _printf_llx                              0x00000000   Number         0  stubs.o ABSOLUTE
    _printf_longlong_dec                     0x00000000   Number         0  stubs.o ABSOLUTE
    _printf_longlong_hex                     0x00000000   Number         0  stubs.o ABSOLUTE
    _printf_longlong_oct                     0x00000000   Number         0  stubs.o ABSOLUTE
    _printf_ls                               0x00000000   Number         0  stubs.o ABSOLUTE
    _printf_mbtowc                           0x00000000   Number         0  stubs.o ABSOLUTE
    _printf_n                                0x00000000   Number         0  stubs.o ABSOLUTE
    _printf_o                                0x00000000   Number         0  stubs.o ABSOLUTE
    _printf_p                                0x00000000   Number         0  stubs.o ABSOLUTE
    _printf_percent                          0x00000000   Number         0  stubs.o ABSOLUTE
    _printf_pre_padding                      0x00000000   Number         0  stubs.o ABSOLUTE
    _printf_return_value                     0x00000000   Number         0  stubs.o ABSOLUTE
    _printf_s                                0x00000000   Number         0  stubs.o ABSOLUTE
    _printf_sizespec                         0x00000000   Number         0  stubs.o ABSOLUTE
    _printf_str                              0x00000000   Number         0  stubs.o ABSOLUTE
    _printf_truncate_signed                  0x00000000   Number         0  stubs.o ABSOLUTE
    _printf_truncate_unsigned                0x00000000   Number         0  stubs.o ABSOLUTE
    _printf_u                                0x00000000   Number         0  stubs.o ABSOLUTE
    _printf_wc                               0x00000000   Number         0  stubs.o ABSOLUTE
    _printf_wctomb                           0x00000000   Number         0  stubs.o ABSOLUTE
    _printf_widthprec                        0x00000000   Number         0  stubs.o ABSOLUTE
    _printf_x                                0x00000000   Number         0  stubs.o ABSOLUTE
    __cpp_initialize__aeabi_                  - Undefined Weak Reference
    __cxa_finalize                            - Undefined Weak Reference
    __decompress                              - Undefined Weak Reference
    _clock_init                               - Undefined Weak Reference
    _microlib_exit                            - Undefined Weak Reference
    Reset_Handler                            0x0000026d   Thumb Code     0  startup_rvmdk.o(RESET)
    __main                                   0x00000289   Thumb Code     0  entry.o(.ARM.Collect$$$$00000000)
    _main_stk                                0x00000289   Thumb Code     0  entry2.o(.ARM.Collect$$$$00000001)
    _main_scatterload                        0x0000028d   Thumb Code     0  entry5.o(.ARM.Collect$$$$00000004)
    __main_after_scatterload                 0x00000291   Thumb Code     0  entry5.o(.ARM.Collect$$$$00000004)
    _main_clock                              0x00000291   Thumb Code     0  entry7b.o(.ARM.Collect$$$$00000008)
    _main_cpp_init                           0x00000291   Thumb Code     0  entry8b.o(.ARM.Collect$$$$0000000A)
    _main_init                               0x00000291   Thumb Code     0  entry9a.o(.ARM.Collect$$$$0000000B)
    __rt_final_cpp                           0x00000299   Thumb Code     0  entry10a.o(.ARM.Collect$$$$0000000D)
    __rt_final_exit                          0x00000299   Thumb Code     0  entry11a.o(.ARM.Collect$$$$0000000F)
    SysCtlDelay                              0x0000029d   Thumb Code     6  sysctl.o(.emb_text)
    CPUcpsid                                 0x000002a5   Thumb Code     8  cpu.o(.emb_text)
    CPUprimask                               0x000002ad   Thumb Code     6  cpu.o(.emb_text)
    CPUcpsie                                 0x000002b3   Thumb Code     8  cpu.o(.emb_text)
    CPUwfi                                   0x000002bb   Thumb Code     4  cpu.o(.emb_text)
    CPUbasepriSet                            0x000002bf   Thumb Code     6  cpu.o(.emb_text)
    CPUbasepriGet                            0x000002c5   Thumb Code     6  cpu.o(.emb_text)
    __aeabi_memcpy                           0x000002cb   Thumb Code    36  memcpya.o(.text)
    __aeabi_memcpy4                          0x000002cb   Thumb Code     0  memcpya.o(.text)
    __aeabi_memcpy8                          0x000002cb   Thumb Code     0  memcpya.o(.text)
    __aeabi_memset                           0x000002ef   Thumb Code    14  memseta.o(.text)
    __aeabi_memset4                          0x000002ef   Thumb Code     0  memseta.o(.text)
    __aeabi_memset8                          0x000002ef   Thumb Code     0  memseta.o(.text)
    __aeabi_memclr                           0x000002fd   Thumb Code     4  memseta.o(.text)
    __aeabi_memclr4                          0x000002fd   Thumb Code     0  memseta.o(.text)
    __aeabi_memclr8                          0x000002fd   Thumb Code     0  memseta.o(.text)
    _memset$wrapper                          0x00000301   Thumb Code    18  memseta.o(.text)
    strlen                                   0x00000313   Thumb Code    14  strlen.o(.text)
    strcmp                                   0x00000321   Thumb Code    28  strcmp.o(.text)
    strtol                                   0x0000033d   Thumb Code   112  strtol.o(.text)
    __aeabi_uldivmod                         0x000003ad   Thumb Code    98  uldiv.o(.text)
    __rt_ctype_table                         0x00000411   Thumb Code     4  ctype_o.o(.text)
    _strtoul                                 0x00000419   Thumb Code   158  _strtoul.o(.text)
    __scatterload                            0x000004b9   Thumb Code    28  init.o(.text)
    __scatterload_rt2                        0x000004b9   Thumb Code     0  init.o(.text)
    __aeabi_llsl                             0x000004dd   Thumb Code    30  llshl.o(.text)
    _ll_shift_l                              0x000004dd   Thumb Code     0  llshl.o(.text)
    __aeabi_llsr                             0x000004fb   Thumb Code    32  llushr.o(.text)
    _ll_ushift_r                             0x000004fb   Thumb Code     0  llushr.o(.text)
    _chval                                   0x0000051b   Thumb Code    28  _chval.o(.text)
    Board_Init                               0x00000539   Thumb Code    78  launchpadswitches.o(i.Board_Init)
    CC3100_InterruptEnable                   0x0000059d   Thumb Code     8  board.o(i.CC3100_InterruptEnable)
    CC3100_disable                           0x000005a9   Thumb Code    16  board.o(i.CC3100_disable)
    CC3100_enable                            0x000005bd   Thumb Code    16  board.o(i.CC3100_enable)
    CMD_ask                                  0x000005d1   Thumb Code   424  starter.o(i.CMD_ask)
    CMD_debug                                0x0000085d   Thumb Code   198  starter.o(i.CMD_debug)
    CMD_help                                 0x00000975   Thumb Code    56  starter.o(i.CMD_help)
    CMD_ping                                 0x000009ed   Thumb Code   126  starter.o(i.CMD_ping)
    CMD_server                               0x00000abd   Thumb Code   180  starter.o(i.CMD_server)
    CMD_who                                  0x00000c1d   Thumb Code    94  starter.o(i.CMD_who)
    CmdLineProcess                           0x00000cd5   Thumb Code    90  cmdline.o(i.CmdLineProcess)
    ConfigureUART                            0x00000d39   Thumb Code    76  starter.o(i.ConfigureUART)
    CopyPingResultsToReport                  0x00000d95   Thumb Code    26  netapp.o(i.CopyPingResultsToReport)
    FPUEnable                                0x00000db1   Thumb Code    12  fpu.o(i.FPUEnable)
    FPULazyStackingEnable                    0x00000dc1   Thumb Code    12  fpu.o(i.FPULazyStackingEnable)
    GPIOB_intHandler                         0x00000dd1   Thumb Code    44  board.o(i.GPIOB_intHandler)
    GPIODirModeSet                           0x00000e05   Thumb Code    40  gpio.o(i.GPIODirModeSet)
    GPIOIntClear                             0x00000e2d   Thumb Code     6  gpio.o(i.GPIOIntClear)
    GPIOIntDisable                           0x00000e33   Thumb Code    14  gpio.o(i.GPIOIntDisable)
    GPIOIntEnable                            0x00000e41   Thumb Code    14  gpio.o(i.GPIOIntEnable)
    GPIOIntStatus                            0x00000e4f   Thumb Code    14  gpio.o(i.GPIOIntStatus)
    GPIOIntTypeSet                           0x00000e5d   Thumb Code    80  gpio.o(i.GPIOIntTypeSet)
    GPIOPadConfigSet                         0x00000ead   Thumb Code   314  gpio.o(i.GPIOPadConfigSet)
    GPIOPinConfigure                         0x00000fe9   Thumb Code    64  gpio.o(i.GPIOPinConfigure)
    GPIOPinTypeGPIOInput                     0x00001031   Thumb Code    28  gpio.o(i.GPIOPinTypeGPIOInput)
    GPIOPinTypeSSI                           0x0000104d   Thumb Code    28  gpio.o(i.GPIOPinTypeSSI)
    GPIOPinWrite                             0x00001069   Thumb Code     6  gpio.o(i.GPIOPinWrite)
    GetStartResponseConvert                  0x00001081   Thumb Code    68  device.o(i.GetStartResponseConvert)
    Int2Str                                  0x000010c5   Thumb Code   248  launchpadswitches.o(i.Int2Str)
    IntEnable                                0x000011c1   Thumb Code    92  interrupt.o(i.IntEnable)
    IntMasterEnable                          0x00001225   Thumb Code    14  interrupt.o(i.IntMasterEnable)
    LED_Toggle                               0x0000125d   Thumb Code    12  launchpadswitches.o(i.LED_Toggle)
    SSIConfigSetExpClk                       0x0000126d   Thumb Code    74  ssi.o(i.SSIConfigSetExpClk)
    SSIDataGetNonBlocking                    0x000012b7   Thumb Code    20  ssi.o(i.SSIDataGetNonBlocking)
    SSIDataPutNonBlocking                    0x000012cb   Thumb Code    16  ssi.o(i.SSIDataPutNonBlocking)
    SSIEnable                                0x000012db   Thumb Code    10  ssi.o(i.SSIEnable)
    ST7735_DrawCharS                         0x000012e5   Thumb Code   178  st7735.o(i.ST7735_DrawCharS)
    ST7735_DrawPixel                         0x000013a1   Thumb Code    58  st7735.o(i.ST7735_DrawPixel)
    ST7735_DrawString                        0x000013e1   Thumb Code    82  st7735.o(i.ST7735_DrawString)
    ST7735_FillRect                          0x00001435   Thumb Code   116  st7735.o(i.ST7735_FillRect)
    ST7735_OutChar                           0x000014ad   Thumb Code   134  st7735.o(i.ST7735_OutChar)
    SimpleLinkHttpServerCallback             0x00001551   Thumb Code     6  starter.o(i.SimpleLinkHttpServerCallback)
    SimpleLinkNetAppEventHandler             0x00001581   Thumb Code    54  starter.o(i.SimpleLinkNetAppEventHandler)
    SimpleLinkWlanEventHandler               0x000016d5   Thumb Code    66  starter.o(i.SimpleLinkWlanEventHandler)
    SysCtlClockGet                           0x000017fd   Thumb Code   314  sysctl.o(i.SysCtlClockGet)
    SysCtlClockSet                           0x00001961   Thumb Code   270  sysctl.o(i.SysCtlClockSet)
    SysCtlPeripheralEnable                   0x00001a81   Thumb Code    36  sysctl.o(i.SysCtlPeripheralEnable)
    UARTClockSourceSet                       0x00001aa9   Thumb Code     6  uart.o(i.UARTClockSourceSet)
    UARTFlushRx                              0x00001ab1   Thumb Code    36  uartstdio.o(i.UARTFlushRx)
    UARTFlushTx                              0x00001ad9   Thumb Code    52  uartstdio.o(i.UARTFlushTx)
    UARTPeek                                 0x00001b11   Thumb Code    52  uartstdio.o(i.UARTPeek)
    UARTStdioConfig                          0x00001bc5   Thumb Code   142  uartstdio.o(i.UARTStdioConfig)
    UARTStdioIntHandler                      0x00001c5d   Thumb Code   248  uartstdio.o(i.UARTStdioIntHandler)
    UARTgets                                 0x00001d65   Thumb Code    78  uartstdio.o(i.UARTgets)
    UARTprintf                               0x00001dbd   Thumb Code    18  uartstdio.o(i.UARTprintf)
    UARTvprintf                              0x00001dd1   Thumb Code   420  uartstdio.o(i.UARTvprintf)
    UARTwrite                                0x00001f85   Thumb Code   134  uartstdio.o(i.UARTwrite)
    WlanConnect                              0x00002015   Thumb Code    50  starter.o(i.WlanConnect)
    _SlAsyncEventGenericHandler              0x00002059   Thumb Code   732  driver.o(i._SlAsyncEventGenericHandler)
    _SlDrvBasicCmd                           0x00002339   Thumb Code    40  driver.o(i._SlDrvBasicCmd)
    _SlDrvClassifyRxMsg                      0x00002361   Thumb Code   114  driver.o(i._SlDrvClassifyRxMsg)
    _SlDrvCmdOp                              0x000023e9   Thumb Code    80  driver.o(i._SlDrvCmdOp)
    _SlDrvCmdSend                            0x0000243d   Thumb Code    24  driver.o(i._SlDrvCmdSend)
    _SlDrvDataReadOp                         0x00002459   Thumb Code   326  driver.o(i._SlDrvDataReadOp)
    _SlDrvDataWriteOp                        0x000025a9   Thumb Code   272  driver.o(i._SlDrvDataWriteOp)
    _SlDrvDeviceEventHandler                 0x000026bd   Thumb Code    26  device.o(i._SlDrvDeviceEventHandler)
    _SlDrvDriverCBInit                       0x000026d9   Thumb Code   134  driver.o(i._SlDrvDriverCBInit)
    _SlDrvFlowContInit                       0x00002769   Thumb Code    42  flowcont.o(i._SlDrvFlowContInit)
    _SlDrvMsgRead                            0x00002799   Thumb Code   834  driver.o(i._SlDrvMsgRead)
    _SlDrvMsgReadCmdCtx                      0x00002ae5   Thumb Code   156  driver.o(i._SlDrvMsgReadCmdCtx)
    _SlDrvMsgReadSpawnCtx                    0x00002b89   Thumb Code   132  driver.o(i._SlDrvMsgReadSpawnCtx)
    _SlDrvMsgWrite                           0x00002c11   Thumb Code   232  driver.o(i._SlDrvMsgWrite)
    _SlDrvNetAppEventHandler                 0x00002d01   Thumb Code   198  netapp.o(i._SlDrvNetAppEventHandler)
    _SlDrvObjInit                            0x00002dc9   Thumb Code    54  driver.o(i._SlDrvObjInit)
    _SlDrvReleasePoolObj                     0x00002e05   Thumb Code   222  driver.o(i._SlDrvReleasePoolObj)
    _SlDrvRxHdrRead                          0x00002ee9   Thumb Code   282  driver.o(i._SlDrvRxHdrRead)
    _SlDrvRxIrqHandler                       0x00003015   Thumb Code    52  driver.o(i._SlDrvRxIrqHandler)
    _SlDrvShiftDWord                         0x00003051   Thumb Code    22  driver.o(i._SlDrvShiftDWord)
    _SlDrvWaitForPoolObj                     0x00003069   Thumb Code   254  driver.o(i._SlDrvWaitForPoolObj)
    _SlFindAndSetActiveObj                   0x0000316d   Thumb Code   138  driver.o(i._SlFindAndSetActiveObj)
    _SlNonOsMainLoopTask                     0x00003201   Thumb Code    54  nonos.o(i._SlNonOsMainLoopTask)
    _SlNonOsSemGet                           0x00003241   Thumb Code    50  nonos.o(i._SlNonOsSemGet)
    _SlNonOsSemSet                           0x00003273   Thumb Code     6  nonos.o(i._SlNonOsSemSet)
    _SlNonOsSpawn                            0x00003279   Thumb Code    30  nonos.o(i._SlNonOsSpawn)
    _SlRemoveFromList                        0x0000329d   Thumb Code    84  driver.o(i._SlRemoveFromList)
    __0printf$4                              0x000032f5   Thumb Code    22  printf4.o(i.__0printf$4)
    __1printf$4                              0x000032f5   Thumb Code     0  printf4.o(i.__0printf$4)
    __2printf                                0x000032f5   Thumb Code     0  printf4.o(i.__0printf$4)
    __0sprintf$4                             0x00003315   Thumb Code    34  printf4.o(i.__0sprintf$4)
    __1sprintf$4                             0x00003315   Thumb Code     0  printf4.o(i.__0sprintf$4)
    __2sprintf                               0x00003315   Thumb Code     0  printf4.o(i.__0sprintf$4)
    __aeabi_errno_addr                       0x0000333d   Thumb Code     4  errno.o(i.__aeabi_errno_addr)
    __rt_errno_addr                          0x0000333d   Thumb Code     0  errno.o(i.__aeabi_errno_addr)
    __scatterload_copy                       0x00003345   Thumb Code    14  handlers.o(i.__scatterload_copy)
    __scatterload_null                       0x00003353   Thumb Code     2  handlers.o(i.__scatterload_null)
    __scatterload_zeroinit                   0x00003355   Thumb Code    14  handlers.o(i.__scatterload_zeroinit)
    _sl_BuildAddress                         0x0000358d   Thumb Code    38  socket.o(i._sl_BuildAddress)
    _sl_HandleAsync_Accept                   0x000035b5   Thumb Code   110  socket.o(i._sl_HandleAsync_Accept)
    _sl_HandleAsync_Connect                  0x00003629   Thumb Code   120  socket.o(i._sl_HandleAsync_Connect)
    _sl_HandleAsync_DnsGetHostByName         0x000036a5   Thumb Code   110  netapp.o(i._sl_HandleAsync_DnsGetHostByName)
    _sl_HandleAsync_DnsGetHostByService      0x00003719   Thumb Code   102  netapp.o(i._sl_HandleAsync_DnsGetHostByService)
    _sl_HandleAsync_InitComplete             0x00003785   Thumb Code   126  device.o(i._sl_HandleAsync_InitComplete)
    _sl_HandleAsync_PingResponse             0x00003809   Thumb Code   120  netapp.o(i._sl_HandleAsync_PingResponse)
    _sl_HandleAsync_Select                   0x00003889   Thumb Code    94  socket.o(i._sl_HandleAsync_Select)
    _sl_HandleAsync_Stop                     0x000038ed   Thumb Code    90  device.o(i._sl_HandleAsync_Stop)
    _sl_TruncatePayloadByProtocol            0x0000394d   Thumb Code    84  socket.o(i._sl_TruncatePayloadByProtocol)
    fputc                                    0x000039ab   Thumb Code    12  st7735.o(i.fputc)
    initClk                                  0x000039b9   Thumb Code    20  board.o(i.initClk)
    main                                     0x000039d1   Thumb Code   216  starter.o(i.main)
    registerInterruptHandler                 0x00003c15   Thumb Code     8  board.o(i.registerInterruptHandler)
    sl_Bind                                  0x00003c8d   Thumb Code    92  socket.o(i.sl_Bind)
    sl_Close                                 0x00003ced   Thumb Code    26  socket.o(i.sl_Close)
    sl_Htonl                                 0x00003d0d   Thumb Code    40  socket.o(i.sl_Htonl)
    sl_Htons                                 0x00003d35   Thumb Code    48  socket.o(i.sl_Htons)
    sl_NetAppPingStart                       0x00003d65   Thumb Code   254  netapp.o(i.sl_NetAppPingStart)
    sl_NetAppSendTokenValue                  0x00003e75   Thumb Code    74  netapp.o(i.sl_NetAppSendTokenValue)
    sl_NetCfgGet                             0x00003ec5   Thumb Code   100  netcfg.o(i.sl_NetCfgGet)
    sl_RecvFrom                              0x00003f31   Thumb Code   158  socket.o(i.sl_RecvFrom)
    sl_SendTo                                0x00003fd5   Thumb Code   174  socket.o(i.sl_SendTo)
    sl_Socket                                0x00004085   Thumb Code    42  socket.o(i.sl_Socket)
    sl_Start                                 0x000040b5   Thumb Code   170  device.o(i.sl_Start)
    sl_WlanConnect                           0x0000416d   Thumb Code   414  wlan.o(i.sl_WlanConnect)
    spi_Open                                 0x00004311   Thumb Code   214  spi.o(i.spi_Open)
    spi_Read                                 0x00004411   Thumb Code    78  spi.o(i.spi_Read)
    spi_Write                                0x00004469   Thumb Code    76  spi.o(i.spi_Write)
    stopWDT                                  0x000044bd   Thumb Code     2  board.o(i.stopWDT)
    g_H2NSyncPattern                         0x000044fc   Data           8  driver.o(.constdata)
    g_H2NCnysPattern                         0x00004504   Data           8  driver.o(.constdata)
    _SlActionLookupTable                     0x0000450c   Data          56  driver.o(.constdata)
    _SlNetAppStartCtrl                       0x00004544   Data           4  netapp.o(.constdata)
    _SlNetAppStopCtrl                        0x00004548   Data           4  netapp.o(.constdata)
    _SlGetServiceListeCtrl                   0x0000454c   Data           4  netapp.o(.constdata)
    _SlRegisterServiceCtrl                   0x00004550   Data           4  netapp.o(.constdata)
    _SlGetHostByServiceCtrl                  0x00004554   Data           4  netapp.o(.constdata)
    _SlGetHostByNameCtrl                     0x00004558   Data           4  netapp.o(.constdata)
    _SlNetAppSetCmdCtrl                      0x0000455c   Data           4  netapp.o(.constdata)
    _SlNetAppSendTokenValueCmdCtrl           0x00004560   Data           4  netapp.o(.constdata)
    _SlNetAppGetCmdCtrl                      0x00004564   Data           4  netapp.o(.constdata)
    _SlNetCfgSetCmdCtrl                      0x0000456c   Data           4  netcfg.o(.constdata)
    _SlNetCfgGetCmdCtrl                      0x00004570   Data           4  netcfg.o(.constdata)
    _SlSockSocketCmdCtrl                     0x00004574   Data           4  socket.o(.constdata)
    _SlSockCloseCmdCtrl                      0x00004578   Data           4  socket.o(.constdata)
    _SlRecvfomCmdCtrl                        0x0000457c   Data           4  socket.o(.constdata)
    _SlSendCmdCtrl                           0x00004580   Data           4  socket.o(.constdata)
    _SlListenCmdCtrl                         0x00004584   Data           4  socket.o(.constdata)
    _SlAcceptCmdCtrl                         0x00004588   Data           4  socket.o(.constdata)
    _SlRecvCmdCtrl                           0x0000458c   Data           4  socket.o(.constdata)
    _SlSetSockOptCmdCtrl                     0x00004590   Data           4  socket.o(.constdata)
    _SlGetSockOptCmdCtrl                     0x00004594   Data           4  socket.o(.constdata)
    _SlSelectCmdCtrl                         0x00004598   Data           4  socket.o(.constdata)
    dBfs                                     0x00004c7e   Data         512  st7735.o(.constdata)
    __ctype_table                            0x00005360   Data         129  ctype_o.o(.constdata)
    Region$$Table$$Base                      0x00005520   Number         0  anon$$obj.o(Region$$Table)
    Region$$Table$$Limit                     0x00005540   Number         0  anon$$obj.o(Region$$Table)
    IntIsMasked                              0x20000000   Data           1  board.o(.data)
    pIrqEventHandler                         0x20000004   Data           4  board.o(.data)
    g_pCB                                    0x20000008   Data           4  driver.o(.data)
    pPingCallBackFunc                        0x2000000c   Data           4  driver.o(.data)
    g_Status                                 0x20000010   Data           1  starter.o(.data)
    IP_ADDR                                  0x20000014   Data           4  starter.o(.data)
    g_PingPacketsRecv                        0x20000018   Data           4  starter.o(.data)
    g_psCmdTable                             0x2000001c   Data          84  starter.o(.data)
    StTextColor                              0x20000090   Data           2  st7735.o(.data)
    StX                                      0x20000098   Data           4  st7735.o(.data)
    StY                                      0x2000009c   Data           4  st7735.o(.data)
    lastj                                    0x200000a0   Data           4  st7735.o(.data)
    Messageindex                             0x200000a4   Data           4  st7735.o(.data)
    Ymax                                     0x200000a8   Data           4  st7735.o(.data)
    Ymin                                     0x200000ac   Data           4  st7735.o(.data)
    X                                        0x200000b0   Data           4  st7735.o(.data)
    Yrange                                   0x200000b4   Data           4  st7735.o(.data)
    __stdout                                 0x200000b8   Data           4  stdout.o(.data)
    g_StatMem                                0x200000e4   Data         356  driver.o(.bss)
    g__SlNonOsCB                             0x20000248   Data          40  nonos.o(.bss)
    uBuf                                     0x20000270   Data          12  starter.o(.bss)
    moreBuf                                  0x2000027c   Data         256  starter.o(.bss)
    __initial_sp                             0x20004880   Data           0  startup_rvmdk.o(STACK)



==============================================================================

Memory Map of the image

  Image Entry point : 0x0000026d

  Load Region LR_IROM (Base: 0x00000000, Size: 0x00005600, Max: 0x00040000, ABSOLUTE)

    Execution Region ER_IROM (Base: 0x00000000, Size: 0x00005540, Max: 0x00040000, ABSOLUTE)

    Base Addr    Size         Type   Attr      Idx    E Section Name        Object

    0x00000000   0x00000288   Code   RO         1000  * RESET               startup_rvmdk.o
    0x00000288   0x00000000   Code   RO         2966  * .ARM.Collect$$$$00000000  mc_w.l(entry.o)
    0x00000288   0x00000004   Code   RO         3242    .ARM.Collect$$$$00000001  mc_w.l(entry2.o)
    0x0000028c   0x00000004   Code   RO         3245    .ARM.Collect$$$$00000004  mc_w.l(entry5.o)
    0x00000290   0x00000000   Code   RO         3247    .ARM.Collect$$$$00000008  mc_w.l(entry7b.o)
    0x00000290   0x00000000   Code   RO         3249    .ARM.Collect$$$$0000000A  mc_w.l(entry8b.o)
    0x00000290   0x00000008   Code   RO         3250    .ARM.Collect$$$$0000000B  mc_w.l(entry9a.o)
    0x00000298   0x00000000   Code   RO         3252    .ARM.Collect$$$$0000000D  mc_w.l(entry10a.o)
    0x00000298   0x00000000   Code   RO         3254    .ARM.Collect$$$$0000000F  mc_w.l(entry11a.o)
    0x00000298   0x00000004   Code   RO         3243    .ARM.Collect$$$$00002712  mc_w.l(entry2.o)
    0x0000029c   0x00000006   Code   RO         2325    .emb_text           driverlib.lib(sysctl.o)
    0x000002a2   0x00000002   PAD
    0x000002a4   0x00000026   Code   RO         2956    .emb_text           driverlib.lib(cpu.o)
    0x000002ca   0x00000024   Code   RO         2969    .text               mc_w.l(memcpya.o)
    0x000002ee   0x00000024   Code   RO         2971    .text               mc_w.l(memseta.o)
    0x00000312   0x0000000e   Code   RO         2973    .text               mc_w.l(strlen.o)
    0x00000320   0x0000001c   Code   RO         2975    .text               mc_w.l(strcmp.o)
    0x0000033c   0x00000070   Code   RO         3240    .text               mc_w.l(strtol.o)
    0x000003ac   0x00000062   Code   RO         3259    .text               mc_w.l(uldiv.o)
    0x0000040e   0x00000002   PAD
    0x00000410   0x00000008   Code   RO         3261    .text               mc_w.l(ctype_o.o)
    0x00000418   0x0000009e   Code   RO         3296    .text               mc_w.l(_strtoul.o)
    0x000004b6   0x00000002   PAD
    0x000004b8   0x00000024   Code   RO         3309    .text               mc_w.l(init.o)
    0x000004dc   0x0000001e   Code   RO         3311    .text               mc_w.l(llshl.o)
    0x000004fa   0x00000020   Code   RO         3313    .text               mc_w.l(llushr.o)
    0x0000051a   0x0000001c   Code   RO         3317    .text               mc_w.l(_chval.o)
    0x00000536   0x00000002   PAD
    0x00000538   0x00000064   Code   RO         1386    i.Board_Init        launchpadswitches.o
    0x0000059c   0x0000000c   Code   RO            2    i.CC3100_InterruptEnable  board.o
    0x000005a8   0x00000014   Code   RO            3    i.CC3100_disable    board.o
    0x000005bc   0x00000014   Code   RO            4    i.CC3100_enable     board.o
    0x000005d0   0x0000028c   Code   RO          876    i.CMD_ask           starter.o
    0x0000085c   0x00000118   Code   RO          877    i.CMD_debug         starter.o
    0x00000974   0x00000078   Code   RO          878    i.CMD_help          starter.o
    0x000009ec   0x000000d0   Code   RO          879    i.CMD_ping          starter.o
    0x00000abc   0x00000160   Code   RO          880    i.CMD_server        starter.o
    0x00000c1c   0x000000b8   Code   RO          881    i.CMD_who           starter.o
    0x00000cd4   0x00000064   Code   RO          162    i.CmdLineProcess    cmdline.o
    0x00000d38   0x0000005c   Code   RO          882    i.ConfigureUART     starter.o
    0x00000d94   0x0000001a   Code   RO          498    i.CopyPingResultsToReport  netapp.o
    0x00000dae   0x00000002   PAD
    0x00000db0   0x00000010   Code   RO         1675    i.FPUEnable         driverlib.lib(fpu.o)
    0x00000dc0   0x00000010   Code   RO         1678    i.FPULazyStackingEnable  driverlib.lib(fpu.o)
    0x00000dd0   0x00000034   Code   RO            6    i.GPIOB_intHandler  board.o
    0x00000e04   0x00000028   Code   RO         1748    i.GPIODirModeSet    driverlib.lib(gpio.o)
    0x00000e2c   0x00000006   Code   RO         1749    i.GPIOIntClear      driverlib.lib(gpio.o)
    0x00000e32   0x0000000e   Code   RO         1750    i.GPIOIntDisable    driverlib.lib(gpio.o)
    0x00000e40   0x0000000e   Code   RO         1751    i.GPIOIntEnable     driverlib.lib(gpio.o)
    0x00000e4e   0x0000000e   Code   RO         1753    i.GPIOIntStatus     driverlib.lib(gpio.o)
    0x00000e5c   0x00000050   Code   RO         1755    i.GPIOIntTypeSet    driverlib.lib(gpio.o)
    0x00000eac   0x0000013a   Code   RO         1758    i.GPIOPadConfigSet  driverlib.lib(gpio.o)
    0x00000fe6   0x00000002   PAD
    0x00000fe8   0x00000048   Code   RO         1759    i.GPIOPinConfigure  driverlib.lib(gpio.o)
    0x00001030   0x0000001c   Code   RO         1768    i.GPIOPinTypeGPIOInput  driverlib.lib(gpio.o)
    0x0000104c   0x0000001c   Code   RO         1782    i.GPIOPinTypeSSI    driverlib.lib(gpio.o)
    0x00001068   0x00000006   Code   RO         1790    i.GPIOPinWrite      driverlib.lib(gpio.o)
    0x0000106e   0x00000012   Code   RO         1008    i.GetBufferCount    uartstdio.o
    0x00001080   0x00000044   Code   RO          186    i.GetStartResponseConvert  device.o
    0x000010c4   0x000000fc   Code   RO         1388    i.Int2Str           launchpadswitches.o
    0x000011c0   0x00000064   Code   RO         2061    i.IntEnable         driverlib.lib(interrupt.o)
    0x00001224   0x0000000e   Code   RO         2064    i.IntMasterEnable   driverlib.lib(interrupt.o)
    0x00001232   0x00000010   Code   RO         1009    i.IsBufferEmpty     uartstdio.o
    0x00001242   0x0000001a   Code   RO         1010    i.IsBufferFull      uartstdio.o
    0x0000125c   0x00000010   Code   RO         1391    i.LED_Toggle        launchpadswitches.o
    0x0000126c   0x0000004a   Code   RO         2181    i.SSIConfigSetExpClk  driverlib.lib(ssi.o)
    0x000012b6   0x00000014   Code   RO         2185    i.SSIDataGetNonBlocking  driverlib.lib(ssi.o)
    0x000012ca   0x00000010   Code   RO         2187    i.SSIDataPutNonBlocking  driverlib.lib(ssi.o)
    0x000012da   0x0000000a   Code   RO         2189    i.SSIEnable         driverlib.lib(ssi.o)
    0x000012e4   0x000000bc   Code   RO         1433    i.ST7735_DrawCharS  st7735.o
    0x000013a0   0x00000040   Code   RO         1436    i.ST7735_DrawPixel  st7735.o
    0x000013e0   0x00000052   Code   RO         1437    i.ST7735_DrawString  st7735.o
    0x00001432   0x00000002   PAD
    0x00001434   0x00000078   Code   RO         1438    i.ST7735_FillRect   st7735.o
    0x000014ac   0x000000a4   Code   RO         1443    i.ST7735_OutChar    st7735.o
    0x00001550   0x00000030   Code   RO          883    i.SimpleLinkHttpServerCallback  starter.o
    0x00001580   0x00000104   Code   RO          884    i.SimpleLinkNetAppEventHandler  starter.o
    0x00001684   0x00000050   Code   RO          885    i.SimpleLinkPingReport  starter.o
    0x000016d4   0x00000128   Code   RO          886    i.SimpleLinkWlanEventHandler  starter.o
    0x000017fc   0x00000164   Code   RO         2328    i.SysCtlClockGet    driverlib.lib(sysctl.o)
    0x00001960   0x00000120   Code   RO         2330    i.SysCtlClockSet    driverlib.lib(sysctl.o)
    0x00001a80   0x00000028   Code   RO         2359    i.SysCtlPeripheralEnable  driverlib.lib(sysctl.o)
    0x00001aa8   0x00000006   Code   RO         2679    i.UARTClockSourceSet  driverlib.lib(uart.o)
    0x00001aae   0x00000002   PAD
    0x00001ab0   0x00000028   Code   RO         1012    i.UARTFlushRx       uartstdio.o
    0x00001ad8   0x00000038   Code   RO         1013    i.UARTFlushTx       uartstdio.o
    0x00001b10   0x0000003c   Code   RO         1014    i.UARTPeek          uartstdio.o
    0x00001b4c   0x00000078   Code   RO         1015    i.UARTPrimeTransmit  uartstdio.o
    0x00001bc4   0x00000098   Code   RO         1017    i.UARTStdioConfig   uartstdio.o
    0x00001c5c   0x00000108   Code   RO         1018    i.UARTStdioIntHandler  uartstdio.o
    0x00001d64   0x00000058   Code   RO         1021    i.UARTgets          uartstdio.o
    0x00001dbc   0x00000012   Code   RO         1022    i.UARTprintf        uartstdio.o
    0x00001dce   0x00000002   PAD
    0x00001dd0   0x000001b4   Code   RO         1023    i.UARTvprintf       uartstdio.o
    0x00001f84   0x00000090   Code   RO         1024    i.UARTwrite         uartstdio.o
    0x00002014   0x00000044   Code   RO          887    i.WlanConnect       starter.o
    0x00002058   0x000002e0   Code   RO          277    i._SlAsyncEventGenericHandler  driver.o
    0x00002338   0x00000028   Code   RO          278    i._SlDrvBasicCmd    driver.o
    0x00002360   0x00000088   Code   RO          279    i._SlDrvClassifyRxMsg  driver.o
    0x000023e8   0x00000054   Code   RO          280    i._SlDrvCmdOp       driver.o
    0x0000243c   0x0000001c   Code   RO          281    i._SlDrvCmdSend     driver.o
    0x00002458   0x00000150   Code   RO          282    i._SlDrvDataReadOp  driver.o
    0x000025a8   0x00000114   Code   RO          283    i._SlDrvDataWriteOp  driver.o
    0x000026bc   0x0000001a   Code   RO          187    i._SlDrvDeviceEventHandler  device.o
    0x000026d6   0x00000002   PAD
    0x000026d8   0x00000090   Code   RO          285    i._SlDrvDriverCBInit  driver.o
    0x00002768   0x00000030   Code   RO          424    i._SlDrvFlowContInit  flowcont.o
    0x00002798   0x0000034c   Code   RO          286    i._SlDrvMsgRead     driver.o
    0x00002ae4   0x000000a4   Code   RO          287    i._SlDrvMsgReadCmdCtx  driver.o
    0x00002b88   0x00000088   Code   RO          288    i._SlDrvMsgReadSpawnCtx  driver.o
    0x00002c10   0x000000f0   Code   RO          289    i._SlDrvMsgWrite    driver.o
    0x00002d00   0x000000c6   Code   RO          499    i._SlDrvNetAppEventHandler  netapp.o
    0x00002dc6   0x00000002   PAD
    0x00002dc8   0x0000003c   Code   RO          291    i._SlDrvObjInit     driver.o
    0x00002e04   0x000000e4   Code   RO          292    i._SlDrvReleasePoolObj  driver.o
    0x00002ee8   0x0000012c   Code   RO          293    i._SlDrvRxHdrRead   driver.o
    0x00003014   0x0000003c   Code   RO          294    i._SlDrvRxIrqHandler  driver.o
    0x00003050   0x00000016   Code   RO          295    i._SlDrvShiftDWord  driver.o
    0x00003066   0x00000002   PAD
    0x00003068   0x00000104   Code   RO          296    i._SlDrvWaitForPoolObj  driver.o
    0x0000316c   0x00000094   Code   RO          297    i._SlFindAndSetActiveObj  driver.o
    0x00003200   0x00000040   Code   RO          636    i._SlNonOsMainLoopTask  nonos.o
    0x00003240   0x00000032   Code   RO          637    i._SlNonOsSemGet    nonos.o
    0x00003272   0x00000006   Code   RO          638    i._SlNonOsSemSet    nonos.o
    0x00003278   0x00000024   Code   RO          639    i._SlNonOsSpawn     nonos.o
    0x0000329c   0x00000058   Code   RO          298    i._SlRemoveFromList  driver.o
    0x000032f4   0x00000020   Code   RO         3090    i.__0printf$4       mc_w.l(printf4.o)
    0x00003314   0x00000028   Code   RO         3092    i.__0sprintf$4      mc_w.l(printf4.o)
    0x0000333c   0x00000008   Code   RO         3289    i.__aeabi_errno_addr  mc_w.l(errno.o)
    0x00003344   0x0000000e   Code   RO         3323    i.__scatterload_copy  mc_w.l(handlers.o)
    0x00003352   0x00000002   Code   RO         3324    i.__scatterload_null  mc_w.l(handlers.o)
    0x00003354   0x0000000e   Code   RO         3325    i.__scatterload_zeroinit  mc_w.l(handlers.o)
    0x00003362   0x00000002   PAD
    0x00003364   0x00000228   Code   RO         3097    i._printf_core      mc_w.l(printf4.o)
    0x0000358c   0x00000026   Code   RO          673    i._sl_BuildAddress  socket.o
    0x000035b2   0x00000002   PAD
    0x000035b4   0x00000074   Code   RO          674    i._sl_HandleAsync_Accept  socket.o
    0x00003628   0x0000007c   Code   RO          675    i._sl_HandleAsync_Connect  socket.o
    0x000036a4   0x00000074   Code   RO          501    i._sl_HandleAsync_DnsGetHostByName  netapp.o
    0x00003718   0x0000006c   Code   RO          502    i._sl_HandleAsync_DnsGetHostByService  netapp.o
    0x00003784   0x00000084   Code   RO          188    i._sl_HandleAsync_InitComplete  device.o
    0x00003808   0x00000080   Code   RO          503    i._sl_HandleAsync_PingResponse  netapp.o
    0x00003888   0x00000064   Code   RO          676    i._sl_HandleAsync_Select  socket.o
    0x000038ec   0x00000060   Code   RO          189    i._sl_HandleAsync_Stop  device.o
    0x0000394c   0x00000054   Code   RO          678    i._sl_TruncatePayloadByProtocol  socket.o
    0x000039a0   0x0000000a   Code   RO         3099    i._sputc            mc_w.l(printf4.o)
    0x000039aa   0x0000000c   Code   RO         1463    i.fputc             st7735.o
    0x000039b6   0x00000002   PAD
    0x000039b8   0x00000018   Code   RO           10    i.initClk           board.o
    0x000039d0   0x00000230   Code   RO          889    i.main              starter.o
    0x00003c00   0x00000014   Code   RO         1464    i.pushColor         st7735.o
    0x00003c14   0x0000000c   Code   RO           11    i.registerInterruptHandler  board.o
    0x00003c20   0x0000006c   Code   RO         1465    i.setAddrWindow     st7735.o
    0x00003c8c   0x00000060   Code   RO          680    i.sl_Bind           socket.o
    0x00003cec   0x00000020   Code   RO          681    i.sl_Close          socket.o
    0x00003d0c   0x00000028   Code   RO          684    i.sl_Htonl          socket.o
    0x00003d34   0x00000030   Code   RO          685    i.sl_Htons          socket.o
    0x00003d64   0x00000110   Code   RO          511    i.sl_NetAppPingStart  netapp.o
    0x00003e74   0x00000050   Code   RO          512    i.sl_NetAppSendTokenValue  netapp.o
    0x00003ec4   0x0000006c   Code   RO          615    i.sl_NetCfgGet      netcfg.o
    0x00003f30   0x000000a4   Code   RO          688    i.sl_RecvFrom       socket.o
    0x00003fd4   0x000000ae   Code   RO          691    i.sl_SendTo         socket.o
    0x00004082   0x00000002   PAD
    0x00004084   0x00000030   Code   RO          693    i.sl_Socket         socket.o
    0x000040b4   0x000000b8   Code   RO          194    i.sl_Start          device.o
    0x0000416c   0x000001a4   Code   RO         1239    i.sl_WlanConnect    wlan.o
    0x00004310   0x00000100   Code   RO          835    i.spi_Open          spi.o
    0x00004410   0x00000058   Code   RO          836    i.spi_Read          spi.o
    0x00004468   0x00000054   Code   RO          837    i.spi_Write         spi.o
    0x000044bc   0x00000002   Code   RO           12    i.stopWDT           board.o
    0x000044be   0x00000002   PAD
    0x000044c0   0x00000020   Code   RO         1466    i.writecommand      st7735.o
    0x000044e0   0x0000001c   Code   RO         1467    i.writedata         st7735.o
    0x000044fc   0x00000048   Data   RO          300    .constdata          driver.o
    0x00004544   0x00000028   Data   RO          516    .constdata          netapp.o
    0x0000456c   0x00000008   Data   RO          617    .constdata          netcfg.o
    0x00004574   0x00000030   Data   RO          694    .constdata          socket.o
    0x000045a4   0x000000d0   Data   RO          892    .constdata          starter.o
    0x00004674   0x00000028   Data   RO         1026    .constdata          uartstdio.o
    0x0000469c   0x000007e2   Data   RO         1469    .constdata          st7735.o
    0x00004e7e   0x00000002   PAD
    0x00004e80   0x00000210   Data   RO         1791    .constdata          driverlib.lib(gpio.o)
    0x00005090   0x0000010c   Data   RO         2077    .constdata          driverlib.lib(interrupt.o)
    0x0000519c   0x000001c4   Data   RO         2380    .constdata          driverlib.lib(sysctl.o)
    0x00005360   0x00000081   Data   RO         3262    .constdata          mc_w.l(ctype_o.o)
    0x000053e1   0x00000003   PAD
    0x000053e4   0x00000004   Data   RO         3263    .constdata          mc_w.l(ctype_o.o)
    0x000053e8   0x00000124   Data   RO          893    .conststring        starter.o
    0x0000550c   0x00000011   Data   RO         1027    .conststring        uartstdio.o
    0x0000551d   0x00000003   PAD
    0x00005520   0x00000020   Data   RO         3321    Region$$Table       anon$$obj.o


    Execution Region RW_IRAM (Base: 0x20000000, Size: 0x00004880, Max: 0x00008000, ABSOLUTE)

    Base Addr    Size         Type   Attr      Idx    E Section Name        Object

    0x20000000   0x00000008   Data   RW           13    .data               board.o
    0x20000008   0x00000004   Data   RW          301    .data               driver.o
    0x2000000c   0x00000004   Data   RW          302    .data               driver.o
    0x20000010   0x00000060   Data   RW          894    .data               starter.o
    0x20000070   0x0000001c   Data   RW         1028    .data               uartstdio.o
    0x2000008c   0x0000002c   Data   RW         1470    .data               st7735.o
    0x200000b8   0x00000004   Data   RW         3256    .data               mc_w.l(stdout.o)
    0x200000bc   0x00000004   Data   RW         3292    .data               mc_w.l(errno.o)
    0x200000c0   0x00000024   Zero   RW          163    .bss                cmdline.o
    0x200000e4   0x00000164   Zero   RW          299    .bss                driver.o
    0x20000248   0x00000028   Zero   RW          640    .bss                nonos.o
    0x20000270   0x0000018c   Zero   RW          890    .bss                starter.o
    0x200003fc   0x00000480   Zero   RW         1025    .bss                uartstdio.o
    0x2000087c   0x00000004   PAD
    0x20000880   0x00004000   Zero   RW          998    STACK               startup_rvmdk.o


==============================================================================

Image component sizes


      Code (inc. data)   RO Data    RW Data    ZI Data      Debug   Object Name

       142         28          0          8          0      41787   board.o
       100         10          0          0         36       4836   cmdline.o
       506         26          0          0          0      38944   device.o
      4330        146         72          8        356      22594   driver.o
        48          6          0          0          0        609   flowcont.o
       368         30          0          0          0       2364   launchpadswitches.o
       928         44         40          0          0       8629   netapp.o
       108          8          8          0          0       1777   netcfg.o
       156         16          0          0         40       3556   nonos.o
      1064         50         48          0          0      10680   socket.o
       428         60          0          0          0       2122   spi.o
       818         66       2018         44          0      10868   st7735.o
      3200       1620        500         96        396      12206   starter.o
       648        622          0          0      16384        288   startup_rvmdk.o
      1438         90         57         28       1152      11349   uartstdio.o
       420          6          0          0          0       2809   wlan.o

    ----------------------------------------------------------------------
     14722       2828       2780        184      18368     175418   Object Totals
         0          0         32          0          0          0   (incl. Generated)
        20          0          5          0          4          0   (incl. Padding)

    ----------------------------------------------------------------------

      Code (inc. data)   RO Data    RW Data    ZI Data      Debug   Library Member Name

        38          0          0          0          0        504   cpu.o
        32          8          0          0          0        780   fpu.o
       616          8        528          0          0       6323   gpio.o
       114          8        268          0          0       1774   interrupt.o
       120          0          0          0          0       2749   ssi.o
       690         64        452          0          0       3951   sysctl.o
         6          0          0          0          0        433   uart.o
        28          0          0          0          0         68   _chval.o
       158          0          0          0          0         92   _strtoul.o
         8          4        133          0          0         68   ctype_o.o
         0          0          0          0          0          0   entry.o
         0          0          0          0          0          0   entry10a.o
         0          0          0          0          0          0   entry11a.o
         8          4          0          0          0          0   entry2.o
         4          0          0          0          0          0   entry5.o
         0          0          0          0          0          0   entry7b.o
         0          0          0          0          0          0   entry8b.o
         8          4          0          0          0          0   entry9a.o
         8          4          0          4          0         68   errno.o
        30          0          0          0          0          0   handlers.o
        36          8          0          0          0         68   init.o
        30          0          0          0          0         68   llshl.o
        32          0          0          0          0         68   llushr.o
        36          0          0          0          0         68   memcpya.o
        36          0          0          0          0        108   memseta.o
       634         20          0          0          0        336   printf4.o
         0          0          0          4          0          0   stdout.o
        28          0          0          0          0         76   strcmp.o
        14          0          0          0          0         68   strlen.o
       112          0          0          0          0         88   strtol.o
        98          0          0          0          0         92   uldiv.o

    ----------------------------------------------------------------------
      2938        132       1384          8          0      17850   Library Totals
        14          0          3          0          0          0   (incl. Padding)

    ----------------------------------------------------------------------

      Code (inc. data)   RO Data    RW Data    ZI Data      Debug   Library Name

      1616         88       1248          0          0      16514   driverlib.lib
      1308         44        133          8          0       1336   mc_w.l

    ----------------------------------------------------------------------
      2938        132       1384          8          0      17850   Library Totals

    ----------------------------------------------------------------------

==============================================================================


      Code (inc. data)   RO Data    RW Data    ZI Data      Debug   

     17660       2960       4164        192      18368     181044   Grand Totals
     17660       2960       4164        192      18368     181044   ELF Image Totals
     17660       2960       4164        192          0          0   ROM Totals

==============================================================================

    Total RO  Size (Code + RO Data)                21824 (  21.31kB)
    Total RW  Size (RW Data + ZI Data)             18560 (  18.13kB)
    Total ROM Size (Code + RO Data + RW Data)      22016 (  21.50kB)

==============================================================================

