<html>
<body>
<pre>
<h1>µVision Build Log</h1>
<h2>Project:</h2>
C:\ti\TivaWare_C_Series-2.1.0.12573\examples\boards\CC31xxxx\ek-tm4c123gxl-boost-cc3100_basic_wifi_UDP\cc31000_starter.uvproj
Project File Date:  04/16/2015

<h2>Output:</h2>
Build target 'cc31000_starter'
compiling starter.c...
..\cc3100\platform\ek-tm4c123gxl\board.h(76): warning:  #1295-D: Deprecated declaration GPIOB_intHandler - give arg types
  void GPIOB_intHandler();
..\cc3100\platform\ek-tm4c123gxl\board.h(89): warning:  #1295-D: Deprecated declaration CC3100_enable - give arg types
  void CC3100_enable();
..\cc3100\platform\ek-tm4c123gxl\board.h(102): warning:  #1295-D: Deprecated declaration CC3100_disable - give arg types
  void CC3100_disable();
..\cc3100\platform\ek-tm4c123gxl\board.h(115): warning:  #1295-D: Deprecated declaration CC3100_InterruptEnable - give arg types
  void CC3100_InterruptEnable();
..\cc3100\platform\ek-tm4c123gxl\board.h(128): warning:  #1295-D: Deprecated declaration CC3100_InterruptDisable - give arg types
  void CC3100_InterruptDisable();
..\cc3100\platform\ek-tm4c123gxl\board.h(141): warning:  #1295-D: Deprecated declaration stopWDT - give arg types
  void stopWDT();
..\cc3100\platform\ek-tm4c123gxl\board.h(154): warning:  #1295-D: Deprecated declaration initClk - give arg types
  void initClk();
..\cc3100\platform\ek-tm4c123gxl\board.h(165): warning:  #1295-D: Deprecated declaration MaskIntHdlr - give arg types
  void MaskIntHdlr();
..\cc3100\platform\ek-tm4c123gxl\board.h(176): warning:  #1295-D: Deprecated declaration UnMaskIntHdlr - give arg types
  void UnMaskIntHdlr();
..\cc3100\platform\ek-tm4c123gxl\board.h(189): warning:  #1295-D: Deprecated declaration UART1_intHandler - give arg types
  void UART1_intHandler();
..\cc3100\simplelink\include\device.h(536): warning:  #1295-D: Deprecated declaration sl_Task - give arg types
  void sl_Task();
starter.c(499): warning:  #940-D: missing return statement at end of non-void function "is_valid_ip"
  }
starter.c(528): warning:  #177-D: variable "data" was declared but never referenced
        uint32_t data;
starter.c(529): warning:  #177-D: variable "count" was declared but never referenced
        uint8_t count = 0;
starter.c(680): warning:  #940-D: missing return statement at end of non-void function "CMD_debug"
  }
starter.c(1089): warning:  #177-D: variable "Status" was declared but never referenced
      int Status = 0;
starter.c(649): warning: C4017W: data may be used before being set
        uint32_t data;
starter.c: 17 warnings, 0 errors
linking...
Program Size: Code=17660 RO-data=4164 RW-data=192 ZI-data=18368  
After Build - User command #1: fromelf --bin --output .\rvmdk\cc31000_starter.bin .\rvmdk\cc31000_starter.axf
".\rvmdk\cc31000_starter.axf" - 0 Error(s), 17 Warning(s).
Load "C:\\ti\\TivaWare_C_Series-2.1.0.12573\\examples\\boards\\CC31xxxx\\ek-tm4c123gxl-boost-cc3100_basic_wifi_UDP\\rvmdk\\cc31000_starter.axf" 
Connecting: Mode=JTAG, Speed=1000000Hz
Erase Done.
Programming Done.
Verify OK.
