ARM Linker, 5.03 [Build 76] [MDK-ARM Lite]

==============================================================================

Section Cross References

    board.o(i.CC3100_InterruptDisable) refers to gpio.o(i.GPIOIntDisable) for GPIOIntDisable
    board.o(i.CC3100_InterruptEnable) refers to gpio.o(i.GPIOIntEnable) for GPIOIntEnable
    board.o(i.GPIOB_intHandler) refers to gpio.o(i.GPIOIntStatus) for GPIOIntStatus
    board.o(i.GPIOB_intHandler) refers to gpio.o(i.GPIOIntClear) for GPIOIntClear
    board.o(i.GPIOB_intHandler) refers to board.o(.data) for .data
    board.o(i.MaskIntHdlr) refers to board.o(.data) for .data
    board.o(i.UART1_intHandler) refers to uart.o(i.UARTIntStatus) for UARTIntStatus
    board.o(i.UART1_intHandler) refers to uart.o(i.UARTIntClear) for UARTIntClear
    board.o(i.UnMaskIntHdlr) refers to board.o(.data) for .data
    board.o(i.initClk) refers to fpu.o(i.FPUEnable) for FPUEnable
    board.o(i.initClk) refers to fpu.o(i.FPULazyStackingEnable) for FPULazyStackingEnable
    board.o(i.initClk) refers to sysctl.o(i.SysCtlClockSet) for SysCtlClockSet
    board.o(i.registerInterruptHandler) refers to board.o(.data) for .data
    cmdline.o(i.CmdLineProcess) refers to strcmp.o(.text) for strcmp
    cmdline.o(i.CmdLineProcess) refers to cmdline.o(.bss) for .bss
    cmdline.o(i.CmdLineProcess) refers to starter.o(.data) for g_psCmdTable
    device.o(i._SlDrvDeviceEventHandler) refers to device.o(i._sl_HandleAsync_InitComplete) for _sl_HandleAsync_InitComplete
    device.o(i._SlDrvDeviceEventHandler) refers to device.o(i._sl_HandleAsync_Stop) for _sl_HandleAsync_Stop
    device.o(i._sl_HandleAsync_InitComplete) refers to nonos.o(i._SlNonOsSemGet) for _SlNonOsSemGet
    device.o(i._sl_HandleAsync_InitComplete) refers to device.o(i.GetStartResponseConvert) for GetStartResponseConvert
    device.o(i._sl_HandleAsync_InitComplete) refers to nonos.o(i._SlNonOsSemSet) for _SlNonOsSemSet
    device.o(i._sl_HandleAsync_InitComplete) refers to driver.o(i._SlDrvReleasePoolObj) for _SlDrvReleasePoolObj
    device.o(i._sl_HandleAsync_InitComplete) refers to driver.o(.data) for g_pCB
    device.o(i._sl_HandleAsync_Stop) refers to nonos.o(i._SlNonOsSemGet) for _SlNonOsSemGet
    device.o(i._sl_HandleAsync_Stop) refers to nonos.o(i._SlNonOsSemSet) for _SlNonOsSemSet
    device.o(i._sl_HandleAsync_Stop) refers to driver.o(.data) for g_pCB
    device.o(i.sl_DevGet) refers to driver.o(i._SlDrvCmdOp) for _SlDrvCmdOp
    device.o(i.sl_DevGet) refers to device.o(.constdata) for .constdata
    device.o(i.sl_DevSet) refers to driver.o(i._SlDrvCmdOp) for _SlDrvCmdOp
    device.o(i.sl_DevSet) refers to device.o(.constdata) for .constdata
    device.o(i.sl_EventMaskGet) refers to driver.o(i._SlDrvCmdOp) for _SlDrvCmdOp
    device.o(i.sl_EventMaskGet) refers to device.o(.constdata) for .constdata
    device.o(i.sl_EventMaskSet) refers to driver.o(i._SlDrvCmdOp) for _SlDrvCmdOp
    device.o(i.sl_EventMaskSet) refers to device.o(.constdata) for .constdata
    device.o(i.sl_Start) refers to driver.o(i._SlDrvDriverCBInit) for _SlDrvDriverCBInit
    device.o(i.sl_Start) refers to driver.o(i._SlDrvWaitForPoolObj) for _SlDrvWaitForPoolObj
    device.o(i.sl_Start) refers to nonos.o(i._SlNonOsSemGet) for _SlNonOsSemGet
    device.o(i.sl_Start) refers to spi.o(i.spi_Open) for spi_Open
    device.o(i.sl_Start) refers to nonos.o(i._SlNonOsSemSet) for _SlNonOsSemSet
    device.o(i.sl_Start) refers to board.o(i.CC3100_disable) for CC3100_disable
    device.o(i.sl_Start) refers to board.o(i.registerInterruptHandler) for registerInterruptHandler
    device.o(i.sl_Start) refers to board.o(i.CC3100_enable) for CC3100_enable
    device.o(i.sl_Start) refers to driver.o(i._SlDrvReleasePoolObj) for _SlDrvReleasePoolObj
    device.o(i.sl_Start) refers to device.o(i.GetStartResponseConvert) for GetStartResponseConvert
    device.o(i.sl_Start) refers to driver.o(.data) for g_pCB
    device.o(i.sl_Start) refers to driver.o(i._SlDrvRxIrqHandler) for _SlDrvRxIrqHandler
    device.o(i.sl_Stop) refers to driver.o(i._SlDrvWaitForPoolObj) for _SlDrvWaitForPoolObj
    device.o(i.sl_Stop) refers to nonos.o(i._SlNonOsSemGet) for _SlNonOsSemGet
    device.o(i.sl_Stop) refers to board.o(i.registerInterruptHandler) for registerInterruptHandler
    device.o(i.sl_Stop) refers to board.o(i.CC3100_disable) for CC3100_disable
    device.o(i.sl_Stop) refers to spi.o(i.spi_Close) for spi_Close
    device.o(i.sl_Stop) refers to nonos.o(i._SlNonOsSemSet) for _SlNonOsSemSet
    device.o(i.sl_Stop) refers to driver.o(i._SlDrvCmdOp) for _SlDrvCmdOp
    device.o(i.sl_Stop) refers to driver.o(i._SlDrvReleasePoolObj) for _SlDrvReleasePoolObj
    device.o(i.sl_Stop) refers to driver.o(i._SlDrvDriverCBDeinit) for _SlDrvDriverCBDeinit
    device.o(i.sl_Stop) refers to driver.o(.data) for g_pCB
    device.o(i.sl_Stop) refers to device.o(.constdata) for .constdata
    device.o(i.sl_Task) refers to nonos.o(i._SlNonOsMainLoopTask) for _SlNonOsMainLoopTask
[...]
    wlan.o(i.sl_WlanRxFilterAdd) refers to driver.o(i._SlDrvCmdOp) for _SlDrvCmdOp
    wlan.o(i.sl_WlanRxFilterAdd) refers to wlan.o(.constdata) for .constdata
    wlan.o(i.sl_WlanRxFilterGet) refers to driver.o(i._SlDrvCmdOp) for _SlDrvCmdOp
    wlan.o(i.sl_WlanRxFilterGet) refers to wlan.o(.constdata) for .constdata
    wlan.o(i.sl_WlanRxFilterSet) refers to driver.o(i._SlDrvCmdOp) for _SlDrvCmdOp
    wlan.o(i.sl_WlanRxFilterSet) refers to wlan.o(.constdata) for .constdata
    wlan.o(i.sl_WlanRxStatGet) refers to memseta.o(.text) for __aeabi_memclr4
    wlan.o(i.sl_WlanRxStatGet) refers to driver.o(i._SlDrvCmdOp) for _SlDrvCmdOp
    wlan.o(i.sl_WlanRxStatGet) refers to wlan.o(.constdata) for .constdata
    wlan.o(i.sl_WlanRxStatStart) refers to driver.o(i._SlDrvBasicCmd) for _SlDrvBasicCmd
    wlan.o(i.sl_WlanRxStatStop) refers to driver.o(i._SlDrvBasicCmd) for _SlDrvBasicCmd
    wlan.o(i.sl_WlanSet) refers to driver.o(i._SlDrvCmdOp) for _SlDrvCmdOp
    wlan.o(i.sl_WlanSet) refers to wlan.o(.constdata) for .constdata
    wlan.o(i.sl_WlanSetMode) refers to driver.o(i._SlDrvCmdOp) for _SlDrvCmdOp
    wlan.o(i.sl_WlanSetMode) refers to wlan.o(.constdata) for .constdata
    wlan.o(i.sl_WlanSmartConfigStart) refers to memcpya.o(.text) for __aeabi_memcpy
    wlan.o(i.sl_WlanSmartConfigStart) refers to driver.o(i._SlDrvCmdOp) for _SlDrvCmdOp
    wlan.o(i.sl_WlanSmartConfigStart) refers to wlan.o(.constdata) for .constdata
    wlan.o(i.sl_WlanSmartConfigStop) refers to driver.o(i._SlDrvBasicCmd) for _SlDrvBasicCmd
    st7735.o(i.Output_Init) refers to st7735.o(i.ST7735_InitR) for ST7735_InitR
    st7735.o(i.Output_Init) refers to st7735.o(i.ST7735_FillScreen) for ST7735_FillScreen
    st7735.o(i.ST7735_DrawBitmap) refers to st7735.o(i.setAddrWindow) for setAddrWindow
    st7735.o(i.ST7735_DrawBitmap) refers to st7735.o(i.writedata) for writedata
    st7735.o(i.ST7735_DrawBitmap) refers to st7735.o(.data) for .data
    st7735.o(i.ST7735_DrawChar) refers to st7735.o(i.setAddrWindow) for setAddrWindow
    st7735.o(i.ST7735_DrawChar) refers to st7735.o(i.pushColor) for pushColor
    st7735.o(i.ST7735_DrawChar) refers to st7735.o(.data) for .data
    st7735.o(i.ST7735_DrawChar) refers to st7735.o(.constdata) for .constdata
    st7735.o(i.ST7735_DrawCharS) refers to st7735.o(i.ST7735_FillRect) for ST7735_FillRect
    st7735.o(i.ST7735_DrawCharS) refers to st7735.o(i.ST7735_DrawPixel) for ST7735_DrawPixel
    st7735.o(i.ST7735_DrawCharS) refers to st7735.o(.data) for .data
    st7735.o(i.ST7735_DrawCharS) refers to st7735.o(.constdata) for .constdata
    st7735.o(i.ST7735_DrawFastHLine) refers to st7735.o(i.setAddrWindow) for setAddrWindow
    st7735.o(i.ST7735_DrawFastHLine) refers to st7735.o(i.writedata) for writedata
    st7735.o(i.ST7735_DrawFastHLine) refers to st7735.o(.data) for .data
    st7735.o(i.ST7735_DrawFastVLine) refers to st7735.o(i.setAddrWindow) for setAddrWindow
    st7735.o(i.ST7735_DrawFastVLine) refers to st7735.o(i.writedata) for writedata
    st7735.o(i.ST7735_DrawFastVLine) refers to st7735.o(.data) for .data
    st7735.o(i.ST7735_DrawPixel) refers to st7735.o(i.setAddrWindow) for setAddrWindow
    st7735.o(i.ST7735_DrawPixel) refers to st7735.o(i.pushColor) for pushColor
    st7735.o(i.ST7735_DrawPixel) refers to st7735.o(.data) for .data
    st7735.o(i.ST7735_DrawString) refers to st7735.o(i.ST7735_DrawCharS) for ST7735_DrawCharS
    st7735.o(i.ST7735_FillRect) refers to st7735.o(i.setAddrWindow) for setAddrWindow
    st7735.o(i.ST7735_FillRect) refers to st7735.o(i.writedata) for writedata
    st7735.o(i.ST7735_FillRect) refers to st7735.o(.data) for .data
    st7735.o(i.ST7735_FillScreen) refers to st7735.o(i.ST7735_FillRect) for ST7735_FillRect
    st7735.o(i.ST7735_FillScreen) refers to st7735.o(.data) for .data
    st7735.o(i.ST7735_InitB) refers to st7735.o(i.commonInit) for commonInit
    st7735.o(i.ST7735_InitB) refers to st7735.o(i.ST7735_SetCursor) for ST7735_SetCursor
    st7735.o(i.ST7735_InitB) refers to st7735.o(i.ST7735_FillScreen) for ST7735_FillScreen
    st7735.o(i.ST7735_InitB) refers to st7735.o(.constdata) for .constdata
    st7735.o(i.ST7735_InitB) refers to st7735.o(.data) for .data
    st7735.o(i.ST7735_InitR) refers to st7735.o(i.commonInit) for commonInit
    st7735.o(i.ST7735_InitR) refers to st7735.o(i.commandList) for commandList
    st7735.o(i.ST7735_InitR) refers to st7735.o(i.writecommand) for writecommand
    st7735.o(i.ST7735_InitR) refers to st7735.o(i.writedata) for writedata
    st7735.o(i.ST7735_InitR) refers to st7735.o(i.ST7735_SetCursor) for ST7735_SetCursor
    st7735.o(i.ST7735_InitR) refers to st7735.o(i.ST7735_FillScreen) for ST7735_FillScreen
    st7735.o(i.ST7735_InitR) refers to st7735.o(.constdata) for .constdata
    st7735.o(i.ST7735_InitR) refers to st7735.o(.data) for .data
    st7735.o(i.ST7735_InvertDisplay) refers to st7735.o(i.writecommand) for writecommand
    st7735.o(i.ST7735_OutChar) refers to st7735.o(i.ST7735_DrawCharS) for ST7735_DrawCharS
    st7735.o(i.ST7735_OutChar) refers to st7735.o(i.ST7735_DrawString) for ST7735_DrawString
    st7735.o(i.ST7735_OutChar) refers to st7735.o(.data) for .data
    st7735.o(i.ST7735_OutString) refers to st7735.o(i.ST7735_OutChar) for ST7735_OutChar
    st7735.o(i.ST7735_OutUDec) refers to st7735.o(i.fillmessage) for fillmessage
    st7735.o(i.ST7735_OutUDec) refers to st7735.o(i.ST7735_DrawString) for ST7735_DrawString
    st7735.o(i.ST7735_OutUDec) refers to st7735.o(i.ST7735_DrawCharS) for ST7735_DrawCharS
    st7735.o(i.ST7735_OutUDec) refers to st7735.o(.data) for .data
    st7735.o(i.ST7735_OutUDec) refers to st7735.o(.bss) for .bss
    st7735.o(i.ST7735_PlotBar) refers to st7735.o(i.ST7735_DrawFastVLine) for ST7735_DrawFastVLine
    st7735.o(i.ST7735_PlotBar) refers to st7735.o(.data) for .data
    st7735.o(i.ST7735_PlotClear) refers to st7735.o(i.ST7735_Color565) for ST7735_Color565
    st7735.o(i.ST7735_PlotClear) refers to st7735.o(i.ST7735_FillRect) for ST7735_FillRect
    st7735.o(i.ST7735_PlotClear) refers to st7735.o(.data) for .data
    st7735.o(i.ST7735_PlotLine) refers to st7735.o(i.ST7735_DrawPixel) for ST7735_DrawPixel
    st7735.o(i.ST7735_PlotLine) refers to st7735.o(.data) for .data
    st7735.o(i.ST7735_PlotNext) refers to st7735.o(.data) for .data
    st7735.o(i.ST7735_PlotNextErase) refers to st7735.o(i.ST7735_Color565) for ST7735_Color565
    st7735.o(i.ST7735_PlotNextErase) refers to st7735.o(i.ST7735_DrawFastVLine) for ST7735_DrawFastVLine
    st7735.o(i.ST7735_PlotNextErase) refers to st7735.o(.data) for .data
    st7735.o(i.ST7735_PlotPoint) refers to st7735.o(i.ST7735_DrawPixel) for ST7735_DrawPixel
    st7735.o(i.ST7735_PlotPoint) refers to st7735.o(.data) for .data
    st7735.o(i.ST7735_PlotPoints) refers to st7735.o(i.ST7735_DrawPixel) for ST7735_DrawPixel
    st7735.o(i.ST7735_PlotPoints) refers to st7735.o(.data) for .data
    st7735.o(i.ST7735_PlotdBfs) refers to st7735.o(i.ST7735_DrawFastVLine) for ST7735_DrawFastVLine
    st7735.o(i.ST7735_PlotdBfs) refers to st7735.o(.constdata) for .constdata
    st7735.o(i.ST7735_PlotdBfs) refers to st7735.o(.data) for .data
    st7735.o(i.ST7735_SetCursor) refers to st7735.o(.data) for .data
    st7735.o(i.ST7735_SetRotation) refers to st7735.o(i.writecommand) for writecommand
    st7735.o(i.ST7735_SetRotation) refers to st7735.o(i.writedata) for writedata
    st7735.o(i.ST7735_SetRotation) refers to st7735.o(.data) for .data
    st7735.o(i.ST7735_SetTextColor) refers to st7735.o(.data) for .data
    st7735.o(i.commandList) refers to st7735.o(i.writecommand) for writecommand
    st7735.o(i.commandList) refers to st7735.o(i.writedata) for writedata
    st7735.o(i.commandList) refers to st7735.o(i.Delay1ms) for Delay1ms
    st7735.o(i.commonInit) refers to st7735.o(i.Delay1ms) for Delay1ms
    st7735.o(i.commonInit) refers to st7735.o(i.commandList) for commandList
    st7735.o(i.commonInit) refers to st7735.o(.data) for .data
    st7735.o(i.fillmessage) refers to st7735.o(.bss) for .bss
    st7735.o(i.fillmessage) refers to st7735.o(.data) for .data
    st7735.o(i.fputc) refers to st7735.o(i.ST7735_OutChar) for ST7735_OutChar
    st7735.o(i.pushColor) refers to st7735.o(i.writedata) for writedata
    st7735.o(i.setAddrWindow) refers to st7735.o(i.writecommand) for writecommand
    st7735.o(i.setAddrWindow) refers to st7735.o(i.writedata) for writedata
    st7735.o(i.setAddrWindow) refers to st7735.o(.data) for .data
    gpio.o(i.GPIOIntRegister) refers to interrupt.o(i.IntRegister) for IntRegister
    gpio.o(i.GPIOIntRegister) refers to interrupt.o(i.IntEnable) for IntEnable
    gpio.o(i.GPIOIntRegister) refers to gpio.o(.constdata) for .constdata
    gpio.o(i.GPIOIntUnregister) refers to interrupt.o(i.IntDisable) for IntDisable
    gpio.o(i.GPIOIntUnregister) refers to interrupt.o(i.IntUnregister) for IntUnregister
    gpio.o(i.GPIOIntUnregister) refers to gpio.o(.constdata) for .constdata
    gpio.o(i.GPIOPinConfigure) refers to gpio.o(.constdata) for .constdata
    gpio.o(i.GPIOPinTypeADC) refers to gpio.o(i.GPIODirModeSet) for GPIODirModeSet
    gpio.o(i.GPIOPinTypeADC) refers to gpio.o(i.GPIOPadConfigSet) for GPIOPadConfigSet
    gpio.o(i.GPIOPinTypeCAN) refers to gpio.o(i.GPIODirModeSet) for GPIODirModeSet
    gpio.o(i.GPIOPinTypeCAN) refers to gpio.o(i.GPIOPadConfigSet) for GPIOPadConfigSet
    gpio.o(i.GPIOPinTypeCIR) refers to gpio.o(i.GPIODirModeSet) for GPIODirModeSet
    gpio.o(i.GPIOPinTypeCIR) refers to gpio.o(i.GPIOPadConfigSet) for GPIOPadConfigSet
    gpio.o(i.GPIOPinTypeComparator) refers to gpio.o(i.GPIODirModeSet) for GPIODirModeSet
    gpio.o(i.GPIOPinTypeComparator) refers to gpio.o(i.GPIOPadConfigSet) for GPIOPadConfigSet
    gpio.o(i.GPIOPinTypeEPI) refers to gpio.o(i.GPIODirModeSet) for GPIODirModeSet
    gpio.o(i.GPIOPinTypeEPI) refers to gpio.o(i.GPIOPadConfigSet) for GPIOPadConfigSet
    gpio.o(i.GPIOPinTypeEthernetLED) refers to gpio.o(i.GPIODirModeSet) for GPIODirModeSet
    gpio.o(i.GPIOPinTypeEthernetLED) refers to gpio.o(i.GPIOPadConfigSet) for GPIOPadConfigSet
    gpio.o(i.GPIOPinTypeEthernetMII) refers to gpio.o(i.GPIODirModeSet) for GPIODirModeSet
    gpio.o(i.GPIOPinTypeEthernetMII) refers to gpio.o(i.GPIOPadConfigSet) for GPIOPadConfigSet
    gpio.o(i.GPIOPinTypeGPIOInput) refers to gpio.o(i.GPIODirModeSet) for GPIODirModeSet
    gpio.o(i.GPIOPinTypeGPIOInput) refers to gpio.o(i.GPIOPadConfigSet) for GPIOPadConfigSet
    gpio.o(i.GPIOPinTypeGPIOOutput) refers to gpio.o(i.GPIOPadConfigSet) for GPIOPadConfigSet
    gpio.o(i.GPIOPinTypeGPIOOutput) refers to gpio.o(i.GPIODirModeSet) for GPIODirModeSet
    gpio.o(i.GPIOPinTypeGPIOOutputOD) refers to gpio.o(i.GPIOPadConfigSet) for GPIOPadConfigSet
    gpio.o(i.GPIOPinTypeGPIOOutputOD) refers to gpio.o(i.GPIODirModeSet) for GPIODirModeSet
    gpio.o(i.GPIOPinTypeI2C) refers to gpio.o(i.GPIODirModeSet) for GPIODirModeSet
    gpio.o(i.GPIOPinTypeI2C) refers to gpio.o(i.GPIOPadConfigSet) for GPIOPadConfigSet
    gpio.o(i.GPIOPinTypeI2CSCL) refers to gpio.o(i.GPIODirModeSet) for GPIODirModeSet
    gpio.o(i.GPIOPinTypeI2CSCL) refers to gpio.o(i.GPIOPadConfigSet) for GPIOPadConfigSet
    gpio.o(i.GPIOPinTypeKBColumn) refers to gpio.o(i.GPIODirModeSet) for GPIODirModeSet
    gpio.o(i.GPIOPinTypeKBColumn) refers to gpio.o(i.GPIOPadConfigSet) for GPIOPadConfigSet
    gpio.o(i.GPIOPinTypeKBRow) refers to gpio.o(i.GPIODirModeSet) for GPIODirModeSet
    gpio.o(i.GPIOPinTypeKBRow) refers to gpio.o(i.GPIOPadConfigSet) for GPIOPadConfigSet
    gpio.o(i.GPIOPinTypeLCD) refers to gpio.o(i.GPIODirModeSet) for GPIODirModeSet
    gpio.o(i.GPIOPinTypeLCD) refers to gpio.o(i.GPIOPadConfigSet) for GPIOPadConfigSet
    gpio.o(i.GPIOPinTypeLEDSeq) refers to gpio.o(i.GPIODirModeSet) for GPIODirModeSet
    gpio.o(i.GPIOPinTypeLEDSeq) refers to gpio.o(i.GPIOPadConfigSet) for GPIOPadConfigSet
    gpio.o(i.GPIOPinTypeLPC) refers to gpio.o(i.GPIODirModeSet) for GPIODirModeSet
    gpio.o(i.GPIOPinTypeLPC) refers to gpio.o(i.GPIOPadConfigSet) for GPIOPadConfigSet
    gpio.o(i.GPIOPinTypePECIRx) refers to gpio.o(i.GPIODirModeSet) for GPIODirModeSet
    gpio.o(i.GPIOPinTypePECIRx) refers to gpio.o(i.GPIOPadConfigSet) for GPIOPadConfigSet
    gpio.o(i.GPIOPinTypePECITx) refers to gpio.o(i.GPIODirModeSet) for GPIODirModeSet
    gpio.o(i.GPIOPinTypePECITx) refers to gpio.o(i.GPIOPadConfigSet) for GPIOPadConfigSet
    gpio.o(i.GPIOPinTypePWM) refers to gpio.o(i.GPIODirModeSet) for GPIODirModeSet
    gpio.o(i.GPIOPinTypePWM) refers to gpio.o(i.GPIOPadConfigSet) for GPIOPadConfigSet
    gpio.o(i.GPIOPinTypeQEI) refers to gpio.o(i.GPIODirModeSet) for GPIODirModeSet
    gpio.o(i.GPIOPinTypeQEI) refers to gpio.o(i.GPIOPadConfigSet) for GPIOPadConfigSet
    gpio.o(i.GPIOPinTypeSSI) refers to gpio.o(i.GPIODirModeSet) for GPIODirModeSet
    gpio.o(i.GPIOPinTypeSSI) refers to gpio.o(i.GPIOPadConfigSet) for GPIOPadConfigSet
    gpio.o(i.GPIOPinTypeTimer) refers to gpio.o(i.GPIODirModeSet) for GPIODirModeSet
    gpio.o(i.GPIOPinTypeTimer) refers to gpio.o(i.GPIOPadConfigSet) for GPIOPadConfigSet
    gpio.o(i.GPIOPinTypeUART) refers to gpio.o(i.GPIODirModeSet) for GPIODirModeSet
    gpio.o(i.GPIOPinTypeUART) refers to gpio.o(i.GPIOPadConfigSet) for GPIOPadConfigSet
    gpio.o(i.GPIOPinTypeUSBAnalog) refers to gpio.o(i.GPIODirModeSet) for GPIODirModeSet
    gpio.o(i.GPIOPinTypeUSBAnalog) refers to gpio.o(i.GPIOPadConfigSet) for GPIOPadConfigSet
    gpio.o(i.GPIOPinTypeUSBDigital) refers to gpio.o(i.GPIODirModeSet) for GPIODirModeSet
    gpio.o(i.GPIOPinTypeUSBDigital) refers to gpio.o(i.GPIOPadConfigSet) for GPIOPadConfigSet
    gpio.o(i.GPIOPinTypeWakeHigh) refers to gpio.o(i.GPIODirModeSet) for GPIODirModeSet
    gpio.o(i.GPIOPinTypeWakeHigh) refers to gpio.o(i.GPIOPadConfigSet) for GPIOPadConfigSet
    gpio.o(i.GPIOPinTypeWakeLow) refers to gpio.o(i.GPIODirModeSet) for GPIODirModeSet
    gpio.o(i.GPIOPinTypeWakeLow) refers to gpio.o(i.GPIOPadConfigSet) for GPIOPadConfigSet
    interrupt.o(i.IntDisable) refers to interrupt.o(.constdata) for .constdata
    interrupt.o(i.IntEnable) refers to interrupt.o(.constdata) for .constdata
    interrupt.o(i.IntIsEnabled) refers to interrupt.o(.constdata) for .constdata
    interrupt.o(i.IntMasterDisable) refers to cpu.o(.emb_text) for CPUcpsid
    interrupt.o(i.IntMasterEnable) refers to cpu.o(.emb_text) for CPUcpsie
    interrupt.o(i.IntPendClear) refers to interrupt.o(.constdata) for .constdata
    interrupt.o(i.IntPendSet) refers to interrupt.o(.constdata) for .constdata
    interrupt.o(i.IntPriorityGet) refers to interrupt.o(.constdata) for .constdata
    interrupt.o(i.IntPriorityGroupingGet) refers to interrupt.o(.constdata) for .constdata
    interrupt.o(i.IntPriorityGroupingSet) refers to interrupt.o(.constdata) for .constdata
    interrupt.o(i.IntPriorityMaskGet) refers to cpu.o(.emb_text) for CPUbasepriGet
    interrupt.o(i.IntPriorityMaskSet) refers to cpu.o(.emb_text) for CPUbasepriSet
    interrupt.o(i.IntPrioritySet) refers to interrupt.o(.constdata) for .constdata
    interrupt.o(i.IntRegister) refers to interrupt.o(vtable) for vtable
    interrupt.o(i.IntUnregister) refers to interrupt.o(i._IntDefaultHandler) for _IntDefaultHandler
    interrupt.o(i.IntUnregister) refers to interrupt.o(vtable) for vtable
    ssi.o(i.SSIIntRegister) refers to interrupt.o(i.IntRegister) for IntRegister
    ssi.o(i.SSIIntRegister) refers to interrupt.o(i.IntEnable) for IntEnable
    ssi.o(i.SSIIntRegister) refers to ssi.o(.constdata) for .constdata
    ssi.o(i.SSIIntUnregister) refers to interrupt.o(i.IntDisable) for IntDisable
    ssi.o(i.SSIIntUnregister) refers to interrupt.o(i.IntUnregister) for IntUnregister
    ssi.o(i.SSIIntUnregister) refers to ssi.o(.constdata) for .constdata
    sysctl.o(i.SysCtlClockFreqSet) refers to sysctl.o(.constdata) for .constdata
    sysctl.o(i.SysCtlClockGet) refers to sysctl.o(.constdata) for .constdata
    sysctl.o(i.SysCtlClockSet) refers to sysctl.o(.emb_text) for SysCtlDelay
    sysctl.o(i.SysCtlDeepSleep) refers to cpu.o(.emb_text) for CPUwfi
    sysctl.o(i.SysCtlIntRegister) refers to interrupt.o(i.IntRegister) for IntRegister
    sysctl.o(i.SysCtlIntRegister) refers to interrupt.o(i.IntEnable) for IntEnable
    sysctl.o(i.SysCtlIntUnregister) refers to interrupt.o(i.IntDisable) for IntDisable
    sysctl.o(i.SysCtlIntUnregister) refers to interrupt.o(i.IntUnregister) for IntUnregister
    sysctl.o(i.SysCtlSleep) refers to cpu.o(.emb_text) for CPUwfi
    uart.o(i.UARTIntRegister) refers to interrupt.o(i.IntRegister) for IntRegister
    uart.o(i.UARTIntRegister) refers to interrupt.o(i.IntEnable) for IntEnable
    uart.o(i.UARTIntRegister) refers to uart.o(.constdata) for .constdata
    uart.o(i.UARTIntUnregister) refers to interrupt.o(i.IntDisable) for IntDisable
    uart.o(i.UARTIntUnregister) refers to interrupt.o(i.IntUnregister) for IntUnregister
    uart.o(i.UARTIntUnregister) refers to uart.o(.constdata) for .constdata
    entry.o(.ARM.Collect$$$$00000000) refers (Special) to entry10a.o(.ARM.Collect$$$$0000000D) for __rt_final_cpp
    entry.o(.ARM.Collect$$$$00000000) refers (Special) to entry11a.o(.ARM.Collect$$$$0000000F) for __rt_final_exit
    entry.o(.ARM.Collect$$$$00000000) refers (Special) to entry7b.o(.ARM.Collect$$$$00000008) for _main_clock
    entry.o(.ARM.Collect$$$$00000000) refers (Special) to entry8b.o(.ARM.Collect$$$$0000000A) for _main_cpp_init
    entry.o(.ARM.Collect$$$$00000000) refers (Special) to entry9a.o(.ARM.Collect$$$$0000000B) for _main_init
    entry.o(.ARM.Collect$$$$00000000) refers (Special) to entry5.o(.ARM.Collect$$$$00000004) for _main_scatterload
    entry.o(.ARM.Collect$$$$00000000) refers (Special) to entry2.o(.ARM.Collect$$$$00000001) for _main_stk
    entry2.o(.ARM.Collect$$$$00000001) refers to entry2.o(.ARM.Collect$$$$00002712) for __lit__00000000
    entry2.o(.ARM.Collect$$$$00002712) refers to startup_rvmdk.o(STACK) for __initial_sp
    entry2.o(__vectab_stack_and_reset_area) refers to startup_rvmdk.o(STACK) for __initial_sp
    entry2.o(__vectab_stack_and_reset_area) refers to entry.o(.ARM.Collect$$$$00000000) for __main
    entry5.o(.ARM.Collect$$$$00000004) refers to init.o(.text) for __scatterload
    entry9a.o(.ARM.Collect$$$$0000000B) refers to starter.o(i.main) for main
    entry9b.o(.ARM.Collect$$$$0000000C) refers to starter.o(i.main) for main
    init.o(.text) refers to entry5.o(.ARM.Collect$$$$00000004) for __main_after_scatterload


==============================================================================

Removing Unused input sections from the image.

    Removing board.o(i.CC3100_InterruptDisable), (12 bytes).
    Removing board.o(i.Delay), (36 bytes).
    Removing board.o(i.MaskIntHdlr), (12 bytes).
    Removing board.o(i.UART1_intHandler), (28 bytes).
    Removing board.o(i.UnMaskIntHdlr), (12 bytes).
    Removing device.o(i.sl_DevGet), (112 bytes).
    Removing device.o(i.sl_DevSet), (64 bytes).
    Removing device.o(i.sl_EventMaskGet), (32 bytes).
    Removing device.o(i.sl_EventMaskSet), (32 bytes).
    Removing device.o(i.sl_Stop), (200 bytes).
    Removing device.o(i.sl_Task), (4 bytes).
    Removing device.o(.constdata), (20 bytes).
    Removing driver.o(i._SlDrvDataReadOp), (336 bytes).
    Removing driver.o(i._SlDrvDataWriteOp), (276 bytes).
    Removing driver.o(i._SlDrvDriverCBDeinit), (96 bytes).
    Removing driver.o(i._SlDrvObjDeInit), (24 bytes).
    Removing flowcont.o(i._SlDrvFlowContDeinit), (44 bytes).
    Removing fs.o(i._GetCreateFsMode), (84 bytes).
    Removing fs.o(i.sl_FsClose), (104 bytes).
    Removing fs.o(i.sl_FsDel), (64 bytes).
    Removing fs.o(i.sl_FsGetInfo), (96 bytes).
    Removing fs.o(i.sl_FsOpen), (88 bytes).
    Removing fs.o(i.sl_FsRead), (140 bytes).
    Removing fs.o(i.sl_FsWrite), (140 bytes).
    Removing fs.o(i.sl_Strlen), (22 bytes).
    Removing fs.o(.constdata), (44 bytes).
    Removing netapp.o(i._sl_HandleAsync_DnsGetHostByAddr), (2 bytes).
    Removing netapp.o(i.sl_NetAppDnsGetHostByName), (216 bytes).
    Removing netapp.o(i.sl_NetAppDnsGetHostByService), (196 bytes).
    Removing netapp.o(i.sl_NetAppGet), (96 bytes).
    Removing netapp.o(i.sl_NetAppGetServiceList), (104 bytes).
    Removing netapp.o(i.sl_NetAppMDNSRegisterService), (24 bytes).
    Removing netapp.o(i.sl_NetAppMDNSRegisterUnregisterService), (124 bytes).
    Removing netapp.o(i.sl_NetAppMDNSUnRegisterService), (18 bytes).
    Removing netapp.o(i.sl_NetAppSet), (64 bytes).
    Removing netapp.o(i.sl_NetAppStart), (28 bytes).
    Removing netapp.o(i.sl_NetAppStop), (28 bytes).
    Removing netcfg.o(i.sl_NetCfgSet), (64 bytes).
    Removing socket.o(i.SL_FD_CLR), (16 bytes).
    Removing socket.o(i.SL_FD_ISSET), (22 bytes).
    Removing socket.o(i.SL_FD_SET), (16 bytes).
    Removing socket.o(i.SL_FD_ZERO), (6 bytes).
    Removing socket.o(i._sl_BuildAddress), (38 bytes).
    Removing socket.o(i._sl_ParseAddress), (50 bytes).
    Removing socket.o(i._sl_TruncatePayloadByProtocol), (84 bytes).
    Removing socket.o(i.sl_Accept), (264 bytes).
    Removing socket.o(i.sl_Bind), (96 bytes).
    Removing socket.o(i.sl_Close), (32 bytes).
    Removing socket.o(i.sl_Connect), (236 bytes).
    Removing socket.o(i.sl_GetSockOpt), (112 bytes).
    Removing socket.o(i.sl_Htonl), (40 bytes).
    Removing socket.o(i.sl_Htons), (48 bytes).
    Removing socket.o(i.sl_Listen), (36 bytes).
    Removing socket.o(i.sl_Recv), (64 bytes).
    Removing socket.o(i.sl_RecvFrom), (164 bytes).
    Removing socket.o(i.sl_Select), (272 bytes).
    Removing socket.o(i.sl_Send), (172 bytes).
    Removing socket.o(i.sl_SendTo), (174 bytes).
    Removing socket.o(i.sl_SetSockOpt), (64 bytes).
    Removing socket.o(i.sl_Socket), (48 bytes).
    Removing socket.o(.constdata), (48 bytes).
    Removing spi.o(i.spi_Close), (10 bytes).
    Removing starter.o(.bss), (12 bytes).
    Removing starter.o(.constdata), (680 bytes).
    Removing starter.o(.data), (4 bytes).
    Removing startup_rvmdk.o(HEAP), (0 bytes).
    Removing startup_rvmdk.o(.text), (0 bytes).
    Removing uartstdio.o(i.UARTEchoSet), (16 bytes).
    Removing uartstdio.o(i.UARTRxBytesAvail), (16 bytes).
    Removing uartstdio.o(i.UARTTxBytesFree), (24 bytes).
    Removing uartstdio.o(i.UARTgetc), (44 bytes).
    Removing ustdlib.o(i.ucmptime), (82 bytes).
    Removing ustdlib.o(i.ulocaltime), (168 bytes).
    Removing ustdlib.o(i.umktime), (58 bytes).
    Removing ustdlib.o(i.urand), (28 bytes).
    Removing ustdlib.o(i.usnprintf), (18 bytes).
    Removing ustdlib.o(i.usprintf), (22 bytes).
    Removing ustdlib.o(i.usrand), (12 bytes).
    Removing ustdlib.o(i.ustrcasecmp), (8 bytes).
    Removing ustdlib.o(i.ustrcmp), (8 bytes).
    Removing ustdlib.o(i.ustrlen), (16 bytes).
    Removing ustdlib.o(i.ustrncasecmp), (70 bytes).
    Removing ustdlib.o(i.ustrncmp), (46 bytes).
    Removing ustdlib.o(i.ustrncpy), (34 bytes).
    Removing ustdlib.o(i.ustrstr), (42 bytes).
    Removing ustdlib.o(i.ustrtof), (320 bytes).
    Removing ustdlib.o(i.ustrtoul), (154 bytes).
    Removing ustdlib.o(i.uvsnprintf), (592 bytes).
    Removing ustdlib.o(.constdata), (76 bytes).
    Removing ustdlib.o(.conststring), (17 bytes).
    Removing ustdlib.o(.data), (4 bytes).
    Removing wlan.o(i.sl_WlanDisconnect), (8 bytes).
    Removing wlan.o(i.sl_WlanGet), (116 bytes).
    Removing wlan.o(i.sl_WlanGetNetworkList), (68 bytes).
    Removing wlan.o(i.sl_WlanPolicyGet), (116 bytes).
    Removing wlan.o(i.sl_WlanPolicySet), (56 bytes).
    Removing wlan.o(i.sl_WlanProfileAdd), (436 bytes).
    Removing wlan.o(i.sl_WlanProfileDel), (32 bytes).
    Removing wlan.o(i.sl_WlanProfileGet), (172 bytes).
    Removing wlan.o(i.sl_WlanRxFilterAdd), (88 bytes).
    Removing wlan.o(i.sl_WlanRxFilterGet), (84 bytes).
    Removing wlan.o(i.sl_WlanRxFilterSet), (52 bytes).
    Removing wlan.o(i.sl_WlanRxStatGet), (40 bytes).
    Removing wlan.o(i.sl_WlanRxStatStart), (8 bytes).
    Removing wlan.o(i.sl_WlanRxStatStop), (8 bytes).
    Removing wlan.o(i.sl_WlanSet), (64 bytes).
    Removing wlan.o(i.sl_WlanSetMode), (32 bytes).
    Removing wlan.o(i.sl_WlanSmartConfigStart), (108 bytes).
    Removing wlan.o(i.sl_WlanSmartConfigStop), (8 bytes).
    Removing wlan.o(.constdata), (52 bytes).
    Removing adcswtrigger.o(i.ADC0_InSeq3), (28 bytes).
    Removing adcswtrigger.o(i.ADC0_InitAllTriggerSeq3), (716 bytes).
    Removing adcswtrigger.o(i.ADC0_InitSWTriggerSeq3), (728 bytes).
    Removing launchpadswitches.o(i.Board_Input), (20 bytes).
    Removing launchpadswitches.o(i.Int2Str), (252 bytes).
    Removing launchpadswitches.o(i.LED_Off), (12 bytes).
    Removing launchpadswitches.o(i.LED_On), (12 bytes).
    Removing launchpadswitches.o(i.LED_Toggle), (16 bytes).
    Removing st7735.o(i.Delay1ms), (26 bytes).
    Removing st7735.o(i.Output_Init), (18 bytes).
    Removing st7735.o(i.ST7735_Color565), (20 bytes).
    Removing st7735.o(i.ST7735_DrawBitmap), (232 bytes).
    Removing st7735.o(i.ST7735_DrawChar), (200 bytes).
    Removing st7735.o(i.ST7735_DrawCharS), (188 bytes).
    Removing st7735.o(i.ST7735_DrawFastHLine), (84 bytes).
    Removing st7735.o(i.ST7735_DrawFastVLine), (84 bytes).
    Removing st7735.o(i.ST7735_DrawPixel), (64 bytes).
    Removing st7735.o(i.ST7735_DrawString), (82 bytes).
    Removing st7735.o(i.ST7735_FillRect), (120 bytes).
    Removing st7735.o(i.ST7735_FillScreen), (28 bytes).
    Removing st7735.o(i.ST7735_InitB), (44 bytes).
    Removing st7735.o(i.ST7735_InitR), (104 bytes).
    Removing st7735.o(i.ST7735_InvertDisplay), (12 bytes).
    Removing st7735.o(i.ST7735_OutChar), (164 bytes).
    Removing st7735.o(i.ST7735_OutString), (20 bytes).
    Removing st7735.o(i.ST7735_OutUDec), (88 bytes).
    Removing st7735.o(i.ST7735_PlotBar), (60 bytes).
    Removing st7735.o(i.ST7735_PlotClear), (60 bytes).
    Removing st7735.o(i.ST7735_PlotLine), (204 bytes).
    Removing st7735.o(i.ST7735_PlotNext), (24 bytes).
    Removing st7735.o(i.ST7735_PlotNextErase), (52 bytes).
    Removing st7735.o(i.ST7735_PlotPoint), (120 bytes).
    Removing st7735.o(i.ST7735_PlotPoints), (128 bytes).
    Removing st7735.o(i.ST7735_PlotdBfs), (52 bytes).
    Removing st7735.o(i.ST7735_SetCursor), (20 bytes).
    Removing st7735.o(i.ST7735_SetRotation), (116 bytes).
    Removing st7735.o(i.ST7735_SetTextColor), (12 bytes).
    Removing st7735.o(i.ST7735_SwapColor), (16 bytes).
    Removing st7735.o(i.commandList), (82 bytes).
    Removing st7735.o(i.commonInit), (312 bytes).
    Removing st7735.o(i.ferror), (6 bytes).
    Removing st7735.o(i.fgetc), (4 bytes).
    Removing st7735.o(i.fillmessage), (52 bytes).
    Removing st7735.o(i.fputc), (12 bytes).
    Removing st7735.o(i.pushColor), (20 bytes).
    Removing st7735.o(i.setAddrWindow), (108 bytes).
    Removing st7735.o(i.writecommand), (32 bytes).
    Removing st7735.o(i.writedata), (28 bytes).
    Removing st7735.o(.bss), (12 bytes).
    Removing st7735.o(.constdata), (2018 bytes).
    Removing st7735.o(.data), (44 bytes).
    Removing fpu.o(i.FPUDisable), (16 bytes).
    Removing fpu.o(i.FPUFlushToZeroModeSet), (20 bytes).
    Removing fpu.o(i.FPUHalfPrecisionModeSet), (20 bytes).
    Removing fpu.o(i.FPUNaNModeSet), (20 bytes).
    Removing fpu.o(i.FPURoundingModeSet), (20 bytes).
    Removing fpu.o(i.FPUStackingDisable), (16 bytes).
    Removing fpu.o(i.FPUStackingEnable), (20 bytes).
    Removing gpio.o(i.GPIOADCTriggerDisable), (14 bytes).
    Removing gpio.o(i.GPIOADCTriggerEnable), (14 bytes).
    Removing gpio.o(i.GPIODMATriggerDisable), (14 bytes).
    Removing gpio.o(i.GPIODMATriggerEnable), (14 bytes).
    Removing gpio.o(i.GPIODirModeGet), (34 bytes).
    Removing gpio.o(i.GPIOIntRegister), (88 bytes).
    Removing gpio.o(i.GPIOIntTypeGet), (68 bytes).
    Removing gpio.o(i.GPIOIntUnregister), (88 bytes).
    Removing gpio.o(i.GPIOPadConfigGet), (204 bytes).
    Removing gpio.o(i.GPIOPinRead), (6 bytes).
    Removing gpio.o(i.GPIOPinTypeADC), (28 bytes).
    Removing gpio.o(i.GPIOPinTypeCAN), (28 bytes).
    Removing gpio.o(i.GPIOPinTypeCIR), (28 bytes).
    Removing gpio.o(i.GPIOPinTypeComparator), (28 bytes).
    Removing gpio.o(i.GPIOPinTypeEPI), (28 bytes).
    Removing gpio.o(i.GPIOPinTypeEthernetLED), (28 bytes).
    Removing gpio.o(i.GPIOPinTypeEthernetMII), (28 bytes).
    Removing gpio.o(i.GPIOPinTypeGPIOOutput), (28 bytes).
    Removing gpio.o(i.GPIOPinTypeGPIOOutputOD), (28 bytes).
    Removing gpio.o(i.GPIOPinTypeI2C), (28 bytes).
    Removing gpio.o(i.GPIOPinTypeI2CSCL), (28 bytes).
    Removing gpio.o(i.GPIOPinTypeKBColumn), (28 bytes).
    Removing gpio.o(i.GPIOPinTypeKBRow), (28 bytes).
    Removing gpio.o(i.GPIOPinTypeLCD), (28 bytes).
    Removing gpio.o(i.GPIOPinTypeLEDSeq), (28 bytes).
    Removing gpio.o(i.GPIOPinTypeLPC), (28 bytes).
    Removing gpio.o(i.GPIOPinTypePECIRx), (28 bytes).
    Removing gpio.o(i.GPIOPinTypePECITx), (28 bytes).
    Removing gpio.o(i.GPIOPinTypePWM), (28 bytes).
    Removing gpio.o(i.GPIOPinTypeQEI), (28 bytes).
    Removing gpio.o(i.GPIOPinTypeTimer), (28 bytes).
    Removing gpio.o(i.GPIOPinTypeUART), (28 bytes).
    Removing gpio.o(i.GPIOPinTypeUSBAnalog), (28 bytes).
    Removing gpio.o(i.GPIOPinTypeUSBDigital), (28 bytes).
    Removing gpio.o(i.GPIOPinTypeWakeHigh), (30 bytes).
    Removing gpio.o(i.GPIOPinTypeWakeLow), (30 bytes).
    Removing gpio.o(i.GPIOPinWakeStatus), (6 bytes).
    Removing interrupt.o(i.IntDisable), (100 bytes).
    Removing interrupt.o(i.IntIsEnabled), (96 bytes).
    Removing interrupt.o(i.IntMasterDisable), (14 bytes).
    Removing interrupt.o(i.IntPendClear), (68 bytes).
    Removing interrupt.o(i.IntPendSet), (84 bytes).
    Removing interrupt.o(i.IntPriorityGet), (28 bytes).
    Removing interrupt.o(i.IntPriorityGroupingGet), (36 bytes).
    Removing interrupt.o(i.IntPriorityGroupingSet), (28 bytes).
    Removing interrupt.o(i.IntPriorityMaskGet), (4 bytes).
    Removing interrupt.o(i.IntPriorityMaskSet), (4 bytes).
    Removing interrupt.o(i.IntPrioritySet), (40 bytes).
    Removing interrupt.o(i.IntRegister), (52 bytes).
    Removing interrupt.o(i.IntTrigger), (12 bytes).
    Removing interrupt.o(i.IntUnregister), (20 bytes).
    Removing interrupt.o(i._IntDefaultHandler), (2 bytes).
    Removing interrupt.o(vtable), (620 bytes).
    Removing ssi.o(i.SSIAdvDataPutFrameEnd), (20 bytes).
    Removing ssi.o(i.SSIAdvDataPutFrameEndNonBlocking), (26 bytes).
    Removing ssi.o(i.SSIAdvFrameHoldDisable), (10 bytes).
    Removing ssi.o(i.SSIAdvFrameHoldEnable), (10 bytes).
    Removing ssi.o(i.SSIAdvModeSet), (12 bytes).
    Removing ssi.o(i.SSIBusy), (8 bytes).
    Removing ssi.o(i.SSIClockSourceGet), (6 bytes).
    Removing ssi.o(i.SSIClockSourceSet), (6 bytes).
    Removing ssi.o(i.SSIDMADisable), (10 bytes).
    Removing ssi.o(i.SSIDMAEnable), (8 bytes).
    Removing ssi.o(i.SSIDataGet), (14 bytes).
    Removing ssi.o(i.SSIDataPut), (12 bytes).
    Removing ssi.o(i.SSIDisable), (10 bytes).
    Removing ssi.o(i.SSIIntClear), (4 bytes).
    Removing ssi.o(i.SSIIntDisable), (10 bytes).
    Removing ssi.o(i.SSIIntEnable), (8 bytes).
    Removing ssi.o(i.SSIIntRegister), (88 bytes).
    Removing ssi.o(i.SSIIntStatus), (10 bytes).
    Removing ssi.o(i.SSIIntUnregister), (88 bytes).
    Removing ssi.o(.constdata), (64 bytes).
    Removing sysctl.o(i.SysCtlAltClkConfig), (12 bytes).
    Removing sysctl.o(i.SysCtlClockFreqSet), (712 bytes).
    Removing sysctl.o(i.SysCtlClockOutConfig), (16 bytes).
    Removing sysctl.o(i.SysCtlDeepSleep), (32 bytes).
    Removing sysctl.o(i.SysCtlDeepSleepClockConfigSet), (112 bytes).
    Removing sysctl.o(i.SysCtlDeepSleepClockSet), (12 bytes).
    Removing sysctl.o(i.SysCtlDeepSleepPowerSet), (12 bytes).
    Removing sysctl.o(i.SysCtlFlashSectorSizeGet), (56 bytes).
    Removing sysctl.o(i.SysCtlFlashSizeGet), (56 bytes).
    Removing sysctl.o(i.SysCtlGPIOAHBDisable), (28 bytes).
    Removing sysctl.o(i.SysCtlGPIOAHBEnable), (24 bytes).
    Removing sysctl.o(i.SysCtlIntClear), (12 bytes).
    Removing sysctl.o(i.SysCtlIntDisable), (16 bytes).
    Removing sysctl.o(i.SysCtlIntEnable), (16 bytes).
    Removing sysctl.o(i.SysCtlIntRegister), (20 bytes).
    Removing sysctl.o(i.SysCtlIntStatus), (16 bytes).
    Removing sysctl.o(i.SysCtlIntUnregister), (18 bytes).
    Removing sysctl.o(i.SysCtlLDODeepSleepGet), (12 bytes).
    Removing sysctl.o(i.SysCtlLDODeepSleepSet), (12 bytes).
    Removing sysctl.o(i.SysCtlLDOSleepGet), (12 bytes).
    Removing sysctl.o(i.SysCtlLDOSleepSet), (12 bytes).
    Removing sysctl.o(i.SysCtlMOSCConfigSet), (12 bytes).
    Removing sysctl.o(i.SysCtlNMIClear), (16 bytes).
    Removing sysctl.o(i.SysCtlNMIStatus), (12 bytes).
    Removing sysctl.o(i.SysCtlPIOSCCalibrate), (76 bytes).
    Removing sysctl.o(i.SysCtlPWMClockGet), (24 bytes).
    Removing sysctl.o(i.SysCtlPWMClockSet), (20 bytes).
    Removing sysctl.o(i.SysCtlPeripheralClockGating), (68 bytes).
    Removing sysctl.o(i.SysCtlPeripheralDeepSleepDisable), (40 bytes).
    Removing sysctl.o(i.SysCtlPeripheralDeepSleepEnable), (40 bytes).
    Removing sysctl.o(i.SysCtlPeripheralDisable), (40 bytes).
    Removing sysctl.o(i.SysCtlPeripheralPowerOff), (40 bytes).
    Removing sysctl.o(i.SysCtlPeripheralPowerOn), (40 bytes).
    Removing sysctl.o(i.SysCtlPeripheralPresent), (44 bytes).
    Removing sysctl.o(i.SysCtlPeripheralReady), (44 bytes).
    Removing sysctl.o(i.SysCtlPeripheralReset), (60 bytes).
    Removing sysctl.o(i.SysCtlPeripheralSleepDisable), (40 bytes).
    Removing sysctl.o(i.SysCtlPeripheralSleepEnable), (40 bytes).
    Removing sysctl.o(i.SysCtlReset), (16 bytes).
    Removing sysctl.o(i.SysCtlResetBehaviorGet), (12 bytes).
    Removing sysctl.o(i.SysCtlResetBehaviorSet), (12 bytes).
    Removing sysctl.o(i.SysCtlResetCauseClear), (16 bytes).
    Removing sysctl.o(i.SysCtlResetCauseGet), (12 bytes).
    Removing sysctl.o(i.SysCtlSRAMSizeGet), (16 bytes).
    Removing sysctl.o(i.SysCtlSleep), (4 bytes).
    Removing sysctl.o(i.SysCtlSleepPowerSet), (12 bytes).
    Removing sysctl.o(i.SysCtlUSBPLLDisable), (16 bytes).
    Removing sysctl.o(i.SysCtlUSBPLLEnable), (16 bytes).
    Removing sysctl.o(i.SysCtlVoltageEventClear), (16 bytes).
    Removing sysctl.o(i.SysCtlVoltageEventConfig), (12 bytes).
    Removing sysctl.o(i.SysCtlVoltageEventStatus), (12 bytes).
    Removing uart.o(i.UART9BitAddrSend), (38 bytes).
    Removing uart.o(i.UART9BitAddrSet), (10 bytes).
    Removing uart.o(i.UART9BitDisable), (14 bytes).
    Removing uart.o(i.UART9BitEnable), (14 bytes).
    Removing uart.o(i.UARTBreakCtl), (18 bytes).
    Removing uart.o(i.UARTBusy), (8 bytes).
    Removing uart.o(i.UARTCharGet), (12 bytes).
    Removing uart.o(i.UARTCharGetNonBlocking), (16 bytes).
    Removing uart.o(i.UARTCharPut), (12 bytes).
    Removing uart.o(i.UARTCharPutNonBlocking), (16 bytes).
    Removing uart.o(i.UARTCharsAvail), (10 bytes).
    Removing uart.o(i.UARTClockSourceGet), (6 bytes).
    Removing uart.o(i.UARTConfigGetExpClk), (46 bytes).
    Removing uart.o(i.UARTConfigSetExpClk), (110 bytes).
    Removing uart.o(i.UARTDMADisable), (10 bytes).
    Removing uart.o(i.UARTDMAEnable), (8 bytes).
    Removing uart.o(i.UARTDisable), (30 bytes).
    Removing uart.o(i.UARTDisableSIR), (10 bytes).
    Removing uart.o(i.UARTEnable), (20 bytes).
    Removing uart.o(i.UARTEnableSIR), (18 bytes).
    Removing uart.o(i.UARTFIFODisable), (10 bytes).
    Removing uart.o(i.UARTFIFOEnable), (10 bytes).
    Removing uart.o(i.UARTFIFOLevelGet), (16 bytes).
    Removing uart.o(i.UARTFIFOLevelSet), (6 bytes).
    Removing uart.o(i.UARTFlowControlGet), (8 bytes).
    Removing uart.o(i.UARTFlowControlSet), (12 bytes).
    Removing uart.o(i.UARTIntClear), (4 bytes).
    Removing uart.o(i.UARTIntDisable), (10 bytes).
    Removing uart.o(i.UARTIntEnable), (8 bytes).
    Removing uart.o(i.UARTIntRegister), (88 bytes).
    Removing uart.o(i.UARTIntStatus), (10 bytes).
    Removing uart.o(i.UARTIntUnregister), (88 bytes).
    Removing uart.o(i.UARTModemControlClear), (14 bytes).
    Removing uart.o(i.UARTModemControlGet), (8 bytes).
    Removing uart.o(i.UARTModemControlSet), (12 bytes).
    Removing uart.o(i.UARTModemStatusGet), (10 bytes).
    Removing uart.o(i.UARTParityModeGet), (8 bytes).
    Removing uart.o(i.UARTParityModeSet), (12 bytes).
    Removing uart.o(i.UARTRxErrorClear), (6 bytes).
    Removing uart.o(i.UARTRxErrorGet), (8 bytes).
    Removing uart.o(i.UARTSmartCardDisable), (10 bytes).
    Removing uart.o(i.UARTSmartCardEnable), (22 bytes).
    Removing uart.o(i.UARTSpaceAvail), (10 bytes).
    Removing uart.o(i.UARTTxIntModeGet), (8 bytes).
    Removing uart.o(i.UARTTxIntModeSet), (12 bytes).
    Removing uart.o(.constdata), (128 bytes).

338 unused section(s) (total 22329 bytes) removed from the image.

==============================================================================

Image Symbol Table

    Local Symbols

    Symbol Name                              Value     Ov Type        Size  Object(Section)

    RESET                                    0x00000000   Section      648  startup_rvmdk.o(RESET)
    ../clib/microlib/init/entry.s            0x00000000   Number         0  entry7b.o ABSOLUTE
    ../clib/microlib/init/entry.s            0x00000000   Number         0  entry9b.o ABSOLUTE
    ../clib/microlib/init/entry.s            0x00000000   Number         0  entry8b.o ABSOLUTE
    ../clib/microlib/init/entry.s            0x00000000   Number         0  entry11b.o ABSOLUTE
    ../clib/microlib/init/entry.s            0x00000000   Number         0  entry.o ABSOLUTE
    ../clib/microlib/init/entry.s            0x00000000   Number         0  entry8a.o ABSOLUTE
    ../clib/microlib/init/entry.s            0x00000000   Number         0  entry10a.o ABSOLUTE
    ../clib/microlib/init/entry.s            0x00000000   Number         0  entry10b.o ABSOLUTE
    ../clib/microlib/init/entry.s            0x00000000   Number         0  entry7a.o ABSOLUTE
    ../clib/microlib/init/entry.s            0x00000000   Number         0  entry9a.o ABSOLUTE
    ../clib/microlib/init/entry.s            0x00000000   Number         0  entry11a.o ABSOLUTE
    ../clib/microlib/init/entry.s            0x00000000   Number         0  entry2.o ABSOLUTE
    ../clib/microlib/init/entry.s            0x00000000   Number         0  entry5.o ABSOLUTE
    ../clib/microlib/string/memcpy.c         0x00000000   Number         0  memcpyb.o ABSOLUTE
    ../clib/microlib/string/memcpy.c         0x00000000   Number         0  memcpya.o ABSOLUTE
    ../clib/microlib/string/memset.c         0x00000000   Number         0  memseta.o ABSOLUTE
    ../clib/microlib/string/strcmp.c         0x00000000   Number         0  strcmp.o ABSOLUTE
    ..\..\..\..\utils\cmdline.c              0x00000000   Number         0  cmdline.o ABSOLUTE
    ..\..\..\..\utils\uartstdio.c            0x00000000   Number         0  uartstdio.o ABSOLUTE
    ..\..\..\..\utils\ustdlib.c              0x00000000   Number         0  ustdlib.o ABSOLUTE
    ..\cc3100\platform\ek-tm4c123gxl\board.c 0x00000000   Number         0  board.o ABSOLUTE
    ..\cc3100\platform\ek-tm4c123gxl\spi.c   0x00000000   Number         0  spi.o ABSOLUTE
    ..\cc3100\platform\ek-tm4c123gxl\uart.c  0x00000000   Number         0  uart.o ABSOLUTE
    ..\cc3100\simplelink\source\device.c     0x00000000   Number         0  device.o ABSOLUTE
    ..\cc3100\simplelink\source\driver.c     0x00000000   Number         0  driver.o ABSOLUTE
    ..\cc3100\simplelink\source\flowcont.c   0x00000000   Number         0  flowcont.o ABSOLUTE
    ..\cc3100\simplelink\source\fs.c         0x00000000   Number         0  fs.o ABSOLUTE
    ..\cc3100\simplelink\source\netapp.c     0x00000000   Number         0  netapp.o ABSOLUTE
    ..\cc3100\simplelink\source\netcfg.c     0x00000000   Number         0  netcfg.o ABSOLUTE
    ..\cc3100\simplelink\source\nonos.c      0x00000000   Number         0  nonos.o ABSOLUTE
    ..\cc3100\simplelink\source\socket.c     0x00000000   Number         0  socket.o ABSOLUTE
    ..\cc3100\simplelink\source\spawn.c      0x00000000   Number         0  spawn.o ABSOLUTE
    ..\cc3100\simplelink\source\wlan.c       0x00000000   Number         0  wlan.o ABSOLUTE
    ADCSWTrigger.c                           0x00000000   Number         0  adcswtrigger.o ABSOLUTE
    LaunchPadSwitches.c                      0x00000000   Number         0  launchpadswitches.o ABSOLUTE
    ST7735.c                                 0x00000000   Number         0  st7735.o ABSOLUTE
    cpu.c                                    0x00000000   Number         0  cpu.o ABSOLUTE
    cpu.c                                    0x00000000   Number         0  cpu.o ABSOLUTE
    dc.s                                     0x00000000   Number         0  dc.o ABSOLUTE
    fpu.c                                    0x00000000   Number         0  fpu.o ABSOLUTE
    gpio.c                                   0x00000000   Number         0  gpio.o ABSOLUTE
    handlers.s                               0x00000000   Number         0  handlers.o ABSOLUTE
    init.s                                   0x00000000   Number         0  init.o ABSOLUTE
    interrupt.c                              0x00000000   Number         0  interrupt.o ABSOLUTE
    ssi.c                                    0x00000000   Number         0  ssi.o ABSOLUTE
    starter.c                                0x00000000   Number         0  starter.o ABSOLUTE
    startup_rvmdk.S                          0x00000000   Number         0  startup_rvmdk.o ABSOLUTE
    sysctl.c                                 0x00000000   Number         0  sysctl.o ABSOLUTE
    sysctl.c                                 0x00000000   Number         0  sysctl.o ABSOLUTE
    uart.c                                   0x00000000   Number         0  uart.o ABSOLUTE
    $v0                                      0x0000026c   Number         0  startup_rvmdk.o(RESET)
    NmiSR                                    0x00000281   Thumb Code     0  startup_rvmdk.o(RESET)
    FaultISR                                 0x00000283   Thumb Code     0  startup_rvmdk.o(RESET)
    IntDefaultHandler                        0x00000285   Thumb Code     0  startup_rvmdk.o(RESET)
    .ARM.Collect$$$$00000000                 0x00000288   Section        0  entry.o(.ARM.Collect$$$$00000000)
    .ARM.Collect$$$$00000001                 0x00000288   Section        4  entry2.o(.ARM.Collect$$$$00000001)
    .ARM.Collect$$$$00000004                 0x0000028c   Section        4  entry5.o(.ARM.Collect$$$$00000004)
    .ARM.Collect$$$$00000008                 0x00000290   Section        0  entry7b.o(.ARM.Collect$$$$00000008)
    .ARM.Collect$$$$0000000A                 0x00000290   Section        0  entry8b.o(.ARM.Collect$$$$0000000A)
    .ARM.Collect$$$$0000000B                 0x00000290   Section        8  entry9a.o(.ARM.Collect$$$$0000000B)
    .ARM.Collect$$$$0000000D                 0x00000298   Section        0  entry10a.o(.ARM.Collect$$$$0000000D)
    .ARM.Collect$$$$0000000F                 0x00000298   Section        0  entry11a.o(.ARM.Collect$$$$0000000F)
    .ARM.Collect$$$$00002712                 0x00000298   Section        4  entry2.o(.ARM.Collect$$$$00002712)
    __lit__00000000                          0x00000298   Data           4  entry2.o(.ARM.Collect$$$$00002712)
    .emb_text                                0x0000029c   Section        6  sysctl.o(.emb_text)
    $v0                                      0x0000029c   Number         0  sysctl.o(.emb_text)
    .emb_text                                0x000002a4   Section       38  cpu.o(.emb_text)
    $v0                                      0x000002a4   Number         0  cpu.o(.emb_text)
    .text                                    0x000002ca   Section        0  memcpya.o(.text)
    .text                                    0x000002ee   Section        0  memseta.o(.text)
    .text                                    0x00000312   Section        0  strcmp.o(.text)
    .text                                    0x00000330   Section       36  init.o(.text)
    i.Board_Init                             0x00000354   Section        0  launchpadswitches.o(i.Board_Init)
    i.CC3100_InterruptEnable                 0x000003b8   Section        0  board.o(i.CC3100_InterruptEnable)
    i.CC3100_disable                         0x000003c4   Section        0  board.o(i.CC3100_disable)
    i.CC3100_enable                          0x000003d8   Section        0  board.o(i.CC3100_enable)
    i.CMD_help                               0x000003ec   Section        0  starter.o(i.CMD_help)
    i.CMD_ping                               0x00000464   Section        0  starter.o(i.CMD_ping)
    i.CmdLineProcess                         0x00000534   Section        0  cmdline.o(i.CmdLineProcess)
    i.ConfigureUART                          0x00000598   Section        0  starter.o(i.ConfigureUART)
    i.CopyPingResultsToReport                0x000005f4   Section        0  netapp.o(i.CopyPingResultsToReport)
    i.FPUEnable                              0x00000610   Section        0  fpu.o(i.FPUEnable)
    i.FPULazyStackingEnable                  0x00000620   Section        0  fpu.o(i.FPULazyStackingEnable)
    i.GPIOB_intHandler                       0x00000630   Section        0  board.o(i.GPIOB_intHandler)
    i.GPIODirModeSet                         0x00000664   Section        0  gpio.o(i.GPIODirModeSet)
    i.GPIOIntClear                           0x0000068c   Section        0  gpio.o(i.GPIOIntClear)
    i.GPIOIntDisable                         0x00000692   Section        0  gpio.o(i.GPIOIntDisable)
    i.GPIOIntEnable                          0x000006a0   Section        0  gpio.o(i.GPIOIntEnable)
    i.GPIOIntStatus                          0x000006ae   Section        0  gpio.o(i.GPIOIntStatus)
    i.GPIOIntTypeSet                         0x000006bc   Section        0  gpio.o(i.GPIOIntTypeSet)
    i.GPIOPadConfigSet                       0x0000070c   Section        0  gpio.o(i.GPIOPadConfigSet)
    i.GPIOPinConfigure                       0x00000848   Section        0  gpio.o(i.GPIOPinConfigure)
    i.GPIOPinTypeGPIOInput                   0x00000890   Section        0  gpio.o(i.GPIOPinTypeGPIOInput)
    i.GPIOPinTypeSSI                         0x000008ac   Section        0  gpio.o(i.GPIOPinTypeSSI)
    i.GPIOPinWrite                           0x000008c8   Section        0  gpio.o(i.GPIOPinWrite)
    i.GetBufferCount                         0x000008ce   Section        0  uartstdio.o(i.GetBufferCount)
    GetBufferCount                           0x000008cf   Thumb Code    18  uartstdio.o(i.GetBufferCount)
    i.GetStartResponseConvert                0x000008e0   Section        0  device.o(i.GetStartResponseConvert)
    i.IntEnable                              0x00000924   Section        0  interrupt.o(i.IntEnable)
    i.IntMasterEnable                        0x00000988   Section        0  interrupt.o(i.IntMasterEnable)
    i.IsBufferEmpty                          0x00000996   Section        0  uartstdio.o(i.IsBufferEmpty)
    IsBufferEmpty                            0x00000997   Thumb Code    16  uartstdio.o(i.IsBufferEmpty)
    i.IsBufferFull                           0x000009a6   Section        0  uartstdio.o(i.IsBufferFull)
    IsBufferFull                             0x000009a7   Thumb Code    26  uartstdio.o(i.IsBufferFull)
    i.SSIConfigSetExpClk                     0x000009c0   Section        0  ssi.o(i.SSIConfigSetExpClk)
    i.SSIDataGetNonBlocking                  0x00000a0a   Section        0  ssi.o(i.SSIDataGetNonBlocking)
    i.SSIDataPutNonBlocking                  0x00000a1e   Section        0  ssi.o(i.SSIDataPutNonBlocking)
    i.SSIEnable                              0x00000a2e   Section        0  ssi.o(i.SSIEnable)
    i.SimpleLinkHttpServerCallback           0x00000a38   Section        0  starter.o(i.SimpleLinkHttpServerCallback)
    i.SimpleLinkNetAppEventHandler           0x00000a68   Section        0  starter.o(i.SimpleLinkNetAppEventHandler)
    i.SimpleLinkPingReport                   0x00000b6c   Section        0  starter.o(i.SimpleLinkPingReport)
    SimpleLinkPingReport                     0x00000b6d   Thumb Code    48  starter.o(i.SimpleLinkPingReport)
    i.SimpleLinkWlanEventHandler             0x00000bbc   Section        0  starter.o(i.SimpleLinkWlanEventHandler)
    i.SysCtlClockGet                         0x00000ce4   Section        0  sysctl.o(i.SysCtlClockGet)
    i.SysCtlClockSet                         0x00000e48   Section        0  sysctl.o(i.SysCtlClockSet)
    i.SysCtlPeripheralEnable                 0x00000f68   Section        0  sysctl.o(i.SysCtlPeripheralEnable)
    i.UARTClockSourceSet                     0x00000f90   Section        0  uart.o(i.UARTClockSourceSet)
    i.UARTFlushRx                            0x00000f98   Section        0  uartstdio.o(i.UARTFlushRx)
    i.UARTFlushTx                            0x00000fc0   Section        0  uartstdio.o(i.UARTFlushTx)
    i.UARTPeek                               0x00000ff8   Section        0  uartstdio.o(i.UARTPeek)
    i.UARTPrimeTransmit                      0x00001034   Section        0  uartstdio.o(i.UARTPrimeTransmit)
    UARTPrimeTransmit                        0x00001035   Thumb Code   108  uartstdio.o(i.UARTPrimeTransmit)
    i.UARTStdioConfig                        0x000010ac   Section        0  uartstdio.o(i.UARTStdioConfig)
    i.UARTStdioIntHandler                    0x00001144   Section        0  uartstdio.o(i.UARTStdioIntHandler)
    i.UARTgets                               0x0000124c   Section        0  uartstdio.o(i.UARTgets)
    i.UARTprintf                             0x000012a4   Section        0  uartstdio.o(i.UARTprintf)
    i.UARTvprintf                            0x000012b8   Section        0  uartstdio.o(i.UARTvprintf)
    i.UARTwrite                              0x0000146c   Section        0  uartstdio.o(i.UARTwrite)
    i.WlanConnect                            0x000014fc   Section        0  starter.o(i.WlanConnect)
    i._SlAsyncEventGenericHandler            0x00001540   Section        0  driver.o(i._SlAsyncEventGenericHandler)
    i._SlDrvBasicCmd                         0x00001820   Section        0  driver.o(i._SlDrvBasicCmd)
    i._SlDrvClassifyRxMsg                    0x00001848   Section        0  driver.o(i._SlDrvClassifyRxMsg)
    i._SlDrvCmdOp                            0x000018d0   Section        0  driver.o(i._SlDrvCmdOp)
    i._SlDrvCmdSend                          0x00001924   Section        0  driver.o(i._SlDrvCmdSend)
    i._SlDrvDeviceEventHandler               0x00001940   Section        0  device.o(i._SlDrvDeviceEventHandler)
    i._SlDrvDriverCBInit                     0x0000195c   Section        0  driver.o(i._SlDrvDriverCBInit)
    i._SlDrvFlowContInit                     0x000019ec   Section        0  flowcont.o(i._SlDrvFlowContInit)
    i._SlDrvMsgRead                          0x00001a1c   Section        0  driver.o(i._SlDrvMsgRead)
    i._SlDrvMsgReadCmdCtx                    0x00001d68   Section        0  driver.o(i._SlDrvMsgReadCmdCtx)
    i._SlDrvMsgReadSpawnCtx                  0x00001e0c   Section        0  driver.o(i._SlDrvMsgReadSpawnCtx)
    i._SlDrvMsgWrite                         0x00001e94   Section        0  driver.o(i._SlDrvMsgWrite)
    i._SlDrvNetAppEventHandler               0x00001f84   Section        0  netapp.o(i._SlDrvNetAppEventHandler)
    i._SlDrvObjInit                          0x0000204c   Section        0  driver.o(i._SlDrvObjInit)
    i._SlDrvReleasePoolObj                   0x00002088   Section        0  driver.o(i._SlDrvReleasePoolObj)
    i._SlDrvRxHdrRead                        0x0000216c   Section        0  driver.o(i._SlDrvRxHdrRead)
    i._SlDrvRxIrqHandler                     0x00002298   Section        0  driver.o(i._SlDrvRxIrqHandler)
    i._SlDrvShiftDWord                       0x000022d4   Section        0  driver.o(i._SlDrvShiftDWord)
    i._SlDrvWaitForPoolObj                   0x000022ec   Section        0  driver.o(i._SlDrvWaitForPoolObj)
    i._SlFindAndSetActiveObj                 0x000023f0   Section        0  driver.o(i._SlFindAndSetActiveObj)
    i._SlNonOsMainLoopTask                   0x00002484   Section        0  nonos.o(i._SlNonOsMainLoopTask)
    i._SlNonOsSemGet                         0x000024c4   Section        0  nonos.o(i._SlNonOsSemGet)
    i._SlNonOsSemSet                         0x000024f6   Section        0  nonos.o(i._SlNonOsSemSet)
    i._SlNonOsSpawn                          0x000024fc   Section        0  nonos.o(i._SlNonOsSpawn)
    i._SlRemoveFromList                      0x00002520   Section        0  driver.o(i._SlRemoveFromList)
    i.__scatterload_copy                     0x00002578   Section       14  handlers.o(i.__scatterload_copy)
    i.__scatterload_null                     0x00002586   Section        2  handlers.o(i.__scatterload_null)
    i.__scatterload_zeroinit                 0x00002588   Section       14  handlers.o(i.__scatterload_zeroinit)
    i._sl_HandleAsync_Accept                 0x00002598   Section        0  socket.o(i._sl_HandleAsync_Accept)
    i._sl_HandleAsync_Connect                0x0000260c   Section        0  socket.o(i._sl_HandleAsync_Connect)
    i._sl_HandleAsync_DnsGetHostByName       0x00002688   Section        0  netapp.o(i._sl_HandleAsync_DnsGetHostByName)
    i._sl_HandleAsync_DnsGetHostByService    0x000026fc   Section        0  netapp.o(i._sl_HandleAsync_DnsGetHostByService)
    i._sl_HandleAsync_InitComplete           0x00002768   Section        0  device.o(i._sl_HandleAsync_InitComplete)
    i._sl_HandleAsync_PingResponse           0x000027ec   Section        0  netapp.o(i._sl_HandleAsync_PingResponse)
    i._sl_HandleAsync_Select                 0x0000286c   Section        0  socket.o(i._sl_HandleAsync_Select)
    i._sl_HandleAsync_Stop                   0x000028d0   Section        0  device.o(i._sl_HandleAsync_Stop)
    i.initClk                                0x00002930   Section        0  board.o(i.initClk)
    i.main                                   0x00002948   Section        0  starter.o(i.main)
    i.registerInterruptHandler               0x00002b6c   Section        0  board.o(i.registerInterruptHandler)
    i.sl_NetAppPingStart                     0x00002b78   Section        0  netapp.o(i.sl_NetAppPingStart)
    i.sl_NetAppSendTokenValue                0x00002c88   Section        0  netapp.o(i.sl_NetAppSendTokenValue)
    i.sl_NetCfgGet                           0x00002cd8   Section        0  netcfg.o(i.sl_NetCfgGet)
    i.sl_Start                               0x00002d44   Section        0  device.o(i.sl_Start)
    i.sl_WlanConnect                         0x00002dfc   Section        0  wlan.o(i.sl_WlanConnect)
    i.spi_Open                               0x00002fa0   Section        0  spi.o(i.spi_Open)
    i.spi_Read                               0x000030a0   Section        0  spi.o(i.spi_Read)
    i.spi_Write                              0x000030f8   Section        0  spi.o(i.spi_Write)
    i.stopWDT                                0x0000314c   Section        0  board.o(i.stopWDT)
    .constdata                               0x00003150   Section       72  driver.o(.constdata)
    .constdata                               0x00003198   Section       40  netapp.o(.constdata)
    .constdata                               0x000031c0   Section        8  netcfg.o(.constdata)
    .constdata                               0x000031c8   Section      208  starter.o(.constdata)
    .constdata                               0x00003298   Section       40  uartstdio.o(.constdata)
    g_pcHex                                  0x00003298   Data           4  uartstdio.o(.constdata)
    g_ui32UARTBase                           0x0000329c   Data          12  uartstdio.o(.constdata)
    g_ui32UARTInt                            0x000032a8   Data          12  uartstdio.o(.constdata)
    g_ui32UARTPeriph                         0x000032b4   Data          12  uartstdio.o(.constdata)
    .constdata                               0x000032c0   Section      528  gpio.o(.constdata)
    g_ppui32GPIOIntMapBlizzard               0x000032c0   Data         192  gpio.o(.constdata)
    g_ppui32GPIOIntMapSnowflake              0x00003380   Data         192  gpio.o(.constdata)
    g_pui32GPIOBaseAddrs                     0x00003440   Data         144  gpio.o(.constdata)
    .constdata                               0x000034d0   Section      268  interrupt.o(.constdata)
    g_pui32Priority                          0x000034d0   Data          32  interrupt.o(.constdata)
    g_pui32Regs                              0x000034f0   Data         156  interrupt.o(.constdata)
    g_pui32EnRegs                            0x0000358c   Data          20  interrupt.o(.constdata)
    g_pui32Dii16Regs                         0x000035a0   Data          20  interrupt.o(.constdata)
    g_pui32PendRegs                          0x000035b4   Data          20  interrupt.o(.constdata)
    g_pui32UnpendRegs                        0x000035c8   Data          20  interrupt.o(.constdata)
    .constdata                               0x000035dc   Section      452  sysctl.o(.constdata)
    g_pui32VCOFrequencies                    0x000035dc   Data           8  sysctl.o(.constdata)
    g_pui32Xtals                             0x000035e4   Data         108  sysctl.o(.constdata)
    g_pppui32XTALtoVCO                       0x00003650   Data         288  sysctl.o(.constdata)
    g_sXTALtoMEMTIM                          0x00003770   Data          48  sysctl.o(.constdata)
    .conststring                             0x000037a0   Section       85  starter.o(.conststring)
    .conststring                             0x000037f5   Section       17  uartstdio.o(.conststring)
    .data                                    0x20000000   Section        8  board.o(.data)
    .data                                    0x20000008   Section        4  driver.o(.data)
    .data                                    0x2000000c   Section        4  driver.o(.data)
    .data                                    0x20000010   Section       44  starter.o(.data)
    .data                                    0x2000003c   Section       28  uartstdio.o(.data)
    bLastWasCR                               0x2000003c   Data           1  uartstdio.o(.data)
    g_bDisableEcho                           0x2000003d   Data           1  uartstdio.o(.data)
    g_ui32UARTTxWriteIndex                   0x20000040   Data           4  uartstdio.o(.data)
    g_ui32UARTTxReadIndex                    0x20000044   Data           4  uartstdio.o(.data)
    g_ui32UARTRxWriteIndex                   0x20000048   Data           4  uartstdio.o(.data)
    g_ui32UARTRxReadIndex                    0x2000004c   Data           4  uartstdio.o(.data)
    g_ui32Base                               0x20000050   Data           4  uartstdio.o(.data)
    g_ui32PortNum                            0x20000054   Data           4  uartstdio.o(.data)
    .bss                                     0x20000058   Section       36  cmdline.o(.bss)
    g_ppcArgv                                0x20000058   Data          36  cmdline.o(.bss)
    .bss                                     0x2000007c   Section      356  driver.o(.bss)
    .bss                                     0x200001e0   Section       40  nonos.o(.bss)
    .bss                                     0x20000208   Section      128  starter.o(.bss)
    g_cInput                                 0x20000208   Data         128  starter.o(.bss)
    .bss                                     0x20000288   Section     1152  uartstdio.o(.bss)
    g_pcUARTTxBuffer                         0x20000288   Data        1024  uartstdio.o(.bss)
    g_pcUARTRxBuffer                         0x20000688   Data         128  uartstdio.o(.bss)
    STACK                                    0x20000708   Section    16384  startup_rvmdk.o(STACK)
    StackMem                                 0x20000708   Data           0  startup_rvmdk.o(STACK)

    Global Symbols

    Symbol Name                              Value     Ov Type        Size  Object(Section)

    BuildAttributes$$THM_ISAv4$E$P$D$K$B$S$7EM$VFPi3$EXTD16$VFPS$VFMA$PE$A:L22UL41UL21$X:L11$S22US41US21$IEEE1$IW$USESV6$~STKCKD$USESV7$~SHL$OTIME$EBA8$MICROLIB$REQ8$PRES8$EABIv2 0x00000000   Number         0  anon$$obj.o ABSOLUTE
    __ARM_use_no_argv                        0x00000000   Number         0  starter.o ABSOLUTE
    __Vectors                                0x00000000   Data           0  startup_rvmdk.o(RESET)
    __cpp_initialize__aeabi_                  - Undefined Weak Reference
    __cxa_finalize                            - Undefined Weak Reference
    __decompress                              - Undefined Weak Reference
    _clock_init                               - Undefined Weak Reference
    _microlib_exit                            - Undefined Weak Reference
    Reset_Handler                            0x0000026d   Thumb Code     0  startup_rvmdk.o(RESET)
    __main                                   0x00000289   Thumb Code     0  entry.o(.ARM.Collect$$$$00000000)
    _main_stk                                0x00000289   Thumb Code     0  entry2.o(.ARM.Collect$$$$00000001)
    _main_scatterload                        0x0000028d   Thumb Code     0  entry5.o(.ARM.Collect$$$$00000004)
    __main_after_scatterload                 0x00000291   Thumb Code     0  entry5.o(.ARM.Collect$$$$00000004)
    _main_clock                              0x00000291   Thumb Code     0  entry7b.o(.ARM.Collect$$$$00000008)
    _main_cpp_init                           0x00000291   Thumb Code     0  entry8b.o(.ARM.Collect$$$$0000000A)
    _main_init                               0x00000291   Thumb Code     0  entry9a.o(.ARM.Collect$$$$0000000B)
    __rt_final_cpp                           0x00000299   Thumb Code     0  entry10a.o(.ARM.Collect$$$$0000000D)
    __rt_final_exit                          0x00000299   Thumb Code     0  entry11a.o(.ARM.Collect$$$$0000000F)
    SysCtlDelay                              0x0000029d   Thumb Code     6  sysctl.o(.emb_text)
    CPUcpsid                                 0x000002a5   Thumb Code     8  cpu.o(.emb_text)
    CPUprimask                               0x000002ad   Thumb Code     6  cpu.o(.emb_text)
    CPUcpsie                                 0x000002b3   Thumb Code     8  cpu.o(.emb_text)
    CPUwfi                                   0x000002bb   Thumb Code     4  cpu.o(.emb_text)
    CPUbasepriSet                            0x000002bf   Thumb Code     6  cpu.o(.emb_text)
    CPUbasepriGet                            0x000002c5   Thumb Code     6  cpu.o(.emb_text)
    __aeabi_memcpy                           0x000002cb   Thumb Code    36  memcpya.o(.text)
    __aeabi_memcpy4                          0x000002cb   Thumb Code     0  memcpya.o(.text)
    __aeabi_memcpy8                          0x000002cb   Thumb Code     0  memcpya.o(.text)
    __aeabi_memset                           0x000002ef   Thumb Code    14  memseta.o(.text)
    __aeabi_memset4                          0x000002ef   Thumb Code     0  memseta.o(.text)
    __aeabi_memset8                          0x000002ef   Thumb Code     0  memseta.o(.text)
    __aeabi_memclr                           0x000002fd   Thumb Code     4  memseta.o(.text)
    __aeabi_memclr4                          0x000002fd   Thumb Code     0  memseta.o(.text)
    __aeabi_memclr8                          0x000002fd   Thumb Code     0  memseta.o(.text)
    _memset$wrapper                          0x00000301   Thumb Code    18  memseta.o(.text)
    strcmp                                   0x00000313   Thumb Code    28  strcmp.o(.text)
    __scatterload                            0x00000331   Thumb Code    28  init.o(.text)
    __scatterload_rt2                        0x00000331   Thumb Code     0  init.o(.text)
    Board_Init                               0x00000355   Thumb Code    78  launchpadswitches.o(i.Board_Init)
    CC3100_InterruptEnable                   0x000003b9   Thumb Code     8  board.o(i.CC3100_InterruptEnable)
    CC3100_disable                           0x000003c5   Thumb Code    16  board.o(i.CC3100_disable)
    CC3100_enable                            0x000003d9   Thumb Code    16  board.o(i.CC3100_enable)
    CMD_help                                 0x000003ed   Thumb Code    56  starter.o(i.CMD_help)
    CMD_ping                                 0x00000465   Thumb Code   126  starter.o(i.CMD_ping)
    CmdLineProcess                           0x00000535   Thumb Code    90  cmdline.o(i.CmdLineProcess)
    ConfigureUART                            0x00000599   Thumb Code    76  starter.o(i.ConfigureUART)
    CopyPingResultsToReport                  0x000005f5   Thumb Code    26  netapp.o(i.CopyPingResultsToReport)
    FPUEnable                                0x00000611   Thumb Code    12  fpu.o(i.FPUEnable)
    FPULazyStackingEnable                    0x00000621   Thumb Code    12  fpu.o(i.FPULazyStackingEnable)
    GPIOB_intHandler                         0x00000631   Thumb Code    44  board.o(i.GPIOB_intHandler)
    GPIODirModeSet                           0x00000665   Thumb Code    40  gpio.o(i.GPIODirModeSet)
    GPIOIntClear                             0x0000068d   Thumb Code     6  gpio.o(i.GPIOIntClear)
    GPIOIntDisable                           0x00000693   Thumb Code    14  gpio.o(i.GPIOIntDisable)
    GPIOIntEnable                            0x000006a1   Thumb Code    14  gpio.o(i.GPIOIntEnable)
    GPIOIntStatus                            0x000006af   Thumb Code    14  gpio.o(i.GPIOIntStatus)
    GPIOIntTypeSet                           0x000006bd   Thumb Code    80  gpio.o(i.GPIOIntTypeSet)
    GPIOPadConfigSet                         0x0000070d   Thumb Code   314  gpio.o(i.GPIOPadConfigSet)
    GPIOPinConfigure                         0x00000849   Thumb Code    64  gpio.o(i.GPIOPinConfigure)
    GPIOPinTypeGPIOInput                     0x00000891   Thumb Code    28  gpio.o(i.GPIOPinTypeGPIOInput)
    GPIOPinTypeSSI                           0x000008ad   Thumb Code    28  gpio.o(i.GPIOPinTypeSSI)
    GPIOPinWrite                             0x000008c9   Thumb Code     6  gpio.o(i.GPIOPinWrite)
    GetStartResponseConvert                  0x000008e1   Thumb Code    68  device.o(i.GetStartResponseConvert)
    IntEnable                                0x00000925   Thumb Code    92  interrupt.o(i.IntEnable)
    IntMasterEnable                          0x00000989   Thumb Code    14  interrupt.o(i.IntMasterEnable)
    SSIConfigSetExpClk                       0x000009c1   Thumb Code    74  ssi.o(i.SSIConfigSetExpClk)
    SSIDataGetNonBlocking                    0x00000a0b   Thumb Code    20  ssi.o(i.SSIDataGetNonBlocking)
    SSIDataPutNonBlocking                    0x00000a1f   Thumb Code    16  ssi.o(i.SSIDataPutNonBlocking)
    SSIEnable                                0x00000a2f   Thumb Code    10  ssi.o(i.SSIEnable)
    SimpleLinkHttpServerCallback             0x00000a39   Thumb Code     6  starter.o(i.SimpleLinkHttpServerCallback)
    SimpleLinkNetAppEventHandler             0x00000a69   Thumb Code    54  starter.o(i.SimpleLinkNetAppEventHandler)
    SimpleLinkWlanEventHandler               0x00000bbd   Thumb Code    66  starter.o(i.SimpleLinkWlanEventHandler)
    SysCtlClockGet                           0x00000ce5   Thumb Code   314  sysctl.o(i.SysCtlClockGet)
    SysCtlClockSet                           0x00000e49   Thumb Code   270  sysctl.o(i.SysCtlClockSet)
    SysCtlPeripheralEnable                   0x00000f69   Thumb Code    36  sysctl.o(i.SysCtlPeripheralEnable)
    UARTClockSourceSet                       0x00000f91   Thumb Code     6  uart.o(i.UARTClockSourceSet)
    UARTFlushRx                              0x00000f99   Thumb Code    36  uartstdio.o(i.UARTFlushRx)
    UARTFlushTx                              0x00000fc1   Thumb Code    52  uartstdio.o(i.UARTFlushTx)
    UARTPeek                                 0x00000ff9   Thumb Code    52  uartstdio.o(i.UARTPeek)
    UARTStdioConfig                          0x000010ad   Thumb Code   142  uartstdio.o(i.UARTStdioConfig)
    UARTStdioIntHandler                      0x00001145   Thumb Code   248  uartstdio.o(i.UARTStdioIntHandler)
    UARTgets                                 0x0000124d   Thumb Code    78  uartstdio.o(i.UARTgets)
    UARTprintf                               0x000012a5   Thumb Code    18  uartstdio.o(i.UARTprintf)
    UARTvprintf                              0x000012b9   Thumb Code   420  uartstdio.o(i.UARTvprintf)
    UARTwrite                                0x0000146d   Thumb Code   134  uartstdio.o(i.UARTwrite)
    WlanConnect                              0x000014fd   Thumb Code    50  starter.o(i.WlanConnect)
    _SlAsyncEventGenericHandler              0x00001541   Thumb Code   732  driver.o(i._SlAsyncEventGenericHandler)
    _SlDrvBasicCmd                           0x00001821   Thumb Code    40  driver.o(i._SlDrvBasicCmd)
    _SlDrvClassifyRxMsg                      0x00001849   Thumb Code   114  driver.o(i._SlDrvClassifyRxMsg)
    _SlDrvCmdOp                              0x000018d1   Thumb Code    80  driver.o(i._SlDrvCmdOp)
    _SlDrvCmdSend                            0x00001925   Thumb Code    24  driver.o(i._SlDrvCmdSend)
    _SlDrvDeviceEventHandler                 0x00001941   Thumb Code    26  device.o(i._SlDrvDeviceEventHandler)
    _SlDrvDriverCBInit                       0x0000195d   Thumb Code   134  driver.o(i._SlDrvDriverCBInit)
    _SlDrvFlowContInit                       0x000019ed   Thumb Code    42  flowcont.o(i._SlDrvFlowContInit)
    _SlDrvMsgRead                            0x00001a1d   Thumb Code   834  driver.o(i._SlDrvMsgRead)
    _SlDrvMsgReadCmdCtx                      0x00001d69   Thumb Code   156  driver.o(i._SlDrvMsgReadCmdCtx)
    _SlDrvMsgReadSpawnCtx                    0x00001e0d   Thumb Code   132  driver.o(i._SlDrvMsgReadSpawnCtx)
    _SlDrvMsgWrite                           0x00001e95   Thumb Code   232  driver.o(i._SlDrvMsgWrite)
    _SlDrvNetAppEventHandler                 0x00001f85   Thumb Code   198  netapp.o(i._SlDrvNetAppEventHandler)
    _SlDrvObjInit                            0x0000204d   Thumb Code    54  driver.o(i._SlDrvObjInit)
    _SlDrvReleasePoolObj                     0x00002089   Thumb Code   222  driver.o(i._SlDrvReleasePoolObj)
    _SlDrvRxHdrRead                          0x0000216d   Thumb Code   282  driver.o(i._SlDrvRxHdrRead)
    _SlDrvRxIrqHandler                       0x00002299   Thumb Code    52  driver.o(i._SlDrvRxIrqHandler)
    _SlDrvShiftDWord                         0x000022d5   Thumb Code    22  driver.o(i._SlDrvShiftDWord)
    _SlDrvWaitForPoolObj                     0x000022ed   Thumb Code   254  driver.o(i._SlDrvWaitForPoolObj)
    _SlFindAndSetActiveObj                   0x000023f1   Thumb Code   138  driver.o(i._SlFindAndSetActiveObj)
    _SlNonOsMainLoopTask                     0x00002485   Thumb Code    54  nonos.o(i._SlNonOsMainLoopTask)
    _SlNonOsSemGet                           0x000024c5   Thumb Code    50  nonos.o(i._SlNonOsSemGet)
    _SlNonOsSemSet                           0x000024f7   Thumb Code     6  nonos.o(i._SlNonOsSemSet)
    _SlNonOsSpawn                            0x000024fd   Thumb Code    30  nonos.o(i._SlNonOsSpawn)
    _SlRemoveFromList                        0x00002521   Thumb Code    84  driver.o(i._SlRemoveFromList)
    __scatterload_copy                       0x00002579   Thumb Code    14  handlers.o(i.__scatterload_copy)
    __scatterload_null                       0x00002587   Thumb Code     2  handlers.o(i.__scatterload_null)
    __scatterload_zeroinit                   0x00002589   Thumb Code    14  handlers.o(i.__scatterload_zeroinit)
    _sl_HandleAsync_Accept                   0x00002599   Thumb Code   110  socket.o(i._sl_HandleAsync_Accept)
    _sl_HandleAsync_Connect                  0x0000260d   Thumb Code   120  socket.o(i._sl_HandleAsync_Connect)
    _sl_HandleAsync_DnsGetHostByName         0x00002689   Thumb Code   110  netapp.o(i._sl_HandleAsync_DnsGetHostByName)
    _sl_HandleAsync_DnsGetHostByService      0x000026fd   Thumb Code   102  netapp.o(i._sl_HandleAsync_DnsGetHostByService)
    _sl_HandleAsync_InitComplete             0x00002769   Thumb Code   126  device.o(i._sl_HandleAsync_InitComplete)
    _sl_HandleAsync_PingResponse             0x000027ed   Thumb Code   120  netapp.o(i._sl_HandleAsync_PingResponse)
    _sl_HandleAsync_Select                   0x0000286d   Thumb Code    94  socket.o(i._sl_HandleAsync_Select)
    _sl_HandleAsync_Stop                     0x000028d1   Thumb Code    90  device.o(i._sl_HandleAsync_Stop)
    initClk                                  0x00002931   Thumb Code    20  board.o(i.initClk)
    main                                     0x00002949   Thumb Code   208  starter.o(i.main)
    registerInterruptHandler                 0x00002b6d   Thumb Code     8  board.o(i.registerInterruptHandler)
    sl_NetAppPingStart                       0x00002b79   Thumb Code   254  netapp.o(i.sl_NetAppPingStart)
    sl_NetAppSendTokenValue                  0x00002c89   Thumb Code    74  netapp.o(i.sl_NetAppSendTokenValue)
    sl_NetCfgGet                             0x00002cd9   Thumb Code   100  netcfg.o(i.sl_NetCfgGet)
    sl_Start                                 0x00002d45   Thumb Code   170  device.o(i.sl_Start)
    sl_WlanConnect                           0x00002dfd   Thumb Code   414  wlan.o(i.sl_WlanConnect)
    spi_Open                                 0x00002fa1   Thumb Code   214  spi.o(i.spi_Open)
    spi_Read                                 0x000030a1   Thumb Code    78  spi.o(i.spi_Read)
    spi_Write                                0x000030f9   Thumb Code    76  spi.o(i.spi_Write)
    stopWDT                                  0x0000314d   Thumb Code     2  board.o(i.stopWDT)
    g_H2NSyncPattern                         0x00003150   Data           8  driver.o(.constdata)
    g_H2NCnysPattern                         0x00003158   Data           8  driver.o(.constdata)
    _SlActionLookupTable                     0x00003160   Data          56  driver.o(.constdata)
    _SlNetAppStartCtrl                       0x00003198   Data           4  netapp.o(.constdata)
    _SlNetAppStopCtrl                        0x0000319c   Data           4  netapp.o(.constdata)
    _SlGetServiceListeCtrl                   0x000031a0   Data           4  netapp.o(.constdata)
    _SlRegisterServiceCtrl                   0x000031a4   Data           4  netapp.o(.constdata)
    _SlGetHostByServiceCtrl                  0x000031a8   Data           4  netapp.o(.constdata)
    _SlGetHostByNameCtrl                     0x000031ac   Data           4  netapp.o(.constdata)
    _SlNetAppSetCmdCtrl                      0x000031b0   Data           4  netapp.o(.constdata)
    _SlNetAppSendTokenValueCmdCtrl           0x000031b4   Data           4  netapp.o(.constdata)
    _SlNetAppGetCmdCtrl                      0x000031b8   Data           4  netapp.o(.constdata)
    _SlNetCfgSetCmdCtrl                      0x000031c0   Data           4  netcfg.o(.constdata)
    _SlNetCfgGetCmdCtrl                      0x000031c4   Data           4  netcfg.o(.constdata)
    Region$$Table$$Base                      0x00003808   Number         0  anon$$obj.o(Region$$Table)
    Region$$Table$$Limit                     0x00003828   Number         0  anon$$obj.o(Region$$Table)
    IntIsMasked                              0x20000000   Data           1  board.o(.data)
    pIrqEventHandler                         0x20000004   Data           4  board.o(.data)
    g_pCB                                    0x20000008   Data           4  driver.o(.data)
    pPingCallBackFunc                        0x2000000c   Data           4  driver.o(.data)
    g_Status                                 0x20000010   Data           1  starter.o(.data)
    g_PingPacketsRecv                        0x20000014   Data           4  starter.o(.data)
    g_psCmdTable                             0x20000018   Data          36  starter.o(.data)
    g_StatMem                                0x2000007c   Data         356  driver.o(.bss)
    g__SlNonOsCB                             0x200001e0   Data          40  nonos.o(.bss)
    __initial_sp                             0x20004708   Data           0  startup_rvmdk.o(STACK)



==============================================================================

Memory Map of the image

  Image Entry point : 0x0000026d

  Load Region LR_IROM (Base: 0x00000000, Size: 0x00003880, Max: 0x00040000, ABSOLUTE)

    Execution Region ER_IROM (Base: 0x00000000, Size: 0x00003828, Max: 0x00040000, ABSOLUTE)

    Base Addr    Size         Type   Attr      Idx    E Section Name        Object

    0x00000000   0x00000288   Code   RO          964  * RESET               startup_rvmdk.o
    0x00000288   0x00000000   Code   RO         2930  * .ARM.Collect$$$$00000000  mc_w.l(entry.o)
    0x00000288   0x00000004   Code   RO         2941    .ARM.Collect$$$$00000001  mc_w.l(entry2.o)
    0x0000028c   0x00000004   Code   RO         2944    .ARM.Collect$$$$00000004  mc_w.l(entry5.o)
    0x00000290   0x00000000   Code   RO         2946    .ARM.Collect$$$$00000008  mc_w.l(entry7b.o)
    0x00000290   0x00000000   Code   RO         2948    .ARM.Collect$$$$0000000A  mc_w.l(entry8b.o)
    0x00000290   0x00000008   Code   RO         2949    .ARM.Collect$$$$0000000B  mc_w.l(entry9a.o)
    0x00000298   0x00000000   Code   RO         2951    .ARM.Collect$$$$0000000D  mc_w.l(entry10a.o)
    0x00000298   0x00000000   Code   RO         2953    .ARM.Collect$$$$0000000F  mc_w.l(entry11a.o)
    0x00000298   0x00000004   Code   RO         2942    .ARM.Collect$$$$00002712  mc_w.l(entry2.o)
    0x0000029c   0x00000006   Code   RO         2289    .emb_text           driverlib.lib(sysctl.o)
    0x000002a2   0x00000002   PAD
    0x000002a4   0x00000026   Code   RO         2920    .emb_text           driverlib.lib(cpu.o)
    0x000002ca   0x00000024   Code   RO         2933    .text               mc_w.l(memcpya.o)
    0x000002ee   0x00000024   Code   RO         2935    .text               mc_w.l(memseta.o)
    0x00000312   0x0000001c   Code   RO         2937    .text               mc_w.l(strcmp.o)
    0x0000032e   0x00000002   PAD
    0x00000330   0x00000024   Code   RO         2955    .text               mc_w.l(init.o)
    0x00000354   0x00000064   Code   RO         1350    i.Board_Init        launchpadswitches.o
    0x000003b8   0x0000000c   Code   RO            2    i.CC3100_InterruptEnable  board.o
    0x000003c4   0x00000014   Code   RO            3    i.CC3100_disable    board.o
    0x000003d8   0x00000014   Code   RO            4    i.CC3100_enable     board.o
    0x000003ec   0x00000078   Code   RO          876    i.CMD_help          starter.o
    0x00000464   0x000000d0   Code   RO          877    i.CMD_ping          starter.o
    0x00000534   0x00000064   Code   RO          162    i.CmdLineProcess    cmdline.o
    0x00000598   0x0000005c   Code   RO          878    i.ConfigureUART     starter.o
    0x000005f4   0x0000001a   Code   RO          498    i.CopyPingResultsToReport  netapp.o
    0x0000060e   0x00000002   PAD
    0x00000610   0x00000010   Code   RO         1639    i.FPUEnable         driverlib.lib(fpu.o)
    0x00000620   0x00000010   Code   RO         1642    i.FPULazyStackingEnable  driverlib.lib(fpu.o)
    0x00000630   0x00000034   Code   RO            6    i.GPIOB_intHandler  board.o
    0x00000664   0x00000028   Code   RO         1712    i.GPIODirModeSet    driverlib.lib(gpio.o)
    0x0000068c   0x00000006   Code   RO         1713    i.GPIOIntClear      driverlib.lib(gpio.o)
    0x00000692   0x0000000e   Code   RO         1714    i.GPIOIntDisable    driverlib.lib(gpio.o)
    0x000006a0   0x0000000e   Code   RO         1715    i.GPIOIntEnable     driverlib.lib(gpio.o)
    0x000006ae   0x0000000e   Code   RO         1717    i.GPIOIntStatus     driverlib.lib(gpio.o)
    0x000006bc   0x00000050   Code   RO         1719    i.GPIOIntTypeSet    driverlib.lib(gpio.o)
    0x0000070c   0x0000013a   Code   RO         1722    i.GPIOPadConfigSet  driverlib.lib(gpio.o)
    0x00000846   0x00000002   PAD
    0x00000848   0x00000048   Code   RO         1723    i.GPIOPinConfigure  driverlib.lib(gpio.o)
    0x00000890   0x0000001c   Code   RO         1732    i.GPIOPinTypeGPIOInput  driverlib.lib(gpio.o)
    0x000008ac   0x0000001c   Code   RO         1746    i.GPIOPinTypeSSI    driverlib.lib(gpio.o)
    0x000008c8   0x00000006   Code   RO         1754    i.GPIOPinWrite      driverlib.lib(gpio.o)
    0x000008ce   0x00000012   Code   RO          972    i.GetBufferCount    uartstdio.o
    0x000008e0   0x00000044   Code   RO          186    i.GetStartResponseConvert  device.o
    0x00000924   0x00000064   Code   RO         2025    i.IntEnable         driverlib.lib(interrupt.o)
    0x00000988   0x0000000e   Code   RO         2028    i.IntMasterEnable   driverlib.lib(interrupt.o)
    0x00000996   0x00000010   Code   RO          973    i.IsBufferEmpty     uartstdio.o
    0x000009a6   0x0000001a   Code   RO          974    i.IsBufferFull      uartstdio.o
    0x000009c0   0x0000004a   Code   RO         2145    i.SSIConfigSetExpClk  driverlib.lib(ssi.o)
    0x00000a0a   0x00000014   Code   RO         2149    i.SSIDataGetNonBlocking  driverlib.lib(ssi.o)
    0x00000a1e   0x00000010   Code   RO         2151    i.SSIDataPutNonBlocking  driverlib.lib(ssi.o)
    0x00000a2e   0x0000000a   Code   RO         2153    i.SSIEnable         driverlib.lib(ssi.o)
    0x00000a38   0x00000030   Code   RO          879    i.SimpleLinkHttpServerCallback  starter.o
    0x00000a68   0x00000104   Code   RO          880    i.SimpleLinkNetAppEventHandler  starter.o
    0x00000b6c   0x00000050   Code   RO          881    i.SimpleLinkPingReport  starter.o
    0x00000bbc   0x00000128   Code   RO          882    i.SimpleLinkWlanEventHandler  starter.o
    0x00000ce4   0x00000164   Code   RO         2292    i.SysCtlClockGet    driverlib.lib(sysctl.o)
    0x00000e48   0x00000120   Code   RO         2294    i.SysCtlClockSet    driverlib.lib(sysctl.o)
    0x00000f68   0x00000028   Code   RO         2323    i.SysCtlPeripheralEnable  driverlib.lib(sysctl.o)
    0x00000f90   0x00000006   Code   RO         2643    i.UARTClockSourceSet  driverlib.lib(uart.o)
    0x00000f96   0x00000002   PAD
    0x00000f98   0x00000028   Code   RO          976    i.UARTFlushRx       uartstdio.o
    0x00000fc0   0x00000038   Code   RO          977    i.UARTFlushTx       uartstdio.o
    0x00000ff8   0x0000003c   Code   RO          978    i.UARTPeek          uartstdio.o
    0x00001034   0x00000078   Code   RO          979    i.UARTPrimeTransmit  uartstdio.o
    0x000010ac   0x00000098   Code   RO          981    i.UARTStdioConfig   uartstdio.o
    0x00001144   0x00000108   Code   RO          982    i.UARTStdioIntHandler  uartstdio.o
    0x0000124c   0x00000058   Code   RO          985    i.UARTgets          uartstdio.o
    0x000012a4   0x00000012   Code   RO          986    i.UARTprintf        uartstdio.o
    0x000012b6   0x00000002   PAD
    0x000012b8   0x000001b4   Code   RO          987    i.UARTvprintf       uartstdio.o
    0x0000146c   0x00000090   Code   RO          988    i.UARTwrite         uartstdio.o
    0x000014fc   0x00000044   Code   RO          883    i.WlanConnect       starter.o
    0x00001540   0x000002e0   Code   RO          277    i._SlAsyncEventGenericHandler  driver.o
    0x00001820   0x00000028   Code   RO          278    i._SlDrvBasicCmd    driver.o
    0x00001848   0x00000088   Code   RO          279    i._SlDrvClassifyRxMsg  driver.o
    0x000018d0   0x00000054   Code   RO          280    i._SlDrvCmdOp       driver.o
    0x00001924   0x0000001c   Code   RO          281    i._SlDrvCmdSend     driver.o
    0x00001940   0x0000001a   Code   RO          187    i._SlDrvDeviceEventHandler  device.o
    0x0000195a   0x00000002   PAD
    0x0000195c   0x00000090   Code   RO          285    i._SlDrvDriverCBInit  driver.o
    0x000019ec   0x00000030   Code   RO          424    i._SlDrvFlowContInit  flowcont.o
    0x00001a1c   0x0000034c   Code   RO          286    i._SlDrvMsgRead     driver.o
    0x00001d68   0x000000a4   Code   RO          287    i._SlDrvMsgReadCmdCtx  driver.o
    0x00001e0c   0x00000088   Code   RO          288    i._SlDrvMsgReadSpawnCtx  driver.o
    0x00001e94   0x000000f0   Code   RO          289    i._SlDrvMsgWrite    driver.o
    0x00001f84   0x000000c6   Code   RO          499    i._SlDrvNetAppEventHandler  netapp.o
    0x0000204a   0x00000002   PAD
    0x0000204c   0x0000003c   Code   RO          291    i._SlDrvObjInit     driver.o
    0x00002088   0x000000e4   Code   RO          292    i._SlDrvReleasePoolObj  driver.o
    0x0000216c   0x0000012c   Code   RO          293    i._SlDrvRxHdrRead   driver.o
    0x00002298   0x0000003c   Code   RO          294    i._SlDrvRxIrqHandler  driver.o
    0x000022d4   0x00000016   Code   RO          295    i._SlDrvShiftDWord  driver.o
    0x000022ea   0x00000002   PAD
    0x000022ec   0x00000104   Code   RO          296    i._SlDrvWaitForPoolObj  driver.o
    0x000023f0   0x00000094   Code   RO          297    i._SlFindAndSetActiveObj  driver.o
    0x00002484   0x00000040   Code   RO          636    i._SlNonOsMainLoopTask  nonos.o
    0x000024c4   0x00000032   Code   RO          637    i._SlNonOsSemGet    nonos.o
    0x000024f6   0x00000006   Code   RO          638    i._SlNonOsSemSet    nonos.o
    0x000024fc   0x00000024   Code   RO          639    i._SlNonOsSpawn     nonos.o
    0x00002520   0x00000058   Code   RO          298    i._SlRemoveFromList  driver.o
    0x00002578   0x0000000e   Code   RO         2959    i.__scatterload_copy  mc_w.l(handlers.o)
    0x00002586   0x00000002   Code   RO         2960    i.__scatterload_null  mc_w.l(handlers.o)
    0x00002588   0x0000000e   Code   RO         2961    i.__scatterload_zeroinit  mc_w.l(handlers.o)
    0x00002596   0x00000002   PAD
    0x00002598   0x00000074   Code   RO          674    i._sl_HandleAsync_Accept  socket.o
    0x0000260c   0x0000007c   Code   RO          675    i._sl_HandleAsync_Connect  socket.o
    0x00002688   0x00000074   Code   RO          501    i._sl_HandleAsync_DnsGetHostByName  netapp.o
    0x000026fc   0x0000006c   Code   RO          502    i._sl_HandleAsync_DnsGetHostByService  netapp.o
    0x00002768   0x00000084   Code   RO          188    i._sl_HandleAsync_InitComplete  device.o
    0x000027ec   0x00000080   Code   RO          503    i._sl_HandleAsync_PingResponse  netapp.o
    0x0000286c   0x00000064   Code   RO          676    i._sl_HandleAsync_Select  socket.o
    0x000028d0   0x00000060   Code   RO          189    i._sl_HandleAsync_Stop  device.o
    0x00002930   0x00000018   Code   RO           10    i.initClk           board.o
    0x00002948   0x00000224   Code   RO          884    i.main              starter.o
    0x00002b6c   0x0000000c   Code   RO           11    i.registerInterruptHandler  board.o
    0x00002b78   0x00000110   Code   RO          511    i.sl_NetAppPingStart  netapp.o
    0x00002c88   0x00000050   Code   RO          512    i.sl_NetAppSendTokenValue  netapp.o
    0x00002cd8   0x0000006c   Code   RO          615    i.sl_NetCfgGet      netcfg.o
    0x00002d44   0x000000b8   Code   RO          194    i.sl_Start          device.o
    0x00002dfc   0x000001a4   Code   RO         1203    i.sl_WlanConnect    wlan.o
    0x00002fa0   0x00000100   Code   RO          835    i.spi_Open          spi.o
    0x000030a0   0x00000058   Code   RO          836    i.spi_Read          spi.o
    0x000030f8   0x00000054   Code   RO          837    i.spi_Write         spi.o
    0x0000314c   0x00000002   Code   RO           12    i.stopWDT           board.o
    0x0000314e   0x00000002   PAD
    0x00003150   0x00000048   Data   RO          300    .constdata          driver.o
    0x00003198   0x00000028   Data   RO          516    .constdata          netapp.o
    0x000031c0   0x00000008   Data   RO          617    .constdata          netcfg.o
    0x000031c8   0x000000d0   Data   RO          888    .constdata          starter.o
    0x00003298   0x00000028   Data   RO          990    .constdata          uartstdio.o
    0x000032c0   0x00000210   Data   RO         1755    .constdata          driverlib.lib(gpio.o)
    0x000034d0   0x0000010c   Data   RO         2041    .constdata          driverlib.lib(interrupt.o)
    0x000035dc   0x000001c4   Data   RO         2344    .constdata          driverlib.lib(sysctl.o)
    0x000037a0   0x00000055   Data   RO          889    .conststring        starter.o
    0x000037f5   0x00000011   Data   RO          991    .conststring        uartstdio.o
    0x00003806   0x00000002   PAD
    0x00003808   0x00000020   Data   RO         2957    Region$$Table       anon$$obj.o


    Execution Region RW_IRAM (Base: 0x20000000, Size: 0x00004708, Max: 0x00008000, ABSOLUTE)

    Base Addr    Size         Type   Attr      Idx    E Section Name        Object

    0x20000000   0x00000008   Data   RW           13    .data               board.o
    0x20000008   0x00000004   Data   RW          301    .data               driver.o
    0x2000000c   0x00000004   Data   RW          302    .data               driver.o
    0x20000010   0x0000002c   Data   RW          890    .data               starter.o
    0x2000003c   0x0000001c   Data   RW          992    .data               uartstdio.o
    0x20000058   0x00000024   Zero   RW          163    .bss                cmdline.o
    0x2000007c   0x00000164   Zero   RW          299    .bss                driver.o
    0x200001e0   0x00000028   Zero   RW          640    .bss                nonos.o
    0x20000208   0x00000080   Zero   RW          886    .bss                starter.o
    0x20000288   0x00000480   Zero   RW          989    .bss                uartstdio.o
    0x20000708   0x00004000   Zero   RW          962    STACK               startup_rvmdk.o


==============================================================================

Image component sizes


      Code (inc. data)   RO Data    RW Data    ZI Data      Debug   Object Name

       142         28          0          8          0      41787   board.o
       100         10          0          0         36       4836   cmdline.o
       506         26          0          0          0      38944   device.o
      3718        132         72          8        356      20415   driver.o
        48          6          0          0          0        609   flowcont.o
       100         22          0          0          0        509   launchpadswitches.o
       928         44         40          0          0       8629   netapp.o
       108          8          8          0          0       1777   netcfg.o
       156         16          0          0         40       3556   nonos.o
       340         16          0          0          0       3471   socket.o
       428         60          0          0          0       2122   spi.o
      1720       1044        293         44        128       7953   starter.o
       648        622          0          0      16384        288   startup_rvmdk.o
      1438         90         57         28       1152      11349   uartstdio.o
       420          6          0          0          0       2809   wlan.o

    ----------------------------------------------------------------------
     10812       2130        504         88      18096     149054   Object Totals
         0          0         32          0          0          0   (incl. Generated)
        12          0          2          0          0          0   (incl. Padding)

    ----------------------------------------------------------------------

      Code (inc. data)   RO Data    RW Data    ZI Data      Debug   Library Member Name

        38          0          0          0          0        504   cpu.o
        32          8          0          0          0        780   fpu.o
       616          8        528          0          0       6323   gpio.o
       114          8        268          0          0       1774   interrupt.o
       120          0          0          0          0       2749   ssi.o
       690         64        452          0          0       3951   sysctl.o
         6          0          0          0          0        433   uart.o
         0          0          0          0          0          0   entry.o
         0          0          0          0          0          0   entry10a.o
         0          0          0          0          0          0   entry11a.o
         8          4          0          0          0          0   entry2.o
         4          0          0          0          0          0   entry5.o
         0          0          0          0          0          0   entry7b.o
         0          0          0          0          0          0   entry8b.o
         8          4          0          0          0          0   entry9a.o
        30          0          0          0          0          0   handlers.o
        36          8          0          0          0         68   init.o
        36          0          0          0          0         68   memcpya.o
        36          0          0          0          0        108   memseta.o
        28          0          0          0          0         76   strcmp.o

    ----------------------------------------------------------------------
      1812        104       1248          0          0      16834   Library Totals
        10          0          0          0          0          0   (incl. Padding)

    ----------------------------------------------------------------------

      Code (inc. data)   RO Data    RW Data    ZI Data      Debug   Library Name

      1616         88       1248          0          0      16514   driverlib.lib
       186         16          0          0          0        320   mc_w.l

    ----------------------------------------------------------------------
      1812        104       1248          0          0      16834   Library Totals

    ----------------------------------------------------------------------

==============================================================================


      Code (inc. data)   RO Data    RW Data    ZI Data      Debug   

     12624       2234       1752         88      18096     156684   Grand Totals
     12624       2234       1752         88      18096     156684   ELF Image Totals
     12624       2234       1752         88          0          0   ROM Totals

==============================================================================

    Total RO  Size (Code + RO Data)                14376 (  14.04kB)
    Total RW  Size (RW Data + ZI Data)             18184 (  17.76kB)
    Total ROM Size (Code + RO Data + RW Data)      14464 (  14.13kB)

==============================================================================

